Component: ARM Compiler 5.06 update 6 (build 750) Tool: armlink [4d35ed]

==============================================================================

Section Cross References

    main.o(i.main) refers to _printf_percent.o(.ARM.Collect$$_printf_percent$$00000000) for _printf_percent
    main.o(i.main) refers to _printf_s.o(.ARM.Collect$$_printf_percent$$00000014) for _printf_s
    main.o(i.main) refers to _printf_str.o(.text) for _printf_str
    main.o(i.main) refers to _printf_d.o(.ARM.Collect$$_printf_percent$$00000009) for _printf_d
    main.o(i.main) refers to _printf_dec.o(.text) for _printf_int_dec
    main.o(i.main) refers to stm32f1xx_hal.o(i.HAL_Init) for HAL_Init
    main.o(i.main) refers to sys.o(i.Stm32_Clock_Init) for Stm32_Clock_Init
    main.o(i.main) refers to delay.o(i.delay_init) for delay_init
    main.o(i.main) refers to c_adc.o(i.MX_DMA_Init_) for MX_DMA_Init_
    main.o(i.main) refers to c_adc.o(i.MY_ADC_Init) for MY_ADC_Init
    main.o(i.main) refers to noretval__2printf.o(.text) for __2printf
    main.o(i.main) refers to stm32f1xx_hal_rcc.o(i.HAL_RCC_GetHCLKFreq) for HAL_RCC_GetHCLKFreq
    main.o(i.main) refers to stm32f1xx_hal_adc.o(i.HAL_ADC_Start_DMA) for HAL_ADC_Start_DMA
    main.o(i.main) refers to tasks.o(i.xTaskCreate) for xTaskCreate
    main.o(i.main) refers to tasks.o(i.vTaskStartScheduler) for vTaskStartScheduler
    main.o(i.main) refers to c_usart.o(.data) for C_USART
    main.o(i.main) refers to c_pwm.o(.data) for C_PWM
    main.o(i.main) refers to main.o(.conststring) for .conststring
    main.o(i.main) refers to main.o(.data) for .data
    main.o(i.main) refers to c_adc.o(.bss) for hadc1
    main.o(i.main) refers to main.o(i.start_task) for start_task
    main.o(i.start_task) refers to port.o(i.vPortEnterCritical) for vPortEnterCritical
    main.o(i.start_task) refers to tasks.o(i.xTaskCreate) for xTaskCreate
    main.o(i.start_task) refers to tasks.o(i.vTaskDelete) for vTaskDelete
    main.o(i.start_task) refers to port.o(i.vPortExitCritical) for vPortExitCritical
    main.o(i.start_task) refers to a0_task.o(.data) for A0Task_Handler
    main.o(i.start_task) refers to a0_task.o(i.A0_task) for A0_task
    main.o(i.start_task) refers to b0_task.o(.data) for B0Task_Handler
    main.o(i.start_task) refers to b0_task.o(i.B0_task) for B0_task
    main.o(i.start_task) refers to main.o(.data) for .data
    timer.o(i.Timer_Run) refers to timer.o(.data) for .data
    timer.o(.data) refers to timer.o(i.Timer_Run) for Timer_Run
    stm32f1xx_hal.o(i.HAL_DeInit) refers to stm32f1xx_hal.o(i.HAL_MspDeInit) for HAL_MspDeInit
    stm32f1xx_hal.o(i.HAL_Delay) refers to stm32f1xx_hal.o(i.HAL_GetTick) for HAL_GetTick
    stm32f1xx_hal.o(i.HAL_Delay) refers to stm32f1xx_hal.o(.data) for .data
    stm32f1xx_hal.o(i.HAL_GetTick) refers to stm32f1xx_hal.o(.data) for .data
    stm32f1xx_hal.o(i.HAL_GetTickFreq) refers to stm32f1xx_hal.o(.data) for .data
    stm32f1xx_hal.o(i.HAL_GetTickPrio) refers to stm32f1xx_hal.o(.data) for .data
    stm32f1xx_hal.o(i.HAL_IncTick) refers to stm32f1xx_hal.o(.data) for .data
    stm32f1xx_hal.o(i.HAL_Init) refers to stm32f1xx_hal_cortex.o(i.HAL_NVIC_SetPriorityGrouping) for HAL_NVIC_SetPriorityGrouping
    stm32f1xx_hal.o(i.HAL_Init) refers to stm32f1xx_hal.o(i.HAL_InitTick) for HAL_InitTick
    stm32f1xx_hal.o(i.HAL_Init) refers to stm32f1xx_hal_msp.o(i.HAL_MspInit) for HAL_MspInit
    stm32f1xx_hal.o(i.HAL_InitTick) refers to stm32f1xx_hal_cortex.o(i.HAL_SYSTICK_Config) for HAL_SYSTICK_Config
    stm32f1xx_hal.o(i.HAL_InitTick) refers to stm32f1xx_hal_cortex.o(i.HAL_NVIC_SetPriority) for HAL_NVIC_SetPriority
    stm32f1xx_hal.o(i.HAL_InitTick) refers to stm32f1xx_hal.o(.data) for .data
    stm32f1xx_hal.o(i.HAL_InitTick) refers to system_stm32f1xx.o(.data) for SystemCoreClock
    stm32f1xx_hal.o(i.HAL_SetTickFreq) refers to stm32f1xx_hal.o(i.HAL_InitTick) for HAL_InitTick
    stm32f1xx_hal.o(i.HAL_SetTickFreq) refers to stm32f1xx_hal.o(.data) for .data
    stm32f1xx_hal_cortex.o(i.HAL_NVIC_SetPriority) refers to stm32f1xx_hal_cortex.o(i.__NVIC_SetPriority) for __NVIC_SetPriority
    stm32f1xx_hal_cortex.o(i.HAL_SYSTICK_Config) refers to stm32f1xx_hal_cortex.o(i.__NVIC_SetPriority) for __NVIC_SetPriority
    stm32f1xx_hal_cortex.o(i.HAL_SYSTICK_IRQHandler) refers to stm32f1xx_hal_cortex.o(i.HAL_SYSTICK_Callback) for HAL_SYSTICK_Callback
    stm32f1xx_hal_gpio.o(i.HAL_GPIO_EXTI_IRQHandler) refers to stm32f1xx_hal_gpio.o(i.HAL_GPIO_EXTI_Callback) for HAL_GPIO_EXTI_Callback
    stm32f1xx_hal_pwr.o(i.HAL_PWR_EnterSTOPMode) refers to stm32f1xx_hal_pwr.o(i.PWR_OverloadWfe) for PWR_OverloadWfe
    stm32f1xx_hal_pwr.o(i.HAL_PWR_PVD_IRQHandler) refers to stm32f1xx_hal_pwr.o(i.HAL_PWR_PVDCallback) for HAL_PWR_PVDCallback
    stm32f1xx_hal_rcc.o(i.HAL_RCC_ClockConfig) refers to stm32f1xx_hal.o(i.HAL_GetTick) for HAL_GetTick
    stm32f1xx_hal_rcc.o(i.HAL_RCC_ClockConfig) refers to stm32f1xx_hal_rcc.o(i.HAL_RCC_GetSysClockFreq) for HAL_RCC_GetSysClockFreq
[...]
    i.uxListRemove                           0x08003874   Section        0  list.o(i.uxListRemove)
    i.vListInitialise                        0x08003898   Section        0  list.o(i.vListInitialise)
    i.vListInitialiseItem                    0x080038ae   Section        0  list.o(i.vListInitialiseItem)
    i.vListInsert                            0x080038b4   Section        0  list.o(i.vListInsert)
    i.vListInsertEnd                         0x080038e4   Section        0  list.o(i.vListInsertEnd)
    i.vPortEnterCritical                     0x080038fc   Section        0  port.o(i.vPortEnterCritical)
    i.vPortExitCritical                      0x08003974   Section        0  port.o(i.vPortExitCritical)
    i.vPortFree                              0x080039d8   Section        0  heap_4.o(i.vPortFree)
    i.vPortSetupTimerInterrupt               0x08003a78   Section        0  port.o(i.vPortSetupTimerInterrupt)
    i.vPortValidateInterruptPriority         0x08003a98   Section        0  port.o(i.vPortValidateInterruptPriority)
    i.vQueueAddToRegistry                    0x08003b24   Section        0  queue.o(i.vQueueAddToRegistry)
    i.vQueueWaitForMessageRestricted         0x08003b4c   Section        0  queue.o(i.vQueueWaitForMessageRestricted)
    i.vTaskDelay                             0x08003b90   Section        0  tasks.o(i.vTaskDelay)
    i.vTaskDelete                            0x08003c00   Section        0  tasks.o(i.vTaskDelete)
    i.vTaskMissedYield                       0x08003cd0   Section        0  tasks.o(i.vTaskMissedYield)
    i.vTaskPlaceOnEventList                  0x08003cdc   Section        0  tasks.o(i.vTaskPlaceOnEventList)
    i.vTaskPlaceOnEventListRestricted        0x08003d34   Section        0  tasks.o(i.vTaskPlaceOnEventListRestricted)
    i.vTaskPriorityInherit                   0x08003d94   Section        0  tasks.o(i.vTaskPriorityInherit)
    i.vTaskSetTimeOutState                   0x08003e18   Section        0  tasks.o(i.vTaskSetTimeOutState)
    i.vTaskStartScheduler                    0x08003e64   Section        0  tasks.o(i.vTaskStartScheduler)
    i.vTaskSuspendAll                        0x08003efc   Section        0  tasks.o(i.vTaskSuspendAll)
    i.vTaskSwitchContext                     0x08003f0c   Section        0  tasks.o(i.vTaskSwitchContext)
    i.xPortStartScheduler                    0x08003f8c   Section        0  port.o(i.xPortStartScheduler)
    i.xPortSysTickHandler                    0x08004000   Section        0  port.o(i.xPortSysTickHandler)
    i.xQueueGenericCreate                    0x0800402c   Section        0  queue.o(i.xQueueGenericCreate)
    i.xQueueGenericReceive                   0x080040a8   Section        0  queue.o(i.xQueueGenericReceive)
    i.xQueueGenericReset                     0x08004230   Section        0  queue.o(i.xQueueGenericReset)
    i.xQueueGenericSend                      0x080042dc   Section        0  queue.o(i.xQueueGenericSend)
    i.xQueueGenericSendFromISR               0x08004460   Section        0  queue.o(i.xQueueGenericSendFromISR)
    i.xTaskCheckForTimeOut                   0x08004548   Section        0  tasks.o(i.xTaskCheckForTimeOut)
    i.xTaskCreate                            0x080045d4   Section        0  tasks.o(i.xTaskCreate)
    i.xTaskGetSchedulerState                 0x0800462c   Section        0  tasks.o(i.xTaskGetSchedulerState)
    i.xTaskGetTickCount                      0x08004648   Section        0  tasks.o(i.xTaskGetTickCount)
    i.xTaskIncrementTick                     0x08004654   Section        0  tasks.o(i.xTaskIncrementTick)
    i.xTaskPriorityDisinherit                0x08004740   Section        0  tasks.o(i.xTaskPriorityDisinherit)
    i.xTaskRemoveFromEventList               0x080047f8   Section        0  tasks.o(i.xTaskRemoveFromEventList)
    i.xTaskResumeAll                         0x08004894   Section        0  tasks.o(i.xTaskResumeAll)
    i.xTimerCreate                           0x08004980   Section        0  timers.o(i.xTimerCreate)
    i.xTimerCreateTimerTask                  0x080049f4   Section        0  timers.o(i.xTimerCreateTimerTask)
    i.xTimerGenericCommand                   0x08004a68   Section        0  timers.o(i.xTimerGenericCommand)
    x$fpl$d2f                                0x08004af8   Section       98  d2f.o(x$fpl$d2f)
    x$fpl$dadd                               0x08004b5c   Section      336  daddsub_clz.o(x$fpl$dadd)
    _dadd1                                   0x08004b6d   Thumb Code     0  daddsub_clz.o(x$fpl$dadd)
    x$fpl$dnaninf                            0x08004cac   Section      156  dnaninf.o(x$fpl$dnaninf)
    x$fpl$dretinf                            0x08004d48   Section       12  dretinf.o(x$fpl$dretinf)
    x$fpl$dsub                               0x08004d54   Section      468  daddsub_clz.o(x$fpl$dsub)
    _dsub1                                   0x08004d65   Thumb Code     0  daddsub_clz.o(x$fpl$dsub)
    x$fpl$f2d                                0x08004f28   Section       86  f2d.o(x$fpl$f2d)
    x$fpl$ffix                               0x08004f80   Section       54  ffix.o(x$fpl$ffix)
    x$fpl$fflt                               0x08004fb8   Section       48  fflt_clz.o(x$fpl$fflt)
    x$fpl$fmul                               0x08004fe8   Section      258  fmul.o(x$fpl$fmul)
    x$fpl$fnaninf                            0x080050ea   Section      140  fnaninf.o(x$fpl$fnaninf)
    x$fpl$fretinf                            0x08005176   Section       10  fretinf.o(x$fpl$fretinf)
    .constdata                               0x08005180   Section       16  system_stm32f1xx.o(.constdata)
    x$fpl$usenofp                            0x08005180   Section        0  usenofp.o(x$fpl$usenofp)
    .constdata                               0x08005190   Section        8  system_stm32f1xx.o(.constdata)
    .conststring                             0x08005198   Section       83  main.o(.conststring)
    .data                                    0x20000000   Section       10  main.o(.data)
    .data                                    0x2000000c   Section       20  timer.o(.data)
    .data                                    0x20000020   Section       12  stm32f1xx_hal.o(.data)
    .data                                    0x2000002c   Section        4  system_stm32f1xx.o(.data)
    .data                                    0x20000030   Section        8  delay.o(.data)
    fac_ms                                   0x20000030   Data           2  delay.o(.data)
    fac_us                                   0x20000034   Data           4  delay.o(.data)
    .data                                    0x20000038   Section     1857  c_usart.o(.data)
    .data                                    0x2000077c   Section        4  c_usart.o(.data)
    .data                                    0x20000780   Section       16  c_pwm.o(.data)
    .data                                    0x20000790   Section        4  c_pwm.o(.data)
    .data                                    0x20000794   Section       24  c_send.o(.data)
    .data                                    0x200007ac   Section       60  tasks.o(.data)
    uxDeletedTasksWaitingCleanUp             0x200007b0   Data           4  tasks.o(.data)
    uxCurrentNumberOfTasks                   0x200007b4   Data           4  tasks.o(.data)
    xTickCount                               0x200007b8   Data           4  tasks.o(.data)
    uxTopReadyPriority                       0x200007bc   Data           4  tasks.o(.data)
    xSchedulerRunning                        0x200007c0   Data           4  tasks.o(.data)
    uxPendedTicks                            0x200007c4   Data           4  tasks.o(.data)
    xYieldPending                            0x200007c8   Data           4  tasks.o(.data)
    xNumOfOverflows                          0x200007cc   Data           4  tasks.o(.data)
    uxTaskNumber                             0x200007d0   Data           4  tasks.o(.data)
    xNextTaskUnblockTime                     0x200007d4   Data           4  tasks.o(.data)
    xIdleTaskHandle                          0x200007d8   Data           4  tasks.o(.data)
    uxSchedulerSuspended                     0x200007dc   Data           4  tasks.o(.data)
    pxDelayedTaskList                        0x200007e0   Data           4  tasks.o(.data)
    pxOverflowDelayedTaskList                0x200007e4   Data           4  tasks.o(.data)
    .data                                    0x200007e8   Section       20  timers.o(.data)
    xTimerQueue                              0x200007e8   Data           4  timers.o(.data)
    xTimerTaskHandle                         0x200007ec   Data           4  timers.o(.data)
    xLastTime                                0x200007f0   Data           4  timers.o(.data)
    pxCurrentTimerList                       0x200007f4   Data           4  timers.o(.data)
    pxOverflowTimerList                      0x200007f8   Data           4  timers.o(.data)
    .data                                    0x200007fc   Section       12  port.o(.data)
    ucMaxSysCallPriority                     0x200007fc   Data           1  port.o(.data)
    uxCriticalNesting                        0x20000800   Data           4  port.o(.data)
    ulMaxPRIGROUPValue                       0x20000804   Data           4  port.o(.data)
    .data                                    0x20000808   Section       24  heap_4.o(.data)
    pxEnd                                    0x20000808   Data           4  heap_4.o(.data)
    xFreeBytesRemaining                      0x2000080c   Data           4  heap_4.o(.data)
    xMinimumEverFreeBytesRemaining           0x20000810   Data           4  heap_4.o(.data)
    xBlockAllocatedBit                       0x20000814   Data           4  heap_4.o(.data)
    xStart                                   0x20000818   Data           8  heap_4.o(.data)
    .data                                    0x20000820   Section        4  a0_task.o(.data)
    .data                                    0x20000824   Section        4  b0_task.o(.data)
    .bss                                     0x20000828   Section      192  c_usart.o(.bss)
    .bss                                     0x200008e8   Section       64  c_time.o(.bss)
    .bss                                     0x20000928   Section      116  c_adc.o(.bss)
    .bss                                     0x2000099c   Section      276  c_pwm.o(.bss)
    .bss                                     0x20000ab0   Section       20  c_send.o(.bss)
    .bss                                     0x20000ac4   Section       64  queue.o(.bss)
    .bss                                     0x20000b04   Section      740  tasks.o(.bss)
    pxReadyTasksLists                        0x20000b04   Data         640  tasks.o(.bss)
    xDelayedTaskList1                        0x20000d84   Data          20  tasks.o(.bss)
    xDelayedTaskList2                        0x20000d98   Data          20  tasks.o(.bss)
    xPendingReadyList                        0x20000dac   Data          20  tasks.o(.bss)
    xTasksWaitingTermination                 0x20000dc0   Data          20  tasks.o(.bss)
    xSuspendedTaskList                       0x20000dd4   Data          20  tasks.o(.bss)
    .bss                                     0x20000de8   Section       40  timers.o(.bss)
    xActiveTimerList1                        0x20000de8   Data          20  timers.o(.bss)
    xActiveTimerList2                        0x20000dfc   Data          20  timers.o(.bss)
    .bss                                     0x20000e10   Section    20480  heap_4.o(.bss)
    ucHeap                                   0x20000e10   Data       20480  heap_4.o(.bss)
    .bss                                     0x20005e10   Section       96  libspace.o(.bss)
    HEAP                                     0x20005e70   Section      512  startup_stm32f103xe.o(HEAP)
    Heap_Mem                                 0x20005e70   Data         512  startup_stm32f103xe.o(HEAP)
    STACK                                    0x20006070   Section     1024  startup_stm32f103xe.o(STACK)
    Stack_Mem                                0x20006070   Data        1024  startup_stm32f103xe.o(STACK)
    __initial_sp                             0x20006470   Data           0  startup_stm32f103xe.o(STACK)

    Global Symbols

    Symbol Name                              Value     Ov Type        Size  Object(Section)

    BuildAttributes$$THM_ISAv4$P$D$K$B$S$PE$A:L22UL41UL21$X:L11$S22US41US21$IEEE1$IW$USESV6$~STKCKD$USESV7$~SHL$OSPACE$ROPI$EBA8$UX$STANDARDLIB$REQ8$PRES8$EABIv2 0x00000000   Number         0  anon$$obj.o ABSOLUTE
    __ARM_use_no_argv                        0x00000000   Number         0  main.o ABSOLUTE
    _printf_flags                            0x00000000   Number         0  printf_stubs.o ABSOLUTE
    _printf_return_value                     0x00000000   Number         0  printf_stubs.o ABSOLUTE
    _printf_sizespec                         0x00000000   Number         0  printf_stubs.o ABSOLUTE
    _printf_widthprec                        0x00000000   Number         0  printf_stubs.o ABSOLUTE
    __ARM_exceptions_init                     - Undefined Weak Reference
    __alloca_initialize                       - Undefined Weak Reference
    __arm_preinit_                            - Undefined Weak Reference
    __cpp_initialize__aeabi_                  - Undefined Weak Reference
    __cxa_finalize                            - Undefined Weak Reference
    __rt_locale                               - Undefined Weak Reference
    __sigvec_lookup                           - Undefined Weak Reference
    _atexit_init                              - Undefined Weak Reference
    _call_atexit_fns                          - Undefined Weak Reference
    _clock_init                               - Undefined Weak Reference
    _fp_trap_init                             - Undefined Weak Reference
    _fp_trap_shutdown                         - Undefined Weak Reference
    _get_lc_collate                           - Undefined Weak Reference
    _get_lc_ctype                             - Undefined Weak Reference
    _get_lc_monetary                          - Undefined Weak Reference
    _get_lc_numeric                           - Undefined Weak Reference
    _get_lc_time                              - Undefined Weak Reference
    _getenv_init                              - Undefined Weak Reference
    _handle_redirection                       - Undefined Weak Reference
    _init_alloc                               - Undefined Weak Reference
    _init_user_alloc                          - Undefined Weak Reference
    _initio                                   - Undefined Weak Reference
    _mutex_acquire                            - Undefined Weak Reference
    _mutex_release                            - Undefined Weak Reference
    _printf_mbtowc                            - Undefined Weak Reference
    _printf_post_padding                      - Undefined Weak Reference
    _printf_pre_padding                       - Undefined Weak Reference
    _printf_truncate_signed                   - Undefined Weak Reference
    _printf_truncate_unsigned                 - Undefined Weak Reference
    _rand_init                                - Undefined Weak Reference
    _signal_finish                            - Undefined Weak Reference
    _signal_init                              - Undefined Weak Reference
    _terminate_alloc                          - Undefined Weak Reference
    _terminate_user_alloc                     - Undefined Weak Reference
    _terminateio                              - Undefined Weak Reference
    __Vectors_Size                           0x00000130   Number         0  startup_stm32f103xe.o ABSOLUTE
    __Vectors                                0x08000000   Data           4  startup_stm32f103xe.o(RESET)
    __Vectors_End                            0x08000130   Data           0  startup_stm32f103xe.o(RESET)
    __main                                   0x08000131   Thumb Code     8  __main.o(!!!main)
    __scatterload                            0x08000139   Thumb Code     0  __scatter.o(!!!scatter)
    __scatterload_rt2                        0x08000139   Thumb Code    44  __scatter.o(!!!scatter)
    __scatterload_rt2_thumb_only             0x08000139   Thumb Code     0  __scatter.o(!!!scatter)
    __scatterload_null                       0x08000147   Thumb Code     0  __scatter.o(!!!scatter)
    __decompress                             0x0800016d   Thumb Code    90  __dczerorl2.o(!!dczerorl2)
    __decompress1                            0x0800016d   Thumb Code     0  __dczerorl2.o(!!dczerorl2)
    __scatterload_zeroinit                   0x080001c9   Thumb Code    28  __scatter_zi.o(!!handler_zi)
    _printf_d                                0x080001e5   Thumb Code     0  _printf_d.o(.ARM.Collect$$_printf_percent$$00000009)
    _printf_percent                          0x080001e5   Thumb Code     0  _printf_percent.o(.ARM.Collect$$_printf_percent$$00000000)
    _printf_s                                0x080001eb   Thumb Code     0  _printf_s.o(.ARM.Collect$$_printf_percent$$00000014)
    _printf_percent_end                      0x080001f1   Thumb Code     0  _printf_percent_end.o(.ARM.Collect$$_printf_percent$$00000017)
    __rt_lib_init                            0x080001f5   Thumb Code     0  libinit.o(.ARM.Collect$$libinit$$00000000)
    __rt_lib_init_alloca_1                   0x080001f7   Thumb Code     0  libinit2.o(.ARM.Collect$$libinit$$0000002E)
    __rt_lib_init_argv_1                     0x080001f7   Thumb Code     0  libinit2.o(.ARM.Collect$$libinit$$0000002C)
    __rt_lib_init_atexit_1                   0x080001f7   Thumb Code     0  libinit2.o(.ARM.Collect$$libinit$$0000001B)
    __rt_lib_init_clock_1                    0x080001f7   Thumb Code     0  libinit2.o(.ARM.Collect$$libinit$$00000021)
    __rt_lib_init_cpp_1                      0x080001f7   Thumb Code     0  libinit2.o(.ARM.Collect$$libinit$$00000032)
    __rt_lib_init_exceptions_1               0x080001f7   Thumb Code     0  libinit2.o(.ARM.Collect$$libinit$$00000030)
    __rt_lib_init_fp_1                       0x080001f7   Thumb Code     0  libinit2.o(.ARM.Collect$$libinit$$00000002)
    __rt_lib_init_fp_trap_1                  0x080001f7   Thumb Code     0  libinit2.o(.ARM.Collect$$libinit$$0000001F)
    __rt_lib_init_getenv_1                   0x080001f7   Thumb Code     0  libinit2.o(.ARM.Collect$$libinit$$00000023)
    __rt_lib_init_heap_1                     0x080001f7   Thumb Code     0  libinit2.o(.ARM.Collect$$libinit$$0000000A)
    __rt_lib_init_lc_collate_1               0x080001f7   Thumb Code     0  libinit2.o(.ARM.Collect$$libinit$$00000011)
    __rt_lib_init_lc_ctype_1                 0x080001f7   Thumb Code     0  libinit2.o(.ARM.Collect$$libinit$$00000013)
    __rt_lib_init_lc_monetary_1              0x080001f7   Thumb Code     0  libinit2.o(.ARM.Collect$$libinit$$00000015)
    __rt_lib_init_lc_numeric_1               0x080001f7   Thumb Code     0  libinit2.o(.ARM.Collect$$libinit$$00000017)
    __rt_lib_init_lc_time_1                  0x080001f7   Thumb Code     0  libinit2.o(.ARM.Collect$$libinit$$00000019)
    __rt_lib_init_preinit_1                  0x080001f7   Thumb Code     0  libinit2.o(.ARM.Collect$$libinit$$00000004)
    __rt_lib_init_rand_1                     0x080001f7   Thumb Code     0  libinit2.o(.ARM.Collect$$libinit$$0000000E)
    __rt_lib_init_return                     0x080001f7   Thumb Code     0  libinit2.o(.ARM.Collect$$libinit$$00000033)
    __rt_lib_init_signal_1                   0x080001f7   Thumb Code     0  libinit2.o(.ARM.Collect$$libinit$$0000001D)
    __rt_lib_init_stdio_1                    0x080001f7   Thumb Code     0  libinit2.o(.ARM.Collect$$libinit$$00000025)
    __rt_lib_init_user_alloc_1               0x080001f7   Thumb Code     0  libinit2.o(.ARM.Collect$$libinit$$0000000C)
    __rt_lib_shutdown                        0x080001f9   Thumb Code     0  libshutdown.o(.ARM.Collect$$libshutdown$$00000000)
    __rt_lib_shutdown_cpp_1                  0x080001fb   Thumb Code     0  libshutdown2.o(.ARM.Collect$$libshutdown$$00000002)
    __rt_lib_shutdown_fp_trap_1              0x080001fb   Thumb Code     0  libshutdown2.o(.ARM.Collect$$libshutdown$$00000007)
    __rt_lib_shutdown_heap_1                 0x080001fb   Thumb Code     0  libshutdown2.o(.ARM.Collect$$libshutdown$$0000000F)
    __rt_lib_shutdown_return                 0x080001fb   Thumb Code     0  libshutdown2.o(.ARM.Collect$$libshutdown$$00000010)
    __rt_lib_shutdown_signal_1               0x080001fb   Thumb Code     0  libshutdown2.o(.ARM.Collect$$libshutdown$$0000000A)
    __rt_lib_shutdown_stdio_1                0x080001fb   Thumb Code     0  libshutdown2.o(.ARM.Collect$$libshutdown$$00000004)
    __rt_lib_shutdown_user_alloc_1           0x080001fb   Thumb Code     0  libshutdown2.o(.ARM.Collect$$libshutdown$$0000000C)
    __rt_entry                               0x080001fd   Thumb Code     0  __rtentry.o(.ARM.Collect$$rtentry$$00000000)
    __rt_entry_presh_1                       0x080001fd   Thumb Code     0  __rtentry2.o(.ARM.Collect$$rtentry$$00000002)
    __rt_entry_sh                            0x080001fd   Thumb Code     0  __rtentry4.o(.ARM.Collect$$rtentry$$00000004)
    __rt_entry_li                            0x08000203   Thumb Code     0  __rtentry2.o(.ARM.Collect$$rtentry$$0000000A)
    __rt_entry_postsh_1                      0x08000203   Thumb Code     0  __rtentry2.o(.ARM.Collect$$rtentry$$00000009)
    __rt_entry_main                          0x08000207   Thumb Code     0  __rtentry2.o(.ARM.Collect$$rtentry$$0000000D)
    __rt_entry_postli_1                      0x08000207   Thumb Code     0  __rtentry2.o(.ARM.Collect$$rtentry$$0000000C)
    __rt_exit                                0x0800020f   Thumb Code     0  rtexit.o(.ARM.Collect$$rtexit$$00000000)
    __rt_exit_ls                             0x08000211   Thumb Code     0  rtexit2.o(.ARM.Collect$$rtexit$$00000003)
    __rt_exit_prels_1                        0x08000211   Thumb Code     0  rtexit2.o(.ARM.Collect$$rtexit$$00000002)
    __rt_exit_exit                           0x08000215   Thumb Code     0  rtexit2.o(.ARM.Collect$$rtexit$$00000004)
    SVC_Handler                              0x0800021d   Thumb Code    32  port.o(.emb_text)
    __asm___6_port_c_39a90d8d__prvStartFirstTask 0x08000241   Thumb Code    28  port.o(.emb_text)
    PendSV_Handler                           0x08000261   Thumb Code    72  port.o(.emb_text)
    vPortGetIPSR                             0x080002ad   Thumb Code     6  port.o(.emb_text)
    Reset_Handler                            0x080002b5   Thumb Code     8  startup_stm32f103xe.o(.text)
    ADC1_2_IRQHandler                        0x080002cf   Thumb Code     0  startup_stm32f103xe.o(.text)
    ADC3_IRQHandler                          0x080002cf   Thumb Code     0  startup_stm32f103xe.o(.text)
    CAN1_RX1_IRQHandler                      0x080002cf   Thumb Code     0  startup_stm32f103xe.o(.text)
    CAN1_SCE_IRQHandler                      0x080002cf   Thumb Code     0  startup_stm32f103xe.o(.text)
    DMA1_Channel2_IRQHandler                 0x080002cf   Thumb Code     0  startup_stm32f103xe.o(.text)
    DMA1_Channel3_IRQHandler                 0x080002cf   Thumb Code     0  startup_stm32f103xe.o(.text)
    DMA1_Channel4_IRQHandler                 0x080002cf   Thumb Code     0  startup_stm32f103xe.o(.text)
    DMA1_Channel5_IRQHandler                 0x080002cf   Thumb Code     0  startup_stm32f103xe.o(.text)
    DMA1_Channel6_IRQHandler                 0x080002cf   Thumb Code     0  startup_stm32f103xe.o(.text)
    DMA1_Channel7_IRQHandler                 0x080002cf   Thumb Code     0  startup_stm32f103xe.o(.text)
    DMA2_Channel1_IRQHandler                 0x080002cf   Thumb Code     0  startup_stm32f103xe.o(.text)
    DMA2_Channel2_IRQHandler                 0x080002cf   Thumb Code     0  startup_stm32f103xe.o(.text)
    DMA2_Channel3_IRQHandler                 0x080002cf   Thumb Code     0  startup_stm32f103xe.o(.text)
    DMA2_Channel4_5_IRQHandler               0x080002cf   Thumb Code     0  startup_stm32f103xe.o(.text)
    EXTI0_IRQHandler                         0x080002cf   Thumb Code     0  startup_stm32f103xe.o(.text)
    EXTI15_10_IRQHandler                     0x080002cf   Thumb Code     0  startup_stm32f103xe.o(.text)
    EXTI1_IRQHandler                         0x080002cf   Thumb Code     0  startup_stm32f103xe.o(.text)
    EXTI2_IRQHandler                         0x080002cf   Thumb Code     0  startup_stm32f103xe.o(.text)
    EXTI3_IRQHandler                         0x080002cf   Thumb Code     0  startup_stm32f103xe.o(.text)
    EXTI4_IRQHandler                         0x080002cf   Thumb Code     0  startup_stm32f103xe.o(.text)
    EXTI9_5_IRQHandler                       0x080002cf   Thumb Code     0  startup_stm32f103xe.o(.text)
    FLASH_IRQHandler                         0x080002cf   Thumb Code     0  startup_stm32f103xe.o(.text)
    FSMC_IRQHandler                          0x080002cf   Thumb Code     0  startup_stm32f103xe.o(.text)
    I2C1_ER_IRQHandler                       0x080002cf   Thumb Code     0  startup_stm32f103xe.o(.text)
    I2C1_EV_IRQHandler                       0x080002cf   Thumb Code     0  startup_stm32f103xe.o(.text)
    I2C2_ER_IRQHandler                       0x080002cf   Thumb Code     0  startup_stm32f103xe.o(.text)
    I2C2_EV_IRQHandler                       0x080002cf   Thumb Code     0  startup_stm32f103xe.o(.text)
    PVD_IRQHandler                           0x080002cf   Thumb Code     0  startup_stm32f103xe.o(.text)
    RCC_IRQHandler                           0x080002cf   Thumb Code     0  startup_stm32f103xe.o(.text)
    RTC_Alarm_IRQHandler                     0x080002cf   Thumb Code     0  startup_stm32f103xe.o(.text)
    RTC_IRQHandler                           0x080002cf   Thumb Code     0  startup_stm32f103xe.o(.text)
    SDIO_IRQHandler                          0x080002cf   Thumb Code     0  startup_stm32f103xe.o(.text)
    SPI1_IRQHandler                          0x080002cf   Thumb Code     0  startup_stm32f103xe.o(.text)
    SPI2_IRQHandler                          0x080002cf   Thumb Code     0  startup_stm32f103xe.o(.text)
    SPI3_IRQHandler                          0x080002cf   Thumb Code     0  startup_stm32f103xe.o(.text)
    TAMPER_IRQHandler                        0x080002cf   Thumb Code     0  startup_stm32f103xe.o(.text)
    TIM1_BRK_IRQHandler                      0x080002cf   Thumb Code     0  startup_stm32f103xe.o(.text)
    TIM1_CC_IRQHandler                       0x080002cf   Thumb Code     0  startup_stm32f103xe.o(.text)
    TIM1_TRG_COM_IRQHandler                  0x080002cf   Thumb Code     0  startup_stm32f103xe.o(.text)
    TIM1_UP_IRQHandler                       0x080002cf   Thumb Code     0  startup_stm32f103xe.o(.text)
    TIM2_IRQHandler                          0x080002cf   Thumb Code     0  startup_stm32f103xe.o(.text)
    TIM4_IRQHandler                          0x080002cf   Thumb Code     0  startup_stm32f103xe.o(.text)
    TIM5_IRQHandler                          0x080002cf   Thumb Code     0  startup_stm32f103xe.o(.text)
    TIM6_IRQHandler                          0x080002cf   Thumb Code     0  startup_stm32f103xe.o(.text)
    TIM7_IRQHandler                          0x080002cf   Thumb Code     0  startup_stm32f103xe.o(.text)
    TIM8_BRK_IRQHandler                      0x080002cf   Thumb Code     0  startup_stm32f103xe.o(.text)
    TIM8_CC_IRQHandler                       0x080002cf   Thumb Code     0  startup_stm32f103xe.o(.text)
    TIM8_TRG_COM_IRQHandler                  0x080002cf   Thumb Code     0  startup_stm32f103xe.o(.text)
    TIM8_UP_IRQHandler                       0x080002cf   Thumb Code     0  startup_stm32f103xe.o(.text)
    UART4_IRQHandler                         0x080002cf   Thumb Code     0  startup_stm32f103xe.o(.text)
    UART5_IRQHandler                         0x080002cf   Thumb Code     0  startup_stm32f103xe.o(.text)
    USBWakeUp_IRQHandler                     0x080002cf   Thumb Code     0  startup_stm32f103xe.o(.text)
    USB_HP_CAN1_TX_IRQHandler                0x080002cf   Thumb Code     0  startup_stm32f103xe.o(.text)
    USB_LP_CAN1_RX0_IRQHandler               0x080002cf   Thumb Code     0  startup_stm32f103xe.o(.text)
    WWDG_IRQHandler                          0x080002cf   Thumb Code     0  startup_stm32f103xe.o(.text)
    __user_initial_stackheap                 0x080002d1   Thumb Code     0  startup_stm32f103xe.o(.text)
    __use_no_semihosting                     0x080002f5   Thumb Code     2  use_no_semi_2.o(.text)
    __2printf                                0x080002f9   Thumb Code    20  noretval__2printf.o(.text)
    _printf_str                              0x08000311   Thumb Code    82  _printf_str.o(.text)
    _printf_int_dec                          0x08000365   Thumb Code   104  _printf_dec.o(.text)
    __printf                                 0x080003dd   Thumb Code   184  __printf_ss.o(.text)
    __aeabi_memcpy                           0x08000495   Thumb Code     0  rt_memcpy_v6.o(.text)
    __rt_memcpy                              0x08000495   Thumb Code   138  rt_memcpy_v6.o(.text)
    _memcpy_lastbytes                        0x080004fb   Thumb Code     0  rt_memcpy_v6.o(.text)
    __aeabi_memset                           0x0800051f   Thumb Code    16  aeabi_memset.o(.text)
    __use_two_region_memory                  0x0800052f   Thumb Code     2  heapauxi.o(.text)
    __rt_heap_escrow$2region                 0x08000531   Thumb Code     2  heapauxi.o(.text)
    __rt_heap_expand$2region                 0x08000533   Thumb Code     2  heapauxi.o(.text)
    __I$use$semihosting                      0x08000535   Thumb Code     0  use_no_semi.o(.text)
    __use_no_semihosting_swi                 0x08000535   Thumb Code     2  use_no_semi.o(.text)
    _printf_int_common                       0x08000537   Thumb Code   178  _printf_intcommon.o(.text)
    _printf_char_common                      0x080005f3   Thumb Code    32  _printf_char_common.o(.text)
    _printf_cs_common                        0x08000619   Thumb Code    20  _printf_char.o(.text)
    _printf_char                             0x0800062d   Thumb Code    16  _printf_char.o(.text)
    _printf_string                           0x0800063d   Thumb Code     8  _printf_char.o(.text)
    _printf_char_file                        0x08000645   Thumb Code    32  _printf_char_file.o(.text)
    __aeabi_memcpy4                          0x08000669   Thumb Code     0  rt_memcpy_w.o(.text)
    __aeabi_memcpy8                          0x08000669   Thumb Code     0  rt_memcpy_w.o(.text)
    __rt_memcpy_w                            0x08000669   Thumb Code   100  rt_memcpy_w.o(.text)
    _memcpy_lastbytes_aligned                0x080006b1   Thumb Code     0  rt_memcpy_w.o(.text)
    __aeabi_memclr                           0x080006cd   Thumb Code     0  rt_memclr.o(.text)
    __rt_memclr                              0x080006cd   Thumb Code    68  rt_memclr.o(.text)
    _memset                                  0x080006d1   Thumb Code     0  rt_memclr.o(.text)
    ferror                                   0x08000711   Thumb Code     8  ferror.o(.text)
    __aeabi_memclr4                          0x08000719   Thumb Code     0  rt_memclr_w.o(.text)
    __aeabi_memclr8                          0x08000719   Thumb Code     0  rt_memclr_w.o(.text)
    __rt_memclr_w                            0x08000719   Thumb Code    78  rt_memclr_w.o(.text)
    _memset_w                                0x0800071d   Thumb Code     0  rt_memclr_w.o(.text)
    __user_setup_stackheap                   0x08000767   Thumb Code    74  sys_stackheap_outer.o(.text)
    exit                                     0x080007b1   Thumb Code    18  exit.o(.text)
    __user_libspace                          0x080007c5   Thumb Code     8  libspace.o(.text)
    __user_perproc_libspace                  0x080007c5   Thumb Code     0  libspace.o(.text)
    __user_perthread_libspace                0x080007c5   Thumb Code     0  libspace.o(.text)
    A0_task                                  0x080007cd   Thumb Code    98  a0_task.o(i.A0_task)
    ADC_ConversionStop_Disable               0x08000841   Thumb Code    76  stm32f1xx_hal_adc.o(i.ADC_ConversionStop_Disable)
    ADC_DMAConvCplt                          0x0800088d   Thumb Code    78  stm32f1xx_hal_adc.o(i.ADC_DMAConvCplt)
    ADC_DMAError                             0x080008db   Thumb Code    26  stm32f1xx_hal_adc.o(i.ADC_DMAError)
    ADC_DMAHalfConvCplt                      0x080008f5   Thumb Code    10  stm32f1xx_hal_adc.o(i.ADC_DMAHalfConvCplt)
    ADC_Enable                               0x08000901   Thumb Code   104  stm32f1xx_hal_adc.o(i.ADC_Enable)
    B0_task                                  0x08000971   Thumb Code    54  b0_task.o(i.B0_task)
    BusFault_Handler                         0x080009b5   Thumb Code     2  stm32f1xx_it.o(i.BusFault_Handler)
    DMA1_Channel1_IRQHandler                 0x080009b9   Thumb Code     6  c_adc.o(i.DMA1_Channel1_IRQHandler)
    DXer                                     0x080009ef   Thumb Code    14  c_send.o(i.DXer)
    DebugMon_Handler                         0x080009fd   Thumb Code     2  stm32f1xx_it.o(i.DebugMon_Handler)
    Get_Adc                                  0x08000a01   Thumb Code    44  c_adc.o(i.Get_Adc)
    HAL_ADC_ConfigChannel                    0x08000a31   Thumb Code   240  stm32f1xx_hal_adc.o(i.HAL_ADC_ConfigChannel)
    HAL_ADC_ConvCpltCallback                 0x08000b2d   Thumb Code     2  stm32f1xx_hal_adc.o(i.HAL_ADC_ConvCpltCallback)
    HAL_ADC_ConvHalfCpltCallback             0x08000b2f   Thumb Code     2  stm32f1xx_hal_adc.o(i.HAL_ADC_ConvHalfCpltCallback)
    HAL_ADC_ErrorCallback                    0x08000b31   Thumb Code     2  stm32f1xx_hal_adc.o(i.HAL_ADC_ErrorCallback)
    HAL_ADC_GetValue                         0x08000b33   Thumb Code     6  stm32f1xx_hal_adc.o(i.HAL_ADC_GetValue)
    HAL_ADC_Init                             0x08000b39   Thumb Code   272  stm32f1xx_hal_adc.o(i.HAL_ADC_Init)
    HAL_ADC_MspInit                          0x08000c59   Thumb Code   116  c_adc.o(i.HAL_ADC_MspInit)
    HAL_ADC_PollForConversion                0x08000ce1   Thumb Code   290  stm32f1xx_hal_adc.o(i.HAL_ADC_PollForConversion)
    HAL_ADC_Start                            0x08000e11   Thumb Code   184  stm32f1xx_hal_adc.o(i.HAL_ADC_Start)
    HAL_ADC_Start_DMA                        0x08000ed1   Thumb Code   246  stm32f1xx_hal_adc.o(i.HAL_ADC_Start_DMA)
    HAL_DMA_Abort_IT                         0x08000fdd   Thumb Code   296  stm32f1xx_hal_dma.o(i.HAL_DMA_Abort_IT)
    HAL_DMA_IRQHandler                       0x0800110d   Thumb Code   552  stm32f1xx_hal_dma.o(i.HAL_DMA_IRQHandler)
    HAL_DMA_Init                             0x08001355   Thumb Code   112  stm32f1xx_hal_dma.o(i.HAL_DMA_Init)
    HAL_DMA_Start_IT                         0x080013d1   Thumb Code   112  stm32f1xx_hal_dma.o(i.HAL_DMA_Start_IT)
    HAL_GPIO_Init                            0x08001441   Thumb Code   462  stm32f1xx_hal_gpio.o(i.HAL_GPIO_Init)
    HAL_GetTick                              0x08001639   Thumb Code     6  stm32f1xx_hal.o(i.HAL_GetTick)
    HAL_IncTick                              0x08001645   Thumb Code    12  stm32f1xx_hal.o(i.HAL_IncTick)
    HAL_Init                                 0x08001655   Thumb Code    32  stm32f1xx_hal.o(i.HAL_Init)
    HAL_InitTick                             0x08001679   Thumb Code    54  stm32f1xx_hal.o(i.HAL_InitTick)
    HAL_MspInit                              0x080016b9   Thumb Code     2  stm32f1xx_hal_msp.o(i.HAL_MspInit)
    HAL_NVIC_EnableIRQ                       0x080016bb   Thumb Code    26  stm32f1xx_hal_cortex.o(i.HAL_NVIC_EnableIRQ)
    HAL_NVIC_SetPriority                     0x080016d5   Thumb Code    60  stm32f1xx_hal_cortex.o(i.HAL_NVIC_SetPriority)
    HAL_NVIC_SetPriorityGrouping             0x08001715   Thumb Code    26  stm32f1xx_hal_cortex.o(i.HAL_NVIC_SetPriorityGrouping)
    HAL_RCCEx_GetPeriphCLKFreq               0x08001739   Thumb Code   180  stm32f1xx_hal_rcc_ex.o(i.HAL_RCCEx_GetPeriphCLKFreq)
    HAL_RCC_ClockConfig                      0x0800180d   Thumb Code   280  stm32f1xx_hal_rcc.o(i.HAL_RCC_ClockConfig)
    HAL_RCC_GetHCLKFreq                      0x08001939   Thumb Code     6  stm32f1xx_hal_rcc.o(i.HAL_RCC_GetHCLKFreq)
    HAL_RCC_GetPCLK1Freq                     0x08001945   Thumb Code    20  stm32f1xx_hal_rcc.o(i.HAL_RCC_GetPCLK1Freq)
    HAL_RCC_GetPCLK2Freq                     0x08001965   Thumb Code    20  stm32f1xx_hal_rcc.o(i.HAL_RCC_GetPCLK2Freq)
    HAL_RCC_GetSysClockFreq                  0x08001985   Thumb Code    74  stm32f1xx_hal_rcc.o(i.HAL_RCC_GetSysClockFreq)
    HAL_RCC_OscConfig                        0x080019f1   Thumb Code   778  stm32f1xx_hal_rcc.o(i.HAL_RCC_OscConfig)
    HAL_SYSTICK_CLKSourceConfig              0x08001d11   Thumb Code    24  stm32f1xx_hal_cortex.o(i.HAL_SYSTICK_CLKSourceConfig)
    HAL_SYSTICK_Config                       0x08001d29   Thumb Code    40  stm32f1xx_hal_cortex.o(i.HAL_SYSTICK_Config)
    HAL_TIMEx_BreakCallback                  0x08001d51   Thumb Code     2  stm32f1xx_hal_tim_ex.o(i.HAL_TIMEx_BreakCallback)
    HAL_TIMEx_CommutCallback                 0x08001d53   Thumb Code     2  stm32f1xx_hal_tim_ex.o(i.HAL_TIMEx_CommutCallback)
    HAL_TIM_IC_CaptureCallback               0x08001d55   Thumb Code     2  stm32f1xx_hal_tim.o(i.HAL_TIM_IC_CaptureCallback)
    HAL_TIM_IRQHandler                       0x08001d57   Thumb Code   358  stm32f1xx_hal_tim.o(i.HAL_TIM_IRQHandler)
    HAL_TIM_OC_DelayElapsedCallback          0x08001ebd   Thumb Code     2  stm32f1xx_hal_tim.o(i.HAL_TIM_OC_DelayElapsedCallback)
    HAL_TIM_PWM_ConfigChannel                0x08001ebf   Thumb Code   208  stm32f1xx_hal_tim.o(i.HAL_TIM_PWM_ConfigChannel)
    HAL_TIM_PWM_Init                         0x08001f8f   Thumb Code    54  stm32f1xx_hal_tim.o(i.HAL_TIM_PWM_Init)
    HAL_TIM_PWM_MspInit                      0x08001fc5   Thumb Code   236  c_pwm.o(i.HAL_TIM_PWM_MspInit)
    HAL_TIM_PWM_PulseFinishedCallback        0x080020c5   Thumb Code     2  stm32f1xx_hal_tim.o(i.HAL_TIM_PWM_PulseFinishedCallback)
    HAL_TIM_PWM_Start                        0x080020c9   Thumb Code    58  stm32f1xx_hal_tim.o(i.HAL_TIM_PWM_Start)
    HAL_TIM_PeriodElapsedCallback            0x0800210d   Thumb Code     6  c_time.o(i.HAL_TIM_PeriodElapsedCallback)
    HAL_TIM_TriggerCallback                  0x08002119   Thumb Code     2  stm32f1xx_hal_tim.o(i.HAL_TIM_TriggerCallback)
    HAL_UART_ErrorCallback                   0x0800211b   Thumb Code     2  stm32f1xx_hal_uart.o(i.HAL_UART_ErrorCallback)
    HAL_UART_GetState                        0x0800211d   Thumb Code    10  stm32f1xx_hal_uart.o(i.HAL_UART_GetState)
    HAL_UART_IRQHandler                      0x08002129   Thumb Code   266  stm32f1xx_hal_uart.o(i.HAL_UART_IRQHandler)
    HAL_UART_Init                            0x08002239   Thumb Code    98  stm32f1xx_hal_uart.o(i.HAL_UART_Init)
    HAL_UART_MspInit                         0x0800229d   Thumb Code   328  c_usart.o(i.HAL_UART_MspInit)
    HAL_UART_Receive_IT                      0x080023fd   Thumb Code    82  stm32f1xx_hal_uart.o(i.HAL_UART_Receive_IT)
    HAL_UART_RxCpltCallback                  0x08002451   Thumb Code    86  c_usart.o(i.HAL_UART_RxCpltCallback)
    HAL_UART_TxCpltCallback                  0x080024b9   Thumb Code     2  stm32f1xx_hal_uart.o(i.HAL_UART_TxCpltCallback)
    HardFault_Handler                        0x080024bb   Thumb Code     2  stm32f1xx_it.o(i.HardFault_Handler)
    MX_DMA_Init_                             0x080024bd   Thumb Code    40  c_adc.o(i.MX_DMA_Init_)
    MY_ADC_Init                              0x080024e9   Thumb Code    30  c_adc.o(i.MY_ADC_Init)
    MemManage_Handler                        0x08002511   Thumb Code     2  stm32f1xx_it.o(i.MemManage_Handler)
    NMI_Handler                              0x08002513   Thumb Code     2  stm32f1xx_it.o(i.NMI_Handler)
    PWM_120_Out                              0x08002515   Thumb Code    62  c_pwm.o(i.PWM_120_Out)
    Read_Data                                0x08002565   Thumb Code     2  c_send.o(i.Read_Data)
    Send_Data                                0x08002569   Thumb Code    68  c_send.o(i.Send_Data)
    Stm32_Clock_Init                         0x080025b9   Thumb Code    68  sys.o(i.Stm32_Clock_Init)
    SysTick_Handler                          0x080025fd   Thumb Code    22  delay.o(i.SysTick_Handler)
    SystemInit                               0x08002615   Thumb Code    56  system_stm32f1xx.o(i.SystemInit)
    TIM2_Init                                0x0800265d   Thumb Code    58  c_pwm.o(i.TIM2_Init)
    TIM3_IRQHandler                          0x0800269d   Thumb Code     6  c_time.o(i.TIM3_IRQHandler)
    TIM3_Init                                0x080026a9   Thumb Code    56  c_pwm.o(i.TIM3_Init)
    TIM4_Init                                0x080026e9   Thumb Code    56  c_pwm.o(i.TIM4_Init)
    TIM_Base_SetConfig                       0x08002729   Thumb Code   120  stm32f1xx_hal_tim.o(i.TIM_Base_SetConfig)
    TIM_CCxChannelCmd                        0x080027b5   Thumb Code    26  stm32f1xx_hal_tim.o(i.TIM_CCxChannelCmd)
    TIM_OC2_SetConfig                        0x08002831   Thumb Code    98  stm32f1xx_hal_tim.o(i.TIM_OC2_SetConfig)
    Timer_Run                                0x08002955   Thumb Code    10  timer.o(i.Timer_Run)
    USART1_IRQHandler                        0x08002b45   Thumb Code    58  c_usart.o(i.USART1_IRQHandler)
    USART1_SendData                          0x08002b8d   Thumb Code    14  c_usart.o(i.USART1_SendData)
    USART2_IRQHandler                        0x08002ba1   Thumb Code    58  c_usart.o(i.USART2_IRQHandler)
    USART2_SendData                          0x08002be9   Thumb Code    14  c_usart.o(i.USART2_SendData)
    USART3_IRQHandler                        0x08002bfd   Thumb Code    58  c_usart.o(i.USART3_IRQHandler)
    USART3_SendData                          0x08002c45   Thumb Code    14  c_usart.o(i.USART3_SendData)
    Uart1_Init                               0x08002c59   Thumb Code    48  c_usart.o(i.Uart1_Init)
    Uart2_Init                               0x08002c99   Thumb Code    44  c_usart.o(i.Uart2_Init)
    Uart3_Init                               0x08002cd1   Thumb Code    44  c_usart.o(i.Uart3_Init)
    UsageFault_Handler                       0x08002d09   Thumb Code     2  stm32f1xx_it.o(i.UsageFault_Handler)
    _sys_exit                                0x08002d2b   Thumb Code     2  c_usart.o(i._sys_exit)
    delay_init                               0x08002d2d   Thumb Code    48  delay.o(i.delay_init)
    fputc                                    0x08002d61   Thumb Code    18  c_usart.o(i.fputc)
    main                                     0x08002d79   Thumb Code   136  main.o(i.main)
    pvPortMalloc                             0x080036bd   Thumb Code   214  heap_4.o(i.pvPortMalloc)
    pvTaskIncrementMutexHeldCount            0x080037d5   Thumb Code    18  tasks.o(i.pvTaskIncrementMutexHeldCount)
    pxPortInitialiseStack                    0x080037ed   Thumb Code    32  port.o(i.pxPortInitialiseStack)
    start_task                               0x08003811   Thumb Code    62  main.o(i.start_task)
    uxListRemove                             0x08003875   Thumb Code    36  list.o(i.uxListRemove)
    vListInitialise                          0x08003899   Thumb Code    22  list.o(i.vListInitialise)
    vListInitialiseItem                      0x080038af   Thumb Code     6  list.o(i.vListInitialiseItem)
    vListInsert                              0x080038b5   Thumb Code    48  list.o(i.vListInsert)
    vListInsertEnd                           0x080038e5   Thumb Code    24  list.o(i.vListInsertEnd)
    vPortEnterCritical                       0x080038fd   Thumb Code    50  port.o(i.vPortEnterCritical)
    vPortExitCritical                        0x08003975   Thumb Code    34  port.o(i.vPortExitCritical)
    vPortFree                                0x080039d9   Thumb Code    94  heap_4.o(i.vPortFree)
    vPortSetupTimerInterrupt                 0x08003a79   Thumb Code    26  port.o(i.vPortSetupTimerInterrupt)
    vPortValidateInterruptPriority           0x08003a99   Thumb Code    70  port.o(i.vPortValidateInterruptPriority)
    vQueueAddToRegistry                      0x08003b25   Thumb Code    34  queue.o(i.vQueueAddToRegistry)
    vQueueWaitForMessageRestricted           0x08003b4d   Thumb Code    68  queue.o(i.vQueueWaitForMessageRestricted)
    vTaskDelay                               0x08003b91   Thumb Code    62  tasks.o(i.vTaskDelay)
    vTaskDelete                              0x08003c01   Thumb Code   152  tasks.o(i.vTaskDelete)
    vTaskMissedYield                         0x08003cd1   Thumb Code     8  tasks.o(i.vTaskMissedYield)
    vTaskPlaceOnEventList                    0x08003cdd   Thumb Code    44  tasks.o(i.vTaskPlaceOnEventList)
    vTaskPlaceOnEventListRestricted          0x08003d35   Thumb Code    52  tasks.o(i.vTaskPlaceOnEventListRestricted)
    vTaskPriorityInherit                     0x08003d95   Thumb Code   124  tasks.o(i.vTaskPriorityInherit)
    vTaskSetTimeOutState                     0x08003e19   Thumb Code    30  tasks.o(i.vTaskSetTimeOutState)
    vTaskStartScheduler                      0x08003e65   Thumb Code    96  tasks.o(i.vTaskStartScheduler)
    vTaskSuspendAll                          0x08003efd   Thumb Code    10  tasks.o(i.vTaskSuspendAll)
    vTaskSwitchContext                       0x08003f0d   Thumb Code    80  tasks.o(i.vTaskSwitchContext)
    xPortStartScheduler                      0x08003f8d   Thumb Code   102  port.o(i.xPortStartScheduler)
    xPortSysTickHandler                      0x08004001   Thumb Code    38  port.o(i.xPortSysTickHandler)
    xQueueGenericCreate                      0x0800402d   Thumb Code    82  queue.o(i.xQueueGenericCreate)
    xQueueGenericReceive                     0x080040a9   Thumb Code   348  queue.o(i.xQueueGenericReceive)
    xQueueGenericReset                       0x08004231   Thumb Code   128  queue.o(i.xQueueGenericReset)
    xQueueGenericSend                        0x080042dd   Thumb Code   344  queue.o(i.xQueueGenericSend)
    xQueueGenericSendFromISR                 0x08004461   Thumb Code   190  queue.o(i.xQueueGenericSendFromISR)
    xTaskCheckForTimeOut                     0x08004549   Thumb Code    94  tasks.o(i.xTaskCheckForTimeOut)
    xTaskCreate                              0x080045d5   Thumb Code    86  tasks.o(i.xTaskCreate)
    xTaskGetSchedulerState                   0x0800462d   Thumb Code    22  tasks.o(i.xTaskGetSchedulerState)
    xTaskGetTickCount                        0x08004649   Thumb Code     6  tasks.o(i.xTaskGetTickCount)
    xTaskIncrementTick                       0x08004655   Thumb Code   188  tasks.o(i.xTaskIncrementTick)
    xTaskPriorityDisinherit                  0x08004741   Thumb Code   136  tasks.o(i.xTaskPriorityDisinherit)
    xTaskRemoveFromEventList                 0x080047f9   Thumb Code   102  tasks.o(i.xTaskRemoveFromEventList)
    xTaskResumeAll                           0x08004895   Thumb Code   182  tasks.o(i.xTaskResumeAll)
    xTimerCreate                             0x08004981   Thumb Code    74  timers.o(i.xTimerCreate)
    xTimerCreateTimerTask                    0x080049f5   Thumb Code    58  timers.o(i.xTimerCreateTimerTask)
    xTimerGenericCommand                     0x08004a69   Thumb Code    98  timers.o(i.xTimerGenericCommand)
    __aeabi_d2f                              0x08004af9   Thumb Code     0  d2f.o(x$fpl$d2f)
    _d2f                                     0x08004af9   Thumb Code    98  d2f.o(x$fpl$d2f)
    __aeabi_dadd                             0x08004b5d   Thumb Code     0  daddsub_clz.o(x$fpl$dadd)
    _dadd                                    0x08004b5d   Thumb Code   332  daddsub_clz.o(x$fpl$dadd)
    __fpl_dnaninf                            0x08004cad   Thumb Code   156  dnaninf.o(x$fpl$dnaninf)
    __fpl_dretinf                            0x08004d49   Thumb Code    12  dretinf.o(x$fpl$dretinf)
    __aeabi_dsub                             0x08004d55   Thumb Code     0  daddsub_clz.o(x$fpl$dsub)
    _dsub                                    0x08004d55   Thumb Code   464  daddsub_clz.o(x$fpl$dsub)
    __aeabi_f2d                              0x08004f29   Thumb Code     0  f2d.o(x$fpl$f2d)
    _f2d                                     0x08004f29   Thumb Code    86  f2d.o(x$fpl$f2d)
    __aeabi_f2iz                             0x08004f81   Thumb Code     0  ffix.o(x$fpl$ffix)
    _ffix                                    0x08004f81   Thumb Code    54  ffix.o(x$fpl$ffix)
    __aeabi_i2f                              0x08004fb9   Thumb Code     0  fflt_clz.o(x$fpl$fflt)
    _fflt                                    0x08004fb9   Thumb Code    48  fflt_clz.o(x$fpl$fflt)
    __aeabi_fmul                             0x08004fe9   Thumb Code     0  fmul.o(x$fpl$fmul)
    _fmul                                    0x08004fe9   Thumb Code   258  fmul.o(x$fpl$fmul)
    __fpl_fnaninf                            0x080050eb   Thumb Code   140  fnaninf.o(x$fpl$fnaninf)
    __fpl_fretinf                            0x08005177   Thumb Code    10  fretinf.o(x$fpl$fretinf)
    AHBPrescTable                            0x08005180   Data          16  system_stm32f1xx.o(.constdata)
    __I$use$fp                               0x08005180   Number         0  usenofp.o(x$fpl$usenofp)
    APBPrescTable                            0x08005190   Data           8  system_stm32f1xx.o(.constdata)
    Region$$Table$$Base                      0x080051ec   Number         0  anon$$obj.o(Region$$Table)
    Region$$Table$$Limit                     0x0800520c   Number         0  anon$$obj.o(Region$$Table)
    StartTask_Handler                        0x20000000   Data           4  main.o(.data)
    ADC_ConvertedValue                       0x20000004   Data           6  main.o(.data)
    C_Timer                                  0x2000000c   Data          20  timer.o(.data)
    uwTickFreq                               0x20000020   Data           1  stm32f1xx_hal.o(.data)
    uwTickPrio                               0x20000024   Data           4  stm32f1xx_hal.o(.data)
    uwTick                                   0x20000028   Data           4  stm32f1xx_hal.o(.data)
    SystemCoreClock                          0x2000002c   Data           4  system_stm32f1xx.o(.data)
    C_USART                                  0x20000038   Data        1857  c_usart.o(.data)
    __stdout                                 0x2000077c   Data           4  c_usart.o(.data)
    C_PWM                                    0x20000780   Data          16  c_pwm.o(.data)
    D_time                                   0x20000790   Data           4  c_pwm.o(.data)
    C_Send                                   0x20000794   Data          24  c_send.o(.data)
    pxCurrentTCB                             0x200007ac   Data           4  tasks.o(.data)
    A0Task_Handler                           0x20000820   Data           4  a0_task.o(.data)
    B0Task_Handler                           0x20000824   Data           4  b0_task.o(.data)
    UART1_Handler                            0x20000828   Data          64  c_usart.o(.bss)
    UART2_Handler                            0x20000868   Data          64  c_usart.o(.bss)
    UART3_Handler                            0x200008a8   Data          64  c_usart.o(.bss)
    TIM3_Handler                             0x200008e8   Data          64  c_time.o(.bss)
    hadc1                                    0x20000928   Data          48  c_adc.o(.bss)
    hdma_adc1                                0x20000958   Data          68  c_adc.o(.bss)
    PWM_Handler                              0x2000099c   Data          64  c_pwm.o(.bss)
    TIM3_CH1Handler                          0x200009dc   Data          28  c_pwm.o(.bss)
    PWM2_Handler                             0x200009f8   Data          64  c_pwm.o(.bss)
    TIM2_CH1Handler                          0x20000a38   Data          28  c_pwm.o(.bss)
    PWM4_Handler                             0x20000a54   Data          64  c_pwm.o(.bss)
    TIM4_CH1Handler                          0x20000a94   Data          28  c_pwm.o(.bss)
    Send_buff                                0x20000ab0   Data          20  c_send.o(.bss)
    xQueueRegistry                           0x20000ac4   Data          64  queue.o(.bss)
    __libspace_start                         0x20005e10   Data          96  libspace.o(.bss)
    __temporary_stack_top$libspace           0x20005e70   Data           0  libspace.o(.bss)



==============================================================================

Memory Map of the image

  Image Entry point : 0x08000131

  Load Region LR_IROM1 (Base: 0x08000000, Size: 0x00005a34, Max: 0x00080000, ABSOLUTE, COMPRESSED[0x0000525c])

    Execution Region ER_IROM1 (Exec base: 0x08000000, Load base: 0x08000000, Size: 0x0000520c, Max: 0x00080000, ABSOLUTE)

    Exec Addr    Load Addr    Size         Type   Attr      Idx    E Section Name        Object

    0x08000000   0x08000000   0x00000130   Data   RO         3010    RESET               startup_stm32f103xe.o
    0x08000130   0x08000130   0x00000008   Code   RO         4812  * !!!main             c_w.l(__main.o)
    0x08000138   0x08000138   0x00000034   Code   RO         5023    !!!scatter          c_w.l(__scatter.o)
    0x0800016c   0x0800016c   0x0000005a   Code   RO         5021    !!dczerorl2         c_w.l(__dczerorl2.o)
    0x080001c6   0x080001c6   0x00000002   PAD
    0x080001c8   0x080001c8   0x0000001c   Code   RO         5025    !!handler_zi        c_w.l(__scatter_zi.o)
    0x080001e4   0x080001e4   0x00000000   Code   RO         4801    .ARM.Collect$$_printf_percent$$00000000  c_w.l(_printf_percent.o)
    0x080001e4   0x080001e4   0x00000006   Code   RO         4799    .ARM.Collect$$_printf_percent$$00000009  c_w.l(_printf_d.o)
    0x080001ea   0x080001ea   0x00000006   Code   RO         4798    .ARM.Collect$$_printf_percent$$00000014  c_w.l(_printf_s.o)
    0x080001f0   0x080001f0   0x00000004   Code   RO         4849    .ARM.Collect$$_printf_percent$$00000017  c_w.l(_printf_percent_end.o)
    0x080001f4   0x080001f4   0x00000002   Code   RO         4895    .ARM.Collect$$libinit$$00000000  c_w.l(libinit.o)
    0x080001f6   0x080001f6   0x00000000   Code   RO         4902    .ARM.Collect$$libinit$$00000002  c_w.l(libinit2.o)
    0x080001f6   0x080001f6   0x00000000   Code   RO         4904    .ARM.Collect$$libinit$$00000004  c_w.l(libinit2.o)
    0x080001f6   0x080001f6   0x00000000   Code   RO         4907    .ARM.Collect$$libinit$$0000000A  c_w.l(libinit2.o)
    0x080001f6   0x080001f6   0x00000000   Code   RO         4909    .ARM.Collect$$libinit$$0000000C  c_w.l(libinit2.o)
    0x080001f6   0x080001f6   0x00000000   Code   RO         4911    .ARM.Collect$$libinit$$0000000E  c_w.l(libinit2.o)
    0x080001f6   0x080001f6   0x00000000   Code   RO         4914    .ARM.Collect$$libinit$$00000011  c_w.l(libinit2.o)
    0x080001f6   0x080001f6   0x00000000   Code   RO         4916    .ARM.Collect$$libinit$$00000013  c_w.l(libinit2.o)
    0x080001f6   0x080001f6   0x00000000   Code   RO         4918    .ARM.Collect$$libinit$$00000015  c_w.l(libinit2.o)
    0x080001f6   0x080001f6   0x00000000   Code   RO         4920    .ARM.Collect$$libinit$$00000017  c_w.l(libinit2.o)
    0x080001f6   0x080001f6   0x00000000   Code   RO         4922    .ARM.Collect$$libinit$$00000019  c_w.l(libinit2.o)
    0x080001f6   0x080001f6   0x00000000   Code   RO         4924    .ARM.Collect$$libinit$$0000001B  c_w.l(libinit2.o)
    0x080001f6   0x080001f6   0x00000000   Code   RO         4926    .ARM.Collect$$libinit$$0000001D  c_w.l(libinit2.o)
    0x080001f6   0x080001f6   0x00000000   Code   RO         4928    .ARM.Collect$$libinit$$0000001F  c_w.l(libinit2.o)
    0x080001f6   0x080001f6   0x00000000   Code   RO         4930    .ARM.Collect$$libinit$$00000021  c_w.l(libinit2.o)
    0x080001f6   0x080001f6   0x00000000   Code   RO         4932    .ARM.Collect$$libinit$$00000023  c_w.l(libinit2.o)
    0x080001f6   0x080001f6   0x00000000   Code   RO         4934    .ARM.Collect$$libinit$$00000025  c_w.l(libinit2.o)
    0x080001f6   0x080001f6   0x00000000   Code   RO         4938    .ARM.Collect$$libinit$$0000002C  c_w.l(libinit2.o)
    0x080001f6   0x080001f6   0x00000000   Code   RO         4940    .ARM.Collect$$libinit$$0000002E  c_w.l(libinit2.o)
    0x080001f6   0x080001f6   0x00000000   Code   RO         4942    .ARM.Collect$$libinit$$00000030  c_w.l(libinit2.o)
    0x080001f6   0x080001f6   0x00000000   Code   RO         4944    .ARM.Collect$$libinit$$00000032  c_w.l(libinit2.o)
    0x080001f6   0x080001f6   0x00000002   Code   RO         4945    .ARM.Collect$$libinit$$00000033  c_w.l(libinit2.o)
    0x080001f8   0x080001f8   0x00000002   Code   RO         4963    .ARM.Collect$$libshutdown$$00000000  c_w.l(libshutdown.o)
    0x080001fa   0x080001fa   0x00000000   Code   RO         4973    .ARM.Collect$$libshutdown$$00000002  c_w.l(libshutdown2.o)
    0x080001fa   0x080001fa   0x00000000   Code   RO         4975    .ARM.Collect$$libshutdown$$00000004  c_w.l(libshutdown2.o)
    0x080001fa   0x080001fa   0x00000000   Code   RO         4978    .ARM.Collect$$libshutdown$$00000007  c_w.l(libshutdown2.o)
    0x080001fa   0x080001fa   0x00000000   Code   RO         4981    .ARM.Collect$$libshutdown$$0000000A  c_w.l(libshutdown2.o)
    0x080001fa   0x080001fa   0x00000000   Code   RO         4983    .ARM.Collect$$libshutdown$$0000000C  c_w.l(libshutdown2.o)
    0x080001fa   0x080001fa   0x00000000   Code   RO         4986    .ARM.Collect$$libshutdown$$0000000F  c_w.l(libshutdown2.o)
    0x080001fa   0x080001fa   0x00000002   Code   RO         4987    .ARM.Collect$$libshutdown$$00000010  c_w.l(libshutdown2.o)
    0x080001fc   0x080001fc   0x00000000   Code   RO         4838    .ARM.Collect$$rtentry$$00000000  c_w.l(__rtentry.o)
    0x080001fc   0x080001fc   0x00000000   Code   RO         4864    .ARM.Collect$$rtentry$$00000002  c_w.l(__rtentry2.o)
    0x080001fc   0x080001fc   0x00000006   Code   RO         4876    .ARM.Collect$$rtentry$$00000004  c_w.l(__rtentry4.o)
    0x08000202   0x08000202   0x00000000   Code   RO         4866    .ARM.Collect$$rtentry$$00000009  c_w.l(__rtentry2.o)
    0x08000202   0x08000202   0x00000004   Code   RO         4867    .ARM.Collect$$rtentry$$0000000A  c_w.l(__rtentry2.o)
    0x08000206   0x08000206   0x00000000   Code   RO         4869    .ARM.Collect$$rtentry$$0000000C  c_w.l(__rtentry2.o)
    0x08000206   0x08000206   0x00000008   Code   RO         4870    .ARM.Collect$$rtentry$$0000000D  c_w.l(__rtentry2.o)
    0x0800020e   0x0800020e   0x00000002   Code   RO         4899    .ARM.Collect$$rtexit$$00000000  c_w.l(rtexit.o)
    0x08000210   0x08000210   0x00000000   Code   RO         4947    .ARM.Collect$$rtexit$$00000002  c_w.l(rtexit2.o)
    0x08000210   0x08000210   0x00000004   Code   RO         4948    .ARM.Collect$$rtexit$$00000003  c_w.l(rtexit2.o)
    0x08000214   0x08000214   0x00000006   Code   RO         4949    .ARM.Collect$$rtexit$$00000004  c_w.l(rtexit2.o)
    0x0800021a   0x0800021a   0x00000002   PAD
    0x0800021c   0x0800021c   0x00000096   Code   RO         4539    .emb_text           port.o
    0x080002b2   0x080002b2   0x00000002   PAD
    0x080002b4   0x080002b4   0x00000040   Code   RO         3011    .text               startup_stm32f103xe.o
    0x080002f4   0x080002f4   0x00000002   Code   RO         4761    .text               c_w.l(use_no_semi_2.o)
    0x080002f6   0x080002f6   0x00000002   PAD
    0x080002f8   0x080002f8   0x00000018   Code   RO         4767    .text               c_w.l(noretval__2printf.o)
    0x08000310   0x08000310   0x00000052   Code   RO         4773    .text               c_w.l(_printf_str.o)
    0x08000362   0x08000362   0x00000002   PAD
    0x08000364   0x08000364   0x00000078   Code   RO         4775    .text               c_w.l(_printf_dec.o)
    0x080003dc   0x080003dc   0x000000b8   Code   RO         4780    .text               c_w.l(__printf_ss.o)
    0x08000494   0x08000494   0x0000008a   Code   RO         4806    .text               c_w.l(rt_memcpy_v6.o)
    0x0800051e   0x0800051e   0x00000010   Code   RO         4808    .text               c_w.l(aeabi_memset.o)
    0x0800052e   0x0800052e   0x00000006   Code   RO         4810    .text               c_w.l(heapauxi.o)
    0x08000534   0x08000534   0x00000002   Code   RO         4836    .text               c_w.l(use_no_semi.o)
    0x08000536   0x08000536   0x000000b2   Code   RO         4839    .text               c_w.l(_printf_intcommon.o)
    0x080005e8   0x080005e8   0x00000030   Code   RO         4841    .text               c_w.l(_printf_char_common.o)
    0x08000618   0x08000618   0x0000002c   Code   RO         4845    .text               c_w.l(_printf_char.o)
    0x08000644   0x08000644   0x00000024   Code   RO         4847    .text               c_w.l(_printf_char_file.o)
    0x08000668   0x08000668   0x00000064   Code   RO         4850    .text               c_w.l(rt_memcpy_w.o)
    0x080006cc   0x080006cc   0x00000044   Code   RO         4852    .text               c_w.l(rt_memclr.o)
    0x08000710   0x08000710   0x00000008   Code   RO         4880    .text               c_w.l(ferror.o)
    0x08000718   0x08000718   0x0000004e   Code   RO         4884    .text               c_w.l(rt_memclr_w.o)
    0x08000766   0x08000766   0x0000004a   Code   RO         4886    .text               c_w.l(sys_stackheap_outer.o)
    0x080007b0   0x080007b0   0x00000012   Code   RO         4888    .text               c_w.l(exit.o)
    0x080007c2   0x080007c2   0x00000002   PAD
    0x080007c4   0x080007c4   0x00000008   Code   RO         4896    .text               c_w.l(libspace.o)
    0x080007cc   0x080007cc   0x00000074   Code   RO         4689    i.A0_task           a0_task.o
    0x08000840   0x08000840   0x0000004c   Code   RO         1807    i.ADC_ConversionStop_Disable  stm32f1xx_hal_adc.o
    0x0800088c   0x0800088c   0x0000004e   Code   RO         1808    i.ADC_DMAConvCplt   stm32f1xx_hal_adc.o
    0x080008da   0x080008da   0x0000001a   Code   RO         1809    i.ADC_DMAError      stm32f1xx_hal_adc.o
    0x080008f4   0x080008f4   0x0000000a   Code   RO         1810    i.ADC_DMAHalfConvCplt  stm32f1xx_hal_adc.o
    0x080008fe   0x080008fe   0x00000002   PAD
    0x08000900   0x08000900   0x00000070   Code   RO         1811    i.ADC_Enable        stm32f1xx_hal_adc.o
    0x08000970   0x08000970   0x00000044   Code   RO         4732    i.B0_task           b0_task.o
    0x080009b4   0x080009b4   0x00000002   Code   RO         3018    i.BusFault_Handler  stm32f1xx_it.o
    0x080009b6   0x080009b6   0x00000002   PAD
    0x080009b8   0x080009b8   0x0000000c   Code   RO         3453    i.DMA1_Channel1_IRQHandler  c_adc.o
    0x080009c4   0x080009c4   0x0000002a   Code   RO         1712    i.DMA_SetConfig     stm32f1xx_hal_dma.o
    0x080009ee   0x080009ee   0x0000000e   Code   RO         3575    i.DXer              c_send.o
    0x080009fc   0x080009fc   0x00000002   Code   RO         3019    i.DebugMon_Handler  stm32f1xx_it.o
    0x080009fe   0x080009fe   0x00000002   PAD
    0x08000a00   0x08000a00   0x00000030   Code   RO         3454    i.Get_Adc           c_adc.o
    0x08000a30   0x08000a30   0x000000fc   Code   RO         1813    i.HAL_ADC_ConfigChannel  stm32f1xx_hal_adc.o
    0x08000b2c   0x08000b2c   0x00000002   Code   RO         1814    i.HAL_ADC_ConvCpltCallback  stm32f1xx_hal_adc.o
    0x08000b2e   0x08000b2e   0x00000002   Code   RO         1815    i.HAL_ADC_ConvHalfCpltCallback  stm32f1xx_hal_adc.o
    0x08000b30   0x08000b30   0x00000002   Code   RO         1817    i.HAL_ADC_ErrorCallback  stm32f1xx_hal_adc.o
    0x08000b32   0x08000b32   0x00000006   Code   RO         1820    i.HAL_ADC_GetValue  stm32f1xx_hal_adc.o
    0x08000b38   0x08000b38   0x00000120   Code   RO         1822    i.HAL_ADC_Init      stm32f1xx_hal_adc.o
    0x08000c58   0x08000c58   0x00000088   Code   RO         3457    i.HAL_ADC_MspInit   c_adc.o
    0x08000ce0   0x08000ce0   0x00000130   Code   RO         1826    i.HAL_ADC_PollForConversion  stm32f1xx_hal_adc.o
    0x08000e10   0x08000e10   0x000000c0   Code   RO         1828    i.HAL_ADC_Start     stm32f1xx_hal_adc.o
    0x08000ed0   0x08000ed0   0x0000010c   Code   RO         1829    i.HAL_ADC_Start_DMA  stm32f1xx_hal_adc.o
    0x08000fdc   0x08000fdc   0x00000130   Code   RO         1714    i.HAL_DMA_Abort_IT  stm32f1xx_hal_dma.o
    0x0800110c   0x0800110c   0x00000248   Code   RO         1718    i.HAL_DMA_IRQHandler  stm32f1xx_hal_dma.o
    0x08001354   0x08001354   0x0000007c   Code   RO         1719    i.HAL_DMA_Init      stm32f1xx_hal_dma.o
    0x080013d0   0x080013d0   0x00000070   Code   RO         1723    i.HAL_DMA_Start_IT  stm32f1xx_hal_dma.o
    0x08001440   0x08001440   0x000001f8   Code   RO          763    i.HAL_GPIO_Init     stm32f1xx_hal_gpio.o
    0x08001638   0x08001638   0x0000000c   Code   RO          318    i.HAL_GetTick       stm32f1xx_hal.o
    0x08001644   0x08001644   0x00000010   Code   RO          324    i.HAL_IncTick       stm32f1xx_hal.o
    0x08001654   0x08001654   0x00000024   Code   RO          325    i.HAL_Init          stm32f1xx_hal.o
    0x08001678   0x08001678   0x00000040   Code   RO          326    i.HAL_InitTick      stm32f1xx_hal.o
    0x080016b8   0x080016b8   0x00000002   Code   RO         3126    i.HAL_MspInit       stm32f1xx_hal_msp.o
    0x080016ba   0x080016ba   0x0000001a   Code   RO          641    i.HAL_NVIC_EnableIRQ  stm32f1xx_hal_cortex.o
    0x080016d4   0x080016d4   0x00000040   Code   RO          647    i.HAL_NVIC_SetPriority  stm32f1xx_hal_cortex.o
    0x08001714   0x08001714   0x00000024   Code   RO          648    i.HAL_NVIC_SetPriorityGrouping  stm32f1xx_hal_cortex.o
    0x08001738   0x08001738   0x000000d4   Code   RO         1090    i.HAL_RCCEx_GetPeriphCLKFreq  stm32f1xx_hal_rcc_ex.o
    0x0800180c   0x0800180c   0x0000012c   Code   RO          988    i.HAL_RCC_ClockConfig  stm32f1xx_hal_rcc.o
    0x08001938   0x08001938   0x0000000c   Code   RO          993    i.HAL_RCC_GetHCLKFreq  stm32f1xx_hal_rcc.o
    0x08001944   0x08001944   0x00000020   Code   RO          995    i.HAL_RCC_GetPCLK1Freq  stm32f1xx_hal_rcc.o
    0x08001964   0x08001964   0x00000020   Code   RO          996    i.HAL_RCC_GetPCLK2Freq  stm32f1xx_hal_rcc.o
    0x08001984   0x08001984   0x0000006c   Code   RO          997    i.HAL_RCC_GetSysClockFreq  stm32f1xx_hal_rcc.o
    0x080019f0   0x080019f0   0x00000320   Code   RO         1000    i.HAL_RCC_OscConfig  stm32f1xx_hal_rcc.o
    0x08001d10   0x08001d10   0x00000018   Code   RO          650    i.HAL_SYSTICK_CLKSourceConfig  stm32f1xx_hal_cortex.o
    0x08001d28   0x08001d28   0x00000028   Code   RO          652    i.HAL_SYSTICK_Config  stm32f1xx_hal_cortex.o
    0x08001d50   0x08001d50   0x00000002   Code   RO         2083    i.HAL_TIMEx_BreakCallback  stm32f1xx_hal_tim_ex.o
    0x08001d52   0x08001d52   0x00000002   Code   RO         2084    i.HAL_TIMEx_CommutCallback  stm32f1xx_hal_tim_ex.o
    0x08001d54   0x08001d54   0x00000002   Code   RO         2365    i.HAL_TIM_IC_CaptureCallback  stm32f1xx_hal_tim.o
    0x08001d56   0x08001d56   0x00000166   Code   RO         2379    i.HAL_TIM_IRQHandler  stm32f1xx_hal_tim.o
    0x08001ebc   0x08001ebc   0x00000002   Code   RO         2382    i.HAL_TIM_OC_DelayElapsedCallback  stm32f1xx_hal_tim.o
    0x08001ebe   0x08001ebe   0x000000d0   Code   RO         2403    i.HAL_TIM_PWM_ConfigChannel  stm32f1xx_hal_tim.o
    0x08001f8e   0x08001f8e   0x00000036   Code   RO         2406    i.HAL_TIM_PWM_Init  stm32f1xx_hal_tim.o
    0x08001fc4   0x08001fc4   0x00000100   Code   RO         3519    i.HAL_TIM_PWM_MspInit  c_pwm.o
    0x080020c4   0x080020c4   0x00000002   Code   RO         2409    i.HAL_TIM_PWM_PulseFinishedCallback  stm32f1xx_hal_tim.o
    0x080020c6   0x080020c6   0x00000002   PAD
    0x080020c8   0x080020c8   0x00000044   Code   RO         2411    i.HAL_TIM_PWM_Start  stm32f1xx_hal_tim.o
    0x0800210c   0x0800210c   0x0000000c   Code   RO         3405    i.HAL_TIM_PeriodElapsedCallback  c_time.o
    0x08002118   0x08002118   0x00000002   Code   RO         2422    i.HAL_TIM_TriggerCallback  stm32f1xx_hal_tim.o
    0x0800211a   0x0800211a   0x00000002   Code   RO         1146    i.HAL_UART_ErrorCallback  stm32f1xx_hal_uart.o
    0x0800211c   0x0800211c   0x0000000a   Code   RO         1148    i.HAL_UART_GetState  stm32f1xx_hal_uart.o
    0x08002126   0x08002126   0x00000002   PAD
    0x08002128   0x08002128   0x00000110   Code   RO         1149    i.HAL_UART_IRQHandler  stm32f1xx_hal_uart.o
    0x08002238   0x08002238   0x00000062   Code   RO         1150    i.HAL_UART_Init     stm32f1xx_hal_uart.o
    0x0800229a   0x0800229a   0x00000002   PAD
    0x0800229c   0x0800229c   0x00000160   Code   RO         3295    i.HAL_UART_MspInit  c_usart.o
    0x080023fc   0x080023fc   0x00000052   Code   RO         1155    i.HAL_UART_Receive_IT  stm32f1xx_hal_uart.o
    0x0800244e   0x0800244e   0x00000002   PAD
    0x08002450   0x08002450   0x00000068   Code   RO         3296    i.HAL_UART_RxCpltCallback  c_usart.o
    0x080024b8   0x080024b8   0x00000002   Code   RO         1161    i.HAL_UART_TxCpltCallback  stm32f1xx_hal_uart.o
    0x080024ba   0x080024ba   0x00000002   Code   RO         3020    i.HardFault_Handler  stm32f1xx_it.o
    0x080024bc   0x080024bc   0x0000002c   Code   RO         3458    i.MX_DMA_Init_      c_adc.o
    0x080024e8   0x080024e8   0x00000028   Code   RO         3459    i.MY_ADC_Init       c_adc.o
    0x08002510   0x08002510   0x00000002   Code   RO         3021    i.MemManage_Handler  stm32f1xx_it.o
    0x08002512   0x08002512   0x00000002   Code   RO         3022    i.NMI_Handler       stm32f1xx_it.o
    0x08002514   0x08002514   0x00000050   Code   RO         3520    i.PWM_120_Out       c_pwm.o
    0x08002564   0x08002564   0x00000002   Code   RO         3576    i.Read_Data         c_send.o
    0x08002566   0x08002566   0x00000002   PAD
    0x08002568   0x08002568   0x00000050   Code   RO         3577    i.Send_Data         c_send.o
    0x080025b8   0x080025b8   0x00000044   Code   RO         3175    i.Stm32_Clock_Init  sys.o
    0x080025fc   0x080025fc   0x00000016   Code   RO         3218    i.SysTick_Handler   delay.o
    0x08002612   0x08002612   0x00000002   PAD
    0x08002614   0x08002614   0x00000048   Code   RO         3089    i.SystemInit        system_stm32f1xx.o
    0x0800265c   0x0800265c   0x00000040   Code   RO         3521    i.TIM2_Init         c_pwm.o
    0x0800269c   0x0800269c   0x0000000c   Code   RO         3406    i.TIM3_IRQHandler   c_time.o
    0x080026a8   0x080026a8   0x00000040   Code   RO         3522    i.TIM3_Init         c_pwm.o
    0x080026e8   0x080026e8   0x00000040   Code   RO         3523    i.TIM4_Init         c_pwm.o
    0x08002728   0x08002728   0x0000008c   Code   RO         2424    i.TIM_Base_SetConfig  stm32f1xx_hal_tim.o
    0x080027b4   0x080027b4   0x0000001a   Code   RO         2425    i.TIM_CCxChannelCmd  stm32f1xx_hal_tim.o
    0x080027ce   0x080027ce   0x00000002   PAD
    0x080027d0   0x080027d0   0x00000060   Code   RO         2437    i.TIM_OC1_SetConfig  stm32f1xx_hal_tim.o
    0x08002830   0x08002830   0x0000006c   Code   RO         2438    i.TIM_OC2_SetConfig  stm32f1xx_hal_tim.o
    0x0800289c   0x0800289c   0x00000068   Code   RO         2439    i.TIM_OC3_SetConfig  stm32f1xx_hal_tim.o
    0x08002904   0x08002904   0x00000050   Code   RO         2440    i.TIM_OC4_SetConfig  stm32f1xx_hal_tim.o
    0x08002954   0x08002954   0x00000010   Code   RO          277    i.Timer_Run         timer.o
    0x08002964   0x08002964   0x00000010   Code   RO         1163    i.UART_DMAAbortOnError  stm32f1xx_hal_uart.o
    0x08002974   0x08002974   0x0000001c   Code   RO         1173    i.UART_EndRxTransfer  stm32f1xx_hal_uart.o
    0x08002990   0x08002990   0x00000096   Code   RO         1175    i.UART_Receive_IT   stm32f1xx_hal_uart.o
    0x08002a26   0x08002a26   0x00000002   PAD
    0x08002a28   0x08002a28   0x000000b8   Code   RO         1176    i.UART_SetConfig    stm32f1xx_hal_uart.o
    0x08002ae0   0x08002ae0   0x00000062   Code   RO         1177    i.UART_Transmit_IT  stm32f1xx_hal_uart.o
    0x08002b42   0x08002b42   0x00000002   PAD
    0x08002b44   0x08002b44   0x00000048   Code   RO         3297    i.USART1_IRQHandler  c_usart.o
    0x08002b8c   0x08002b8c   0x00000014   Code   RO         3298    i.USART1_SendData   c_usart.o
    0x08002ba0   0x08002ba0   0x00000048   Code   RO         3299    i.USART2_IRQHandler  c_usart.o
    0x08002be8   0x08002be8   0x00000014   Code   RO         3300    i.USART2_SendData   c_usart.o
    0x08002bfc   0x08002bfc   0x00000048   Code   RO         3301    i.USART3_IRQHandler  c_usart.o
    0x08002c44   0x08002c44   0x00000014   Code   RO         3302    i.USART3_SendData   c_usart.o
    0x08002c58   0x08002c58   0x00000040   Code   RO         3303    i.Uart1_Init        c_usart.o
    0x08002c98   0x08002c98   0x00000038   Code   RO         3304    i.Uart2_Init        c_usart.o
    0x08002cd0   0x08002cd0   0x00000038   Code   RO         3305    i.Uart3_Init        c_usart.o
    0x08002d08   0x08002d08   0x00000002   Code   RO         3023    i.UsageFault_Handler  stm32f1xx_it.o
    0x08002d0a   0x08002d0a   0x00000020   Code   RO          654    i.__NVIC_SetPriority  stm32f1xx_hal_cortex.o
    0x08002d2a   0x08002d2a   0x00000002   Code   RO         3306    i._sys_exit         c_usart.o
    0x08002d2c   0x08002d2c   0x00000034   Code   RO         3219    i.delay_init        delay.o
    0x08002d60   0x08002d60   0x00000018   Code   RO         3307    i.fputc             c_usart.o
    0x08002d78   0x08002d78   0x000000e0   Code   RO            4    i.main              main.o
    0x08002e58   0x08002e58   0x00000070   Code   RO         4050    i.prvAddCurrentTaskToDelayedList  tasks.o
    0x08002ec8   0x08002ec8   0x000000d0   Code   RO         4051    i.prvAddNewTaskToReadyList  tasks.o
    0x08002f98   0x08002f98   0x00000050   Code   RO         4407    i.prvCheckForValidListAndQueue  timers.o
    0x08002fe8   0x08002fe8   0x00000050   Code   RO         4052    i.prvCheckTasksWaitingTermination  tasks.o
    0x08003038   0x08003038   0x00000026   Code   RO         3622    i.prvCopyDataFromQueue  queue.o
    0x0800305e   0x0800305e   0x0000006c   Code   RO         3623    i.prvCopyDataToQueue  queue.o
    0x080030ca   0x080030ca   0x00000014   Code   RO         4053    i.prvDeleteTCB      tasks.o
    0x080030de   0x080030de   0x00000002   PAD
    0x080030e0   0x080030e0   0x0000004c   Code   RO         4628    i.prvHeapInit       heap_4.o
    0x0800312c   0x0800312c   0x00000028   Code   RO         4054    i.prvIdleTask       tasks.o
    0x08003154   0x08003154   0x000000c4   Code   RO         4055    i.prvInitialiseNewTask  tasks.o
    0x08003218   0x08003218   0x0000004c   Code   RO         4629    i.prvInsertBlockIntoFreeList  heap_4.o
    0x08003264   0x08003264   0x00000038   Code   RO         4408    i.prvInsertTimerInActiveList  timers.o
    0x0800329c   0x0800329c   0x0000001c   Code   RO         3624    i.prvIsQueueEmpty   queue.o
    0x080032b8   0x080032b8   0x00000094   Code   RO         3625    i.prvNotifyQueueSetContainer  queue.o
    0x0800334c   0x0800334c   0x00000060   Code   RO         4409    i.prvProcessExpiredTimer  timers.o
    0x080033ac   0x080033ac   0x000000f0   Code   RO         4410    i.prvProcessReceivedCommands  timers.o
    0x0800349c   0x0800349c   0x0000006c   Code   RO         4411    i.prvProcessTimerOrBlockTask  timers.o
    0x08003508   0x08003508   0x00000020   Code   RO         4057    i.prvResetNextTaskUnblockTime  tasks.o
    0x08003528   0x08003528   0x00000028   Code   RO         4412    i.prvSampleTimeNow  timers.o
    0x08003550   0x08003550   0x0000006c   Code   RO         4413    i.prvSwitchTimerLists  timers.o
    0x080035bc   0x080035bc   0x00000064   Code   RO         4540    i.prvTaskExitError  port.o
    0x08003620   0x08003620   0x00000024   Code   RO         4414    i.prvTimerTask      timers.o
    0x08003644   0x08003644   0x00000078   Code   RO         3626    i.prvUnlockQueue    queue.o
    0x080036bc   0x080036bc   0x00000118   Code   RO         4630    i.pvPortMalloc      heap_4.o
    0x080037d4   0x080037d4   0x00000018   Code   RO         4059    i.pvTaskIncrementMutexHeldCount  tasks.o
    0x080037ec   0x080037ec   0x00000024   Code   RO         4541    i.pxPortInitialiseStack  port.o
    0x08003810   0x08003810   0x00000064   Code   RO            5    i.start_task        main.o
    0x08003874   0x08003874   0x00000024   Code   RO         3878    i.uxListRemove      list.o
    0x08003898   0x08003898   0x00000016   Code   RO         3879    i.vListInitialise   list.o
    0x080038ae   0x080038ae   0x00000006   Code   RO         3880    i.vListInitialiseItem  list.o
    0x080038b4   0x080038b4   0x00000030   Code   RO         3881    i.vListInsert       list.o
    0x080038e4   0x080038e4   0x00000018   Code   RO         3882    i.vListInsertEnd    list.o
    0x080038fc   0x080038fc   0x00000078   Code   RO         4543    i.vPortEnterCritical  port.o
    0x08003974   0x08003974   0x00000064   Code   RO         4544    i.vPortExitCritical  port.o
    0x080039d8   0x080039d8   0x000000a0   Code   RO         4631    i.vPortFree         heap_4.o
    0x08003a78   0x08003a78   0x00000020   Code   RO         4545    i.vPortSetupTimerInterrupt  port.o
    0x08003a98   0x08003a98   0x0000008c   Code   RO         4546    i.vPortValidateInterruptPriority  port.o
    0x08003b24   0x08003b24   0x00000028   Code   RO         3632    i.vQueueAddToRegistry  queue.o
    0x08003b4c   0x08003b4c   0x00000044   Code   RO         3636    i.vQueueWaitForMessageRestricted  queue.o
    0x08003b90   0x08003b90   0x00000070   Code   RO         4067    i.vTaskDelay        tasks.o
    0x08003c00   0x08003c00   0x000000d0   Code   RO         4069    i.vTaskDelete       tasks.o
    0x08003cd0   0x08003cd0   0x0000000c   Code   RO         4073    i.vTaskMissedYield  tasks.o
    0x08003cdc   0x08003cdc   0x00000058   Code   RO         4075    i.vTaskPlaceOnEventList  tasks.o
    0x08003d34   0x08003d34   0x00000060   Code   RO         4076    i.vTaskPlaceOnEventListRestricted  tasks.o
    0x08003d94   0x08003d94   0x00000084   Code   RO         4078    i.vTaskPriorityInherit  tasks.o
    0x08003e18   0x08003e18   0x0000004c   Code   RO         4082    i.vTaskSetTimeOutState  tasks.o
    0x08003e64   0x08003e64   0x00000098   Code   RO         4083    i.vTaskStartScheduler  tasks.o
    0x08003efc   0x08003efc   0x00000010   Code   RO         4085    i.vTaskSuspendAll   tasks.o
    0x08003f0c   0x08003f0c   0x00000080   Code   RO         4086    i.vTaskSwitchContext  tasks.o
    0x08003f8c   0x08003f8c   0x00000074   Code   RO         4547    i.xPortStartScheduler  port.o
    0x08004000   0x08004000   0x0000002c   Code   RO         4548    i.xPortSysTickHandler  port.o
    0x0800402c   0x0800402c   0x0000007c   Code   RO         3641    i.xQueueGenericCreate  queue.o
    0x080040a8   0x080040a8   0x00000188   Code   RO         3642    i.xQueueGenericReceive  queue.o
    0x08004230   0x08004230   0x000000ac   Code   RO         3643    i.xQueueGenericReset  queue.o
    0x080042dc   0x080042dc   0x00000184   Code   RO         3644    i.xQueueGenericSend  queue.o
    0x08004460   0x08004460   0x000000e8   Code   RO         3645    i.xQueueGenericSendFromISR  queue.o
    0x08004548   0x08004548   0x0000008c   Code   RO         4087    i.xTaskCheckForTimeOut  tasks.o
    0x080045d4   0x080045d4   0x00000056   Code   RO         4088    i.xTaskCreate       tasks.o
    0x0800462a   0x0800462a   0x00000002   PAD
    0x0800462c   0x0800462c   0x0000001c   Code   RO         4092    i.xTaskGetSchedulerState  tasks.o
    0x08004648   0x08004648   0x0000000c   Code   RO         4093    i.xTaskGetTickCount  tasks.o
    0x08004654   0x08004654   0x000000ec   Code   RO         4095    i.xTaskIncrementTick  tasks.o
    0x08004740   0x08004740   0x000000b8   Code   RO         4098    i.xTaskPriorityDisinherit  tasks.o
    0x080047f8   0x080047f8   0x0000009c   Code   RO         4099    i.xTaskRemoveFromEventList  tasks.o
    0x08004894   0x08004894   0x000000ec   Code   RO         4101    i.xTaskResumeAll    tasks.o
    0x08004980   0x08004980   0x00000074   Code   RO         4417    i.xTimerCreate      timers.o
    0x080049f4   0x080049f4   0x00000074   Code   RO         4418    i.xTimerCreateTimerTask  timers.o
    0x08004a68   0x08004a68   0x00000090   Code   RO         4419    i.xTimerGenericCommand  timers.o
    0x08004af8   0x08004af8   0x00000062   Code   RO         4814    x$fpl$d2f           fz_ws.l(d2f.o)
    0x08004b5a   0x08004b5a   0x00000002   PAD
    0x08004b5c   0x08004b5c   0x00000150   Code   RO         4816    x$fpl$dadd          fz_ws.l(daddsub_clz.o)
    0x08004cac   0x08004cac   0x0000009c   Code   RO         4854    x$fpl$dnaninf       fz_ws.l(dnaninf.o)
    0x08004d48   0x08004d48   0x0000000c   Code   RO         4856    x$fpl$dretinf       fz_ws.l(dretinf.o)
    0x08004d54   0x08004d54   0x000001d4   Code   RO         4818    x$fpl$dsub          fz_ws.l(daddsub_clz.o)
    0x08004f28   0x08004f28   0x00000056   Code   RO         4822    x$fpl$f2d           fz_ws.l(f2d.o)
    0x08004f7e   0x08004f7e   0x00000002   PAD
    0x08004f80   0x08004f80   0x00000036   Code   RO         4824    x$fpl$ffix          fz_ws.l(ffix.o)
    0x08004fb6   0x08004fb6   0x00000002   PAD
    0x08004fb8   0x08004fb8   0x00000030   Code   RO         4829    x$fpl$fflt          fz_ws.l(fflt_clz.o)
    0x08004fe8   0x08004fe8   0x00000102   Code   RO         4834    x$fpl$fmul          fz_ws.l(fmul.o)
    0x080050ea   0x080050ea   0x0000008c   Code   RO         4858    x$fpl$fnaninf       fz_ws.l(fnaninf.o)
    0x08005176   0x08005176   0x0000000a   Code   RO         4860    x$fpl$fretinf       fz_ws.l(fretinf.o)
    0x08005180   0x08005180   0x00000000   Code   RO         4862    x$fpl$usenofp       fz_ws.l(usenofp.o)
    0x08005180   0x08005180   0x00000010   Data   RO         3090    .constdata          system_stm32f1xx.o
    0x08005190   0x08005190   0x00000008   Data   RO         3091    .constdata          system_stm32f1xx.o
    0x08005198   0x08005198   0x00000053   Data   RO            6    .conststring        main.o
    0x080051eb   0x080051eb   0x00000001   PAD
    0x080051ec   0x080051ec   0x00000020   Data   RO         5019    Region$$Table       anon$$obj.o


    Execution Region RW_IRAM1 (Exec base: 0x20000000, Load base: 0x0800520c, Size: 0x00006470, Max: 0x00010000, ABSOLUTE, COMPRESSED[0x00000050])

    Exec Addr    Load Addr    Size         Type   Attr      Idx    E Section Name        Object

    0x20000000   COMPRESSED   0x0000000a   Data   RW            7    .data               main.o
    0x2000000a   COMPRESSED   0x00000002   PAD
    0x2000000c   COMPRESSED   0x00000014   Data   RW          278    .data               timer.o
    0x20000020   COMPRESSED   0x0000000c   Data   RW          332    .data               stm32f1xx_hal.o
    0x2000002c   COMPRESSED   0x00000004   Data   RW         3092    .data               system_stm32f1xx.o
    0x20000030   COMPRESSED   0x00000008   Data   RW         3223    .data               delay.o
    0x20000038   COMPRESSED   0x00000741   Data   RW         3309    .data               c_usart.o
    0x20000779   COMPRESSED   0x00000003   PAD
    0x2000077c   COMPRESSED   0x00000004   Data   RW         3312    .data               c_usart.o
    0x20000780   COMPRESSED   0x00000010   Data   RW         3525    .data               c_pwm.o
    0x20000790   COMPRESSED   0x00000004   Data   RW         3526    .data               c_pwm.o
    0x20000794   COMPRESSED   0x00000018   Data   RW         3579    .data               c_send.o
    0x200007ac   COMPRESSED   0x0000003c   Data   RW         4104    .data               tasks.o
    0x200007e8   COMPRESSED   0x00000014   Data   RW         4427    .data               timers.o
    0x200007fc   COMPRESSED   0x0000000c   Data   RW         4549    .data               port.o
    0x20000808   COMPRESSED   0x00000018   Data   RW         4636    .data               heap_4.o
    0x20000820   COMPRESSED   0x00000004   Data   RW         4690    .data               a0_task.o
    0x20000824   COMPRESSED   0x00000004   Data   RW         4733    .data               b0_task.o
    0x20000828        -       0x000000c0   Zero   RW         3308    .bss                c_usart.o
    0x200008e8        -       0x00000040   Zero   RW         3408    .bss                c_time.o
    0x20000928        -       0x00000074   Zero   RW         3460    .bss                c_adc.o
    0x2000099c        -       0x00000114   Zero   RW         3524    .bss                c_pwm.o
    0x20000ab0        -       0x00000014   Zero   RW         3578    .bss                c_send.o
    0x20000ac4        -       0x00000040   Zero   RW         3656    .bss                queue.o
    0x20000b04        -       0x000002e4   Zero   RW         4103    .bss                tasks.o
    0x20000de8        -       0x00000028   Zero   RW         4426    .bss                timers.o
    0x20000e10        -       0x00005000   Zero   RW         4635    .bss                heap_4.o
    0x20005e10        -       0x00000060   Zero   RW         4897    .bss                c_w.l(libspace.o)
    0x20005e70        -       0x00000200   Zero   RW         3009    HEAP                startup_stm32f103xe.o
    0x20006070        -       0x00000400   Zero   RW         3008    STACK               startup_stm32f103xe.o


==============================================================================

Image component sizes


      Code (inc. data)   RO Data    RW Data    ZI Data      Debug   Object Name

       116         18          0          4          0        971   a0_task.o
        68         14          0          4          0        803   b0_task.o
       280         44          0          0        116       3266   c_adc.o
       528         60          0         20        276       4541   c_pwm.o
        96         12          0         24         20       2814   c_send.o
        24         12          0          0         64       1931   c_time.o
       934        148          0       1861        192      10383   c_usart.o
        74          4          0          8          0      11403   delay.o
         0          0          0          0          0       2436   event_groups.o
       592        146          0         24      20480       4047   heap_4.o
       136          0          0          0          0       3150   list.o
       324        126         83         10          0     450795   main.o
       838        314          0         12          0      10321   port.o
      1858        262          0          0         64      25209   queue.o
        64         26        304          0       1536        832   startup_stm32f103xe.o
       128         24          0         12          0     497457   stm32f1xx_hal.o
      1618         80          0          0          0      11345   stm32f1xx_hal_adc.o
       222         14          0          0          0      29617   stm32f1xx_hal_cortex.o
      1166         52          0          0          0       4582   stm32f1xx_hal_dma.o
       504         42          0          0          0       2328   stm32f1xx_hal_gpio.o
         2          0          0          0          0        458   stm32f1xx_hal_msp.o
      1284        106          0          0          0       5792   stm32f1xx_hal_rcc.o
       212         32          0          0          0       1629   stm32f1xx_hal_rcc_ex.o
      1250         66          0          0          0      11208   stm32f1xx_hal_tim.o
         4          0          0          0          0       1613   stm32f1xx_hal_tim_ex.o
       942         12          0          0          0       8179   stm32f1xx_hal_uart.o
        12          0          0          0          0       4645   stm32f1xx_it.o
        68          0          0          0          0        655   sys.o
        72         16         24          4          0       1227   system_stm32f1xx.o
      2810        724          0         60        740      29427   tasks.o
        16          6          0         20          0       1102   timer.o
      1140        258          0         20         40       9842   timers.o

    ----------------------------------------------------------------------
     17412       2618        444       2088      23528    1154008   Object Totals
         0          0         32          0          0          0   (incl. Generated)
        30          0          1          5          0          0   (incl. Padding)

    ----------------------------------------------------------------------

      Code (inc. data)   RO Data    RW Data    ZI Data      Debug   Library Member Name

        90          0          0          0          0          0   __dczerorl2.o
         8          0          0          0          0         68   __main.o
       184          0          0          0          0         84   __printf_ss.o
         0          0          0          0          0          0   __rtentry.o
        12          0          0          0          0          0   __rtentry2.o
         6          0          0          0          0          0   __rtentry4.o
        52          8          0          0          0          0   __scatter.o
        28          0          0          0          0          0   __scatter_zi.o
        44          0          0          0          0        108   _printf_char.o
        48          6          0          0          0         96   _printf_char_common.o
        36          4          0          0          0         80   _printf_char_file.o
         6          0          0          0          0          0   _printf_d.o
       120         16          0          0          0         92   _printf_dec.o
       178          0          0          0          0         88   _printf_intcommon.o
         0          0          0          0          0          0   _printf_percent.o
         4          0          0          0          0          0   _printf_percent_end.o
         6          0          0          0          0          0   _printf_s.o
        82          0          0          0          0         80   _printf_str.o
        16          0          0          0          0         68   aeabi_memset.o
        18          0          0          0          0         80   exit.o
         8          0          0          0          0         68   ferror.o
         6          0          0          0          0        152   heapauxi.o
         2          0          0          0          0          0   libinit.o
         2          0          0          0          0          0   libinit2.o
         2          0          0          0          0          0   libshutdown.o
         2          0          0          0          0          0   libshutdown2.o
         8          4          0          0         96         68   libspace.o
        24          4          0          0          0         84   noretval__2printf.o
        68          0          0          0          0         68   rt_memclr.o
        78          0          0          0          0         80   rt_memclr_w.o
       138          0          0          0          0         68   rt_memcpy_v6.o
       100          0          0          0          0         80   rt_memcpy_w.o
         2          0          0          0          0          0   rtexit.o
        10          0          0          0          0          0   rtexit2.o
        74          0          0          0          0         80   sys_stackheap_outer.o
         2          0          0          0          0         68   use_no_semi.o
         2          0          0          0          0         68   use_no_semi_2.o
        98          4          0          0          0         92   d2f.o
       804         16          0          0          0        272   daddsub_clz.o
       156          4          0          0          0         92   dnaninf.o
        12          0          0          0          0         68   dretinf.o
        86          4          0          0          0         84   f2d.o
        54          4          0          0          0         84   ffix.o
        48          0          0          0          0         68   fflt_clz.o
       258          4          0          0          0         84   fmul.o
       140          4          0          0          0         84   fnaninf.o
        10          0          0          0          0         68   fretinf.o
         0          0          0          0          0          0   usenofp.o

    ----------------------------------------------------------------------
      3148         82          0          0         96       2724   Library Totals
        16          0          0          0          0          0   (incl. Padding)

    ----------------------------------------------------------------------

      Code (inc. data)   RO Data    RW Data    ZI Data      Debug   Library Name

      1466         42          0          0         96       1728   c_w.l
      1666         40          0          0          0        996   fz_ws.l

    ----------------------------------------------------------------------
      3148         82          0          0         96       2724   Library Totals

    ----------------------------------------------------------------------

==============================================================================


      Code (inc. data)   RO Data    RW Data    ZI Data      Debug   

     20560       2700        444       2088      23624    1146432   Grand Totals
     20560       2700        444         80      23624    1146432   ELF Image Totals (compressed)
     20560       2700        444         80          0          0   ROM Totals

==============================================================================

    Total RO  Size (Code + RO Data)                21004 (  20.51kB)
    Total RW  Size (RW Data + ZI Data)             25712 (  25.11kB)
    Total ROM Size (Code + RO Data + RW Data)      21084 (  20.59kB)

==============================================================================

