Component: ARM Compiler 5.06 update 6 (build 750) Tool: armlink [4d35ed]

==============================================================================

Section Cross References

    main.o(i.main) refers to _printf_percent.o(.ARM.Collect$$_printf_percent$$00000000) for _printf_percent
    main.o(i.main) refers to _printf_s.o(.ARM.Collect$$_printf_percent$$00000014) for _printf_s
    main.o(i.main) refers to _printf_str.o(.text) for _printf_str
    main.o(i.main) refers to _printf_d.o(.ARM.Collect$$_printf_percent$$00000009) for _printf_d
    main.o(i.main) refers to _printf_dec.o(.text) for _printf_int_dec
    main.o(i.main) refers to stm32f1xx_hal.o(i.HAL_Init) for HAL_Init
    main.o(i.main) refers to sys.o(i.Stm32_Clock_Init) for Stm32_Clock_Init
    main.o(i.main) refers to delay.o(i.delay_init) for delay_init
    main.o(i.main) refers to delay.o(i.delay_ms) for delay_ms
    main.o(i.main) refers to c_adc.o(i.MX_DMA_Init_) for MX_DMA_Init_
    main.o(i.main) refers to c_adc.o(i.MY_ADC_Init) for MY_ADC_Init
    main.o(i.main) refers to noretval__2printf.o(.text) for __2printf
    main.o(i.main) refers to stm32f1xx_hal_rcc.o(i.HAL_RCC_GetHCLKFreq) for HAL_RCC_GetHCLKFreq
    main.o(i.main) refers to stm32f1xx_hal_adc.o(i.HAL_ADC_Start_DMA) for HAL_ADC_Start_DMA
    main.o(i.main) refers to tasks.o(i.xTaskCreate) for xTaskCreate
    main.o(i.main) refers to tasks.o(i.vTaskStartScheduler) for vTaskStartScheduler
    main.o(i.main) refers to c_key.o(.data) for C_KEY
    main.o(i.main) refers to c_usart.o(.data) for C_USART
    main.o(i.main) refers to c_pwm.o(.data) for C_PWM
    main.o(i.main) refers to c_oled.o(.data) for C_OLED
    main.o(i.main) refers to main.o(.conststring) for .conststring
    main.o(i.main) refers to main.o(.data) for .data
    main.o(i.main) refers to c_adc.o(.bss) for hadc1
    main.o(i.main) refers to main.o(i.start_task) for start_task
    main.o(i.start_task) refers to port.o(i.vPortEnterCritical) for vPortEnterCritical
    main.o(i.start_task) refers to tasks.o(i.xTaskCreate) for xTaskCreate
    main.o(i.start_task) refers to tasks.o(i.vTaskDelete) for vTaskDelete
    main.o(i.start_task) refers to port.o(i.vPortExitCritical) for vPortExitCritical
    main.o(i.start_task) refers to a0_task.o(.data) for A0Task_Handler
    main.o(i.start_task) refers to a0_task.o(i.A0_task) for A0_task
    main.o(i.start_task) refers to b0_task.o(.data) for B0Task_Handler
    main.o(i.start_task) refers to b0_task.o(i.B0_task) for B0_task
    main.o(i.start_task) refers to c0_task.o(.data) for C0Task_Handler
    main.o(i.start_task) refers to c0_task.o(i.C0_task) for C0_task
    main.o(i.start_task) refers to key_task.o(.data) for KEYTask_Handler
    main.o(i.start_task) refers to key_task.o(i.KEY_task) for KEY_task
    main.o(i.start_task) refers to main.o(.data) for .data
    timer.o(i.Timer_Run) refers to timer.o(.data) for .data
    timer.o(.data) refers to timer.o(i.Timer_Run) for Timer_Run
    stm32f1xx_hal.o(i.HAL_DeInit) refers to stm32f1xx_hal.o(i.HAL_MspDeInit) for HAL_MspDeInit
    stm32f1xx_hal.o(i.HAL_Delay) refers to stm32f1xx_hal.o(i.HAL_GetTick) for HAL_GetTick
    stm32f1xx_hal.o(i.HAL_Delay) refers to stm32f1xx_hal.o(.data) for .data
    stm32f1xx_hal.o(i.HAL_GetTick) refers to stm32f1xx_hal.o(.data) for .data
    stm32f1xx_hal.o(i.HAL_GetTickFreq) refers to stm32f1xx_hal.o(.data) for .data
    stm32f1xx_hal.o(i.HAL_GetTickPrio) refers to stm32f1xx_hal.o(.data) for .data
    stm32f1xx_hal.o(i.HAL_IncTick) refers to stm32f1xx_hal.o(.data) for .data
    stm32f1xx_hal.o(i.HAL_Init) refers to stm32f1xx_hal_cortex.o(i.HAL_NVIC_SetPriorityGrouping) for HAL_NVIC_SetPriorityGrouping
    stm32f1xx_hal.o(i.HAL_Init) refers to stm32f1xx_hal.o(i.HAL_InitTick) for HAL_InitTick
    stm32f1xx_hal.o(i.HAL_Init) refers to stm32f1xx_hal_msp.o(i.HAL_MspInit) for HAL_MspInit
    stm32f1xx_hal.o(i.HAL_InitTick) refers to stm32f1xx_hal_cortex.o(i.HAL_SYSTICK_Config) for HAL_SYSTICK_Config
    stm32f1xx_hal.o(i.HAL_InitTick) refers to stm32f1xx_hal_cortex.o(i.HAL_NVIC_SetPriority) for HAL_NVIC_SetPriority
    stm32f1xx_hal.o(i.HAL_InitTick) refers to stm32f1xx_hal.o(.data) for .data
    stm32f1xx_hal.o(i.HAL_InitTick) refers to system_stm32f1xx.o(.data) for SystemCoreClock
    stm32f1xx_hal.o(i.HAL_SetTickFreq) refers to stm32f1xx_hal.o(i.HAL_InitTick) for HAL_InitTick
    stm32f1xx_hal.o(i.HAL_SetTickFreq) refers to stm32f1xx_hal.o(.data) for .data
    stm32f1xx_hal_cortex.o(i.HAL_NVIC_SetPriority) refers to stm32f1xx_hal_cortex.o(i.__NVIC_SetPriority) for __NVIC_SetPriority
    stm32f1xx_hal_cortex.o(i.HAL_SYSTICK_Config) refers to stm32f1xx_hal_cortex.o(i.__NVIC_SetPriority) for __NVIC_SetPriority
    stm32f1xx_hal_cortex.o(i.HAL_SYSTICK_IRQHandler) refers to stm32f1xx_hal_cortex.o(i.HAL_SYSTICK_Callback) for HAL_SYSTICK_Callback
    stm32f1xx_hal_gpio.o(i.HAL_GPIO_EXTI_IRQHandler) refers to stm32f1xx_hal_gpio.o(i.HAL_GPIO_EXTI_Callback) for HAL_GPIO_EXTI_Callback
[...]
    .data                                    0x200001f8   Section       60  tasks.o(.data)
    uxDeletedTasksWaitingCleanUp             0x200001fc   Data           4  tasks.o(.data)
    uxCurrentNumberOfTasks                   0x20000200   Data           4  tasks.o(.data)
    xTickCount                               0x20000204   Data           4  tasks.o(.data)
    uxTopReadyPriority                       0x20000208   Data           4  tasks.o(.data)
    xSchedulerRunning                        0x2000020c   Data           4  tasks.o(.data)
    uxPendedTicks                            0x20000210   Data           4  tasks.o(.data)
    xYieldPending                            0x20000214   Data           4  tasks.o(.data)
    xNumOfOverflows                          0x20000218   Data           4  tasks.o(.data)
    uxTaskNumber                             0x2000021c   Data           4  tasks.o(.data)
    xNextTaskUnblockTime                     0x20000220   Data           4  tasks.o(.data)
    xIdleTaskHandle                          0x20000224   Data           4  tasks.o(.data)
    uxSchedulerSuspended                     0x20000228   Data           4  tasks.o(.data)
    pxDelayedTaskList                        0x2000022c   Data           4  tasks.o(.data)
    pxOverflowDelayedTaskList                0x20000230   Data           4  tasks.o(.data)
    .data                                    0x20000234   Section       20  timers.o(.data)
    xTimerQueue                              0x20000234   Data           4  timers.o(.data)
    xTimerTaskHandle                         0x20000238   Data           4  timers.o(.data)
    xLastTime                                0x2000023c   Data           4  timers.o(.data)
    pxCurrentTimerList                       0x20000240   Data           4  timers.o(.data)
    pxOverflowTimerList                      0x20000244   Data           4  timers.o(.data)
    .data                                    0x20000248   Section       12  port.o(.data)
    ucMaxSysCallPriority                     0x20000248   Data           1  port.o(.data)
    uxCriticalNesting                        0x2000024c   Data           4  port.o(.data)
    ulMaxPRIGROUPValue                       0x20000250   Data           4  port.o(.data)
    .data                                    0x20000254   Section       24  heap_4.o(.data)
    pxEnd                                    0x20000254   Data           4  heap_4.o(.data)
    xFreeBytesRemaining                      0x20000258   Data           4  heap_4.o(.data)
    xMinimumEverFreeBytesRemaining           0x2000025c   Data           4  heap_4.o(.data)
    xBlockAllocatedBit                       0x20000260   Data           4  heap_4.o(.data)
    xStart                                   0x20000264   Data           8  heap_4.o(.data)
    .data                                    0x2000026c   Section        4  a0_task.o(.data)
    .data                                    0x20000270   Section        4  b0_task.o(.data)
    .data                                    0x20000274   Section        4  c0_task.o(.data)
    .data                                    0x20000278   Section        4  key_task.o(.data)
    .bss                                     0x2000027c   Section      192  c_usart.o(.bss)
    .bss                                     0x2000033c   Section      116  c_adc.o(.bss)
    .bss                                     0x200003b0   Section      276  c_pwm.o(.bss)
    .bss                                     0x200004c4   Section      576  c_oled.o(.bss)
    .bss                                     0x20000704   Section       20  c_send.o(.bss)
    .bss                                     0x20000718   Section       64  queue.o(.bss)
    .bss                                     0x20000758   Section      740  tasks.o(.bss)
    pxReadyTasksLists                        0x20000758   Data         640  tasks.o(.bss)
    xDelayedTaskList1                        0x200009d8   Data          20  tasks.o(.bss)
    xDelayedTaskList2                        0x200009ec   Data          20  tasks.o(.bss)
    xPendingReadyList                        0x20000a00   Data          20  tasks.o(.bss)
    xTasksWaitingTermination                 0x20000a14   Data          20  tasks.o(.bss)
    xSuspendedTaskList                       0x20000a28   Data          20  tasks.o(.bss)
    .bss                                     0x20000a3c   Section       40  timers.o(.bss)
    xActiveTimerList1                        0x20000a3c   Data          20  timers.o(.bss)
    xActiveTimerList2                        0x20000a50   Data          20  timers.o(.bss)
    .bss                                     0x20000a64   Section    20480  heap_4.o(.bss)
    ucHeap                                   0x20000a64   Data       20480  heap_4.o(.bss)
    .bss                                     0x20005a64   Section       96  libspace.o(.bss)
    HEAP                                     0x20005ac8   Section      512  startup_stm32f103xe.o(HEAP)
    Heap_Mem                                 0x20005ac8   Data         512  startup_stm32f103xe.o(HEAP)
    STACK                                    0x20005cc8   Section     1024  startup_stm32f103xe.o(STACK)
    Stack_Mem                                0x20005cc8   Data        1024  startup_stm32f103xe.o(STACK)
    __initial_sp                             0x200060c8   Data           0  startup_stm32f103xe.o(STACK)

    Global Symbols

    Symbol Name                              Value     Ov Type        Size  Object(Section)

    BuildAttributes$$THM_ISAv4$P$D$K$B$S$PE$A:L22UL41UL21$X:L11$S22US41US21$IEEE1$IW$USESV6$~STKCKD$USESV7$~SHL$OSPACE$ROPI$EBA8$UX$STANDARDLIB$REQ8$PRES8$EABIv2 0x00000000   Number         0  anon$$obj.o ABSOLUTE
    __ARM_use_no_argv                        0x00000000   Number         0  main.o ABSOLUTE
    _printf_flags                            0x00000000   Number         0  printf_stubs.o ABSOLUTE
    _printf_return_value                     0x00000000   Number         0  printf_stubs.o ABSOLUTE
    _printf_sizespec                         0x00000000   Number         0  printf_stubs.o ABSOLUTE
    _printf_widthprec                        0x00000000   Number         0  printf_stubs.o ABSOLUTE
    __ARM_exceptions_init                     - Undefined Weak Reference
    __alloca_initialize                       - Undefined Weak Reference
    __arm_preinit_                            - Undefined Weak Reference
    __cpp_initialize__aeabi_                  - Undefined Weak Reference
    __cxa_finalize                            - Undefined Weak Reference
    __rt_locale                               - Undefined Weak Reference
    __sigvec_lookup                           - Undefined Weak Reference
    _atexit_init                              - Undefined Weak Reference
    _call_atexit_fns                          - Undefined Weak Reference
    _clock_init                               - Undefined Weak Reference
    _fp_trap_init                             - Undefined Weak Reference
    _fp_trap_shutdown                         - Undefined Weak Reference
    _get_lc_collate                           - Undefined Weak Reference
    _get_lc_ctype                             - Undefined Weak Reference
    _get_lc_monetary                          - Undefined Weak Reference
    _get_lc_numeric                           - Undefined Weak Reference
    _get_lc_time                              - Undefined Weak Reference
    _getenv_init                              - Undefined Weak Reference
    _handle_redirection                       - Undefined Weak Reference
    _init_alloc                               - Undefined Weak Reference
    _init_user_alloc                          - Undefined Weak Reference
    _initio                                   - Undefined Weak Reference
    _mutex_acquire                            - Undefined Weak Reference
    _mutex_release                            - Undefined Weak Reference
    _printf_mbtowc                            - Undefined Weak Reference
    _printf_post_padding                      - Undefined Weak Reference
    _printf_pre_padding                       - Undefined Weak Reference
    _printf_truncate_signed                   - Undefined Weak Reference
    _printf_truncate_unsigned                 - Undefined Weak Reference
    _rand_init                                - Undefined Weak Reference
    _signal_finish                            - Undefined Weak Reference
    _signal_init                              - Undefined Weak Reference
    _terminate_alloc                          - Undefined Weak Reference
    _terminate_user_alloc                     - Undefined Weak Reference
    _terminateio                              - Undefined Weak Reference
    __Vectors_Size                           0x00000130   Number         0  startup_stm32f103xe.o ABSOLUTE
    __Vectors                                0x08000000   Data           4  startup_stm32f103xe.o(RESET)
    __Vectors_End                            0x08000130   Data           0  startup_stm32f103xe.o(RESET)
    __main                                   0x08000131   Thumb Code     8  __main.o(!!!main)
    __scatterload                            0x08000139   Thumb Code     0  __scatter.o(!!!scatter)
    __scatterload_rt2                        0x08000139   Thumb Code    44  __scatter.o(!!!scatter)
    __scatterload_rt2_thumb_only             0x08000139   Thumb Code     0  __scatter.o(!!!scatter)
    __scatterload_null                       0x08000147   Thumb Code     0  __scatter.o(!!!scatter)
    __decompress                             0x0800016d   Thumb Code    90  __dczerorl2.o(!!dczerorl2)
    __decompress1                            0x0800016d   Thumb Code     0  __dczerorl2.o(!!dczerorl2)
    __scatterload_zeroinit                   0x080001c9   Thumb Code    28  __scatter_zi.o(!!handler_zi)
    _printf_d                                0x080001e5   Thumb Code     0  _printf_d.o(.ARM.Collect$$_printf_percent$$00000009)
    _printf_percent                          0x080001e5   Thumb Code     0  _printf_percent.o(.ARM.Collect$$_printf_percent$$00000000)
    _printf_s                                0x080001eb   Thumb Code     0  _printf_s.o(.ARM.Collect$$_printf_percent$$00000014)
    _printf_percent_end                      0x080001f1   Thumb Code     0  _printf_percent_end.o(.ARM.Collect$$_printf_percent$$00000017)
    __rt_lib_init                            0x080001f5   Thumb Code     0  libinit.o(.ARM.Collect$$libinit$$00000000)
    __rt_lib_init_alloca_1                   0x080001f7   Thumb Code     0  libinit2.o(.ARM.Collect$$libinit$$0000002E)
    __rt_lib_init_argv_1                     0x080001f7   Thumb Code     0  libinit2.o(.ARM.Collect$$libinit$$0000002C)
    __rt_lib_init_atexit_1                   0x080001f7   Thumb Code     0  libinit2.o(.ARM.Collect$$libinit$$0000001B)
    __rt_lib_init_clock_1                    0x080001f7   Thumb Code     0  libinit2.o(.ARM.Collect$$libinit$$00000021)
    __rt_lib_init_cpp_1                      0x080001f7   Thumb Code     0  libinit2.o(.ARM.Collect$$libinit$$00000032)
    __rt_lib_init_exceptions_1               0x080001f7   Thumb Code     0  libinit2.o(.ARM.Collect$$libinit$$00000030)
    __rt_lib_init_fp_1                       0x080001f7   Thumb Code     0  libinit2.o(.ARM.Collect$$libinit$$00000002)
    __rt_lib_init_fp_trap_1                  0x080001f7   Thumb Code     0  libinit2.o(.ARM.Collect$$libinit$$0000001F)
    __rt_lib_init_getenv_1                   0x080001f7   Thumb Code     0  libinit2.o(.ARM.Collect$$libinit$$00000023)
    __rt_lib_init_heap_1                     0x080001f7   Thumb Code     0  libinit2.o(.ARM.Collect$$libinit$$0000000A)
    __rt_lib_init_lc_collate_1               0x080001f7   Thumb Code     0  libinit2.o(.ARM.Collect$$libinit$$00000011)
    __rt_lib_init_lc_ctype_1                 0x080001f7   Thumb Code     0  libinit2.o(.ARM.Collect$$libinit$$00000013)
    __rt_lib_init_lc_monetary_1              0x080001f7   Thumb Code     0  libinit2.o(.ARM.Collect$$libinit$$00000015)
    __rt_lib_init_lc_numeric_1               0x080001f7   Thumb Code     0  libinit2.o(.ARM.Collect$$libinit$$00000017)
    __rt_lib_init_lc_time_1                  0x080001f7   Thumb Code     0  libinit2.o(.ARM.Collect$$libinit$$00000019)
    __rt_lib_init_preinit_1                  0x080001f7   Thumb Code     0  libinit2.o(.ARM.Collect$$libinit$$00000004)
    __rt_lib_init_rand_1                     0x080001f7   Thumb Code     0  libinit2.o(.ARM.Collect$$libinit$$0000000E)
    __rt_lib_init_return                     0x080001f7   Thumb Code     0  libinit2.o(.ARM.Collect$$libinit$$00000033)
    __rt_lib_init_signal_1                   0x080001f7   Thumb Code     0  libinit2.o(.ARM.Collect$$libinit$$0000001D)
    __rt_lib_init_stdio_1                    0x080001f7   Thumb Code     0  libinit2.o(.ARM.Collect$$libinit$$00000025)
    __rt_lib_init_user_alloc_1               0x080001f7   Thumb Code     0  libinit2.o(.ARM.Collect$$libinit$$0000000C)
    __rt_lib_shutdown                        0x080001f9   Thumb Code     0  libshutdown.o(.ARM.Collect$$libshutdown$$00000000)
    __rt_lib_shutdown_cpp_1                  0x080001fb   Thumb Code     0  libshutdown2.o(.ARM.Collect$$libshutdown$$00000002)
    __rt_lib_shutdown_fp_trap_1              0x080001fb   Thumb Code     0  libshutdown2.o(.ARM.Collect$$libshutdown$$00000007)
    __rt_lib_shutdown_heap_1                 0x080001fb   Thumb Code     0  libshutdown2.o(.ARM.Collect$$libshutdown$$0000000F)
    __rt_lib_shutdown_return                 0x080001fb   Thumb Code     0  libshutdown2.o(.ARM.Collect$$libshutdown$$00000010)
    __rt_lib_shutdown_signal_1               0x080001fb   Thumb Code     0  libshutdown2.o(.ARM.Collect$$libshutdown$$0000000A)
    __rt_lib_shutdown_stdio_1                0x080001fb   Thumb Code     0  libshutdown2.o(.ARM.Collect$$libshutdown$$00000004)
    __rt_lib_shutdown_user_alloc_1           0x080001fb   Thumb Code     0  libshutdown2.o(.ARM.Collect$$libshutdown$$0000000C)
    __rt_entry                               0x080001fd   Thumb Code     0  __rtentry.o(.ARM.Collect$$rtentry$$00000000)
    __rt_entry_presh_1                       0x080001fd   Thumb Code     0  __rtentry2.o(.ARM.Collect$$rtentry$$00000002)
    __rt_entry_sh                            0x080001fd   Thumb Code     0  __rtentry4.o(.ARM.Collect$$rtentry$$00000004)
    __rt_entry_li                            0x08000203   Thumb Code     0  __rtentry2.o(.ARM.Collect$$rtentry$$0000000A)
    __rt_entry_postsh_1                      0x08000203   Thumb Code     0  __rtentry2.o(.ARM.Collect$$rtentry$$00000009)
    __rt_entry_main                          0x08000207   Thumb Code     0  __rtentry2.o(.ARM.Collect$$rtentry$$0000000D)
    __rt_entry_postli_1                      0x08000207   Thumb Code     0  __rtentry2.o(.ARM.Collect$$rtentry$$0000000C)
    __rt_exit                                0x0800020f   Thumb Code     0  rtexit.o(.ARM.Collect$$rtexit$$00000000)
    __rt_exit_ls                             0x08000211   Thumb Code     0  rtexit2.o(.ARM.Collect$$rtexit$$00000003)
    __rt_exit_prels_1                        0x08000211   Thumb Code     0  rtexit2.o(.ARM.Collect$$rtexit$$00000002)
    __rt_exit_exit                           0x08000215   Thumb Code     0  rtexit2.o(.ARM.Collect$$rtexit$$00000004)
    SVC_Handler                              0x0800021d   Thumb Code    32  port.o(.emb_text)
    __asm___6_port_c_39a90d8d__prvStartFirstTask 0x08000241   Thumb Code    28  port.o(.emb_text)
    PendSV_Handler                           0x08000261   Thumb Code    72  port.o(.emb_text)
    vPortGetIPSR                             0x080002ad   Thumb Code     6  port.o(.emb_text)
    Reset_Handler                            0x080002b5   Thumb Code     8  startup_stm32f103xe.o(.text)
    ADC1_2_IRQHandler                        0x080002cf   Thumb Code     0  startup_stm32f103xe.o(.text)
    ADC3_IRQHandler                          0x080002cf   Thumb Code     0  startup_stm32f103xe.o(.text)
    CAN1_RX1_IRQHandler                      0x080002cf   Thumb Code     0  startup_stm32f103xe.o(.text)
    CAN1_SCE_IRQHandler                      0x080002cf   Thumb Code     0  startup_stm32f103xe.o(.text)
    DMA1_Channel2_IRQHandler                 0x080002cf   Thumb Code     0  startup_stm32f103xe.o(.text)
    DMA1_Channel3_IRQHandler                 0x080002cf   Thumb Code     0  startup_stm32f103xe.o(.text)
    DMA1_Channel4_IRQHandler                 0x080002cf   Thumb Code     0  startup_stm32f103xe.o(.text)
    DMA1_Channel5_IRQHandler                 0x080002cf   Thumb Code     0  startup_stm32f103xe.o(.text)
    DMA1_Channel6_IRQHandler                 0x080002cf   Thumb Code     0  startup_stm32f103xe.o(.text)
    DMA1_Channel7_IRQHandler                 0x080002cf   Thumb Code     0  startup_stm32f103xe.o(.text)
    DMA2_Channel1_IRQHandler                 0x080002cf   Thumb Code     0  startup_stm32f103xe.o(.text)
    DMA2_Channel2_IRQHandler                 0x080002cf   Thumb Code     0  startup_stm32f103xe.o(.text)
    DMA2_Channel3_IRQHandler                 0x080002cf   Thumb Code     0  startup_stm32f103xe.o(.text)
    DMA2_Channel4_5_IRQHandler               0x080002cf   Thumb Code     0  startup_stm32f103xe.o(.text)
    EXTI0_IRQHandler                         0x080002cf   Thumb Code     0  startup_stm32f103xe.o(.text)
    EXTI15_10_IRQHandler                     0x080002cf   Thumb Code     0  startup_stm32f103xe.o(.text)
    EXTI1_IRQHandler                         0x080002cf   Thumb Code     0  startup_stm32f103xe.o(.text)
    EXTI2_IRQHandler                         0x080002cf   Thumb Code     0  startup_stm32f103xe.o(.text)
    EXTI3_IRQHandler                         0x080002cf   Thumb Code     0  startup_stm32f103xe.o(.text)
    EXTI4_IRQHandler                         0x080002cf   Thumb Code     0  startup_stm32f103xe.o(.text)
    EXTI9_5_IRQHandler                       0x080002cf   Thumb Code     0  startup_stm32f103xe.o(.text)
    FLASH_IRQHandler                         0x080002cf   Thumb Code     0  startup_stm32f103xe.o(.text)
    FSMC_IRQHandler                          0x080002cf   Thumb Code     0  startup_stm32f103xe.o(.text)
    I2C1_ER_IRQHandler                       0x080002cf   Thumb Code     0  startup_stm32f103xe.o(.text)
    I2C1_EV_IRQHandler                       0x080002cf   Thumb Code     0  startup_stm32f103xe.o(.text)
    I2C2_ER_IRQHandler                       0x080002cf   Thumb Code     0  startup_stm32f103xe.o(.text)
    I2C2_EV_IRQHandler                       0x080002cf   Thumb Code     0  startup_stm32f103xe.o(.text)
    PVD_IRQHandler                           0x080002cf   Thumb Code     0  startup_stm32f103xe.o(.text)
    RCC_IRQHandler                           0x080002cf   Thumb Code     0  startup_stm32f103xe.o(.text)
    RTC_Alarm_IRQHandler                     0x080002cf   Thumb Code     0  startup_stm32f103xe.o(.text)
    RTC_IRQHandler                           0x080002cf   Thumb Code     0  startup_stm32f103xe.o(.text)
    SDIO_IRQHandler                          0x080002cf   Thumb Code     0  startup_stm32f103xe.o(.text)
    SPI1_IRQHandler                          0x080002cf   Thumb Code     0  startup_stm32f103xe.o(.text)
    SPI2_IRQHandler                          0x080002cf   Thumb Code     0  startup_stm32f103xe.o(.text)
    SPI3_IRQHandler                          0x080002cf   Thumb Code     0  startup_stm32f103xe.o(.text)
    TAMPER_IRQHandler                        0x080002cf   Thumb Code     0  startup_stm32f103xe.o(.text)
    TIM1_BRK_IRQHandler                      0x080002cf   Thumb Code     0  startup_stm32f103xe.o(.text)
    TIM1_CC_IRQHandler                       0x080002cf   Thumb Code     0  startup_stm32f103xe.o(.text)
    TIM1_TRG_COM_IRQHandler                  0x080002cf   Thumb Code     0  startup_stm32f103xe.o(.text)
    TIM1_UP_IRQHandler                       0x080002cf   Thumb Code     0  startup_stm32f103xe.o(.text)
    TIM2_IRQHandler                          0x080002cf   Thumb Code     0  startup_stm32f103xe.o(.text)
    TIM3_IRQHandler                          0x080002cf   Thumb Code     0  startup_stm32f103xe.o(.text)
    TIM4_IRQHandler                          0x080002cf   Thumb Code     0  startup_stm32f103xe.o(.text)
    TIM5_IRQHandler                          0x080002cf   Thumb Code     0  startup_stm32f103xe.o(.text)
    TIM6_IRQHandler                          0x080002cf   Thumb Code     0  startup_stm32f103xe.o(.text)
    TIM7_IRQHandler                          0x080002cf   Thumb Code     0  startup_stm32f103xe.o(.text)
    TIM8_BRK_IRQHandler                      0x080002cf   Thumb Code     0  startup_stm32f103xe.o(.text)
    TIM8_CC_IRQHandler                       0x080002cf   Thumb Code     0  startup_stm32f103xe.o(.text)
    TIM8_TRG_COM_IRQHandler                  0x080002cf   Thumb Code     0  startup_stm32f103xe.o(.text)
    TIM8_UP_IRQHandler                       0x080002cf   Thumb Code     0  startup_stm32f103xe.o(.text)
    UART4_IRQHandler                         0x080002cf   Thumb Code     0  startup_stm32f103xe.o(.text)
    UART5_IRQHandler                         0x080002cf   Thumb Code     0  startup_stm32f103xe.o(.text)
    USBWakeUp_IRQHandler                     0x080002cf   Thumb Code     0  startup_stm32f103xe.o(.text)
    USB_HP_CAN1_TX_IRQHandler                0x080002cf   Thumb Code     0  startup_stm32f103xe.o(.text)
    USB_LP_CAN1_RX0_IRQHandler               0x080002cf   Thumb Code     0  startup_stm32f103xe.o(.text)
    WWDG_IRQHandler                          0x080002cf   Thumb Code     0  startup_stm32f103xe.o(.text)
    __user_initial_stackheap                 0x080002d1   Thumb Code     0  startup_stm32f103xe.o(.text)
    __use_no_semihosting                     0x080002f5   Thumb Code     2  use_no_semi_2.o(.text)
    __2printf                                0x080002f9   Thumb Code    20  noretval__2printf.o(.text)
    _printf_str                              0x08000311   Thumb Code    82  _printf_str.o(.text)
    _printf_int_dec                          0x08000365   Thumb Code   104  _printf_dec.o(.text)
    __printf                                 0x080003dd   Thumb Code   184  __printf_ss.o(.text)
    __aeabi_memcpy                           0x08000495   Thumb Code     0  rt_memcpy_v6.o(.text)
    __rt_memcpy                              0x08000495   Thumb Code   138  rt_memcpy_v6.o(.text)
    _memcpy_lastbytes                        0x080004fb   Thumb Code     0  rt_memcpy_v6.o(.text)
    __aeabi_memset                           0x0800051f   Thumb Code    16  aeabi_memset.o(.text)
    __use_two_region_memory                  0x0800052f   Thumb Code     2  heapauxi.o(.text)
    __rt_heap_escrow$2region                 0x08000531   Thumb Code     2  heapauxi.o(.text)
    __rt_heap_expand$2region                 0x08000533   Thumb Code     2  heapauxi.o(.text)
    __I$use$semihosting                      0x08000535   Thumb Code     0  use_no_semi.o(.text)
    __use_no_semihosting_swi                 0x08000535   Thumb Code     2  use_no_semi.o(.text)
    _printf_int_common                       0x08000537   Thumb Code   178  _printf_intcommon.o(.text)
    _printf_char_common                      0x080005f3   Thumb Code    32  _printf_char_common.o(.text)
    _printf_cs_common                        0x08000619   Thumb Code    20  _printf_char.o(.text)
    _printf_char                             0x0800062d   Thumb Code    16  _printf_char.o(.text)
    _printf_string                           0x0800063d   Thumb Code     8  _printf_char.o(.text)
    _printf_char_file                        0x08000645   Thumb Code    32  _printf_char_file.o(.text)
    __aeabi_memcpy4                          0x08000669   Thumb Code     0  rt_memcpy_w.o(.text)
    __aeabi_memcpy8                          0x08000669   Thumb Code     0  rt_memcpy_w.o(.text)
    __rt_memcpy_w                            0x08000669   Thumb Code   100  rt_memcpy_w.o(.text)
    _memcpy_lastbytes_aligned                0x080006b1   Thumb Code     0  rt_memcpy_w.o(.text)
    __aeabi_memclr                           0x080006cd   Thumb Code     0  rt_memclr.o(.text)
    __rt_memclr                              0x080006cd   Thumb Code    68  rt_memclr.o(.text)
    _memset                                  0x080006d1   Thumb Code     0  rt_memclr.o(.text)
    ferror                                   0x08000711   Thumb Code     8  ferror.o(.text)
    __aeabi_memclr4                          0x08000719   Thumb Code     0  rt_memclr_w.o(.text)
    __aeabi_memclr8                          0x08000719   Thumb Code     0  rt_memclr_w.o(.text)
    __rt_memclr_w                            0x08000719   Thumb Code    78  rt_memclr_w.o(.text)
    _memset_w                                0x0800071d   Thumb Code     0  rt_memclr_w.o(.text)
    __user_setup_stackheap                   0x08000767   Thumb Code    74  sys_stackheap_outer.o(.text)
    exit                                     0x080007b1   Thumb Code    18  exit.o(.text)
    __user_libspace                          0x080007c5   Thumb Code     8  libspace.o(.text)
    __user_perproc_libspace                  0x080007c5   Thumb Code     0  libspace.o(.text)
    __user_perthread_libspace                0x080007c5   Thumb Code     0  libspace.o(.text)
    A0_task                                  0x080007cd   Thumb Code   146  a0_task.o(i.A0_task)
    ADC_ConversionStop_Disable               0x0800087d   Thumb Code    76  stm32f1xx_hal_adc.o(i.ADC_ConversionStop_Disable)
    ADC_DMAConvCplt                          0x080008c9   Thumb Code    78  stm32f1xx_hal_adc.o(i.ADC_DMAConvCplt)
    ADC_DMAError                             0x08000917   Thumb Code    26  stm32f1xx_hal_adc.o(i.ADC_DMAError)
    ADC_DMAHalfConvCplt                      0x08000931   Thumb Code    10  stm32f1xx_hal_adc.o(i.ADC_DMAHalfConvCplt)
    ADC_Enable                               0x0800093d   Thumb Code   104  stm32f1xx_hal_adc.o(i.ADC_Enable)
    B0_task                                  0x080009ad   Thumb Code    18  b0_task.o(i.B0_task)
    BusFault_Handler                         0x080009c9   Thumb Code     2  stm32f1xx_it.o(i.BusFault_Handler)
    C0_task                                  0x080009cd   Thumb Code    22  c0_task.o(i.C0_task)
    DMA1_Channel1_IRQHandler                 0x080009ed   Thumb Code     6  c_adc.o(i.DMA1_Channel1_IRQHandler)
    DXer                                     0x08000a23   Thumb Code    14  c_send.o(i.DXer)
    DebugMon_Handler                         0x08000a31   Thumb Code     2  stm32f1xx_it.o(i.DebugMon_Handler)
    Get_Adc                                  0x08000a35   Thumb Code    44  c_adc.o(i.Get_Adc)
    HAL_ADC_ConfigChannel                    0x08000a65   Thumb Code   240  stm32f1xx_hal_adc.o(i.HAL_ADC_ConfigChannel)
    HAL_ADC_ConvCpltCallback                 0x08000b61   Thumb Code     2  stm32f1xx_hal_adc.o(i.HAL_ADC_ConvCpltCallback)
    HAL_ADC_ConvHalfCpltCallback             0x08000b63   Thumb Code     2  stm32f1xx_hal_adc.o(i.HAL_ADC_ConvHalfCpltCallback)
    HAL_ADC_ErrorCallback                    0x08000b65   Thumb Code     2  stm32f1xx_hal_adc.o(i.HAL_ADC_ErrorCallback)
    HAL_ADC_GetValue                         0x08000b67   Thumb Code     6  stm32f1xx_hal_adc.o(i.HAL_ADC_GetValue)
    HAL_ADC_Init                             0x08000b6d   Thumb Code   272  stm32f1xx_hal_adc.o(i.HAL_ADC_Init)
    HAL_ADC_MspInit                          0x08000c8d   Thumb Code   116  c_adc.o(i.HAL_ADC_MspInit)
    HAL_ADC_PollForConversion                0x08000d15   Thumb Code   290  stm32f1xx_hal_adc.o(i.HAL_ADC_PollForConversion)
    HAL_ADC_Start                            0x08000e45   Thumb Code   184  stm32f1xx_hal_adc.o(i.HAL_ADC_Start)
    HAL_ADC_Start_DMA                        0x08000f05   Thumb Code   246  stm32f1xx_hal_adc.o(i.HAL_ADC_Start_DMA)
    HAL_DMA_Abort_IT                         0x08001011   Thumb Code   296  stm32f1xx_hal_dma.o(i.HAL_DMA_Abort_IT)
    HAL_DMA_IRQHandler                       0x08001141   Thumb Code   552  stm32f1xx_hal_dma.o(i.HAL_DMA_IRQHandler)
    HAL_DMA_Init                             0x08001389   Thumb Code   112  stm32f1xx_hal_dma.o(i.HAL_DMA_Init)
    HAL_DMA_Start_IT                         0x08001405   Thumb Code   112  stm32f1xx_hal_dma.o(i.HAL_DMA_Start_IT)
    HAL_GPIO_Init                            0x08001475   Thumb Code   462  stm32f1xx_hal_gpio.o(i.HAL_GPIO_Init)
    HAL_GPIO_ReadPin                         0x0800166d   Thumb Code    10  stm32f1xx_hal_gpio.o(i.HAL_GPIO_ReadPin)
    HAL_GPIO_WritePin                        0x08001677   Thumb Code    10  stm32f1xx_hal_gpio.o(i.HAL_GPIO_WritePin)
    HAL_GetTick                              0x08001681   Thumb Code     6  stm32f1xx_hal.o(i.HAL_GetTick)
    HAL_IncTick                              0x0800168d   Thumb Code    12  stm32f1xx_hal.o(i.HAL_IncTick)
    HAL_Init                                 0x0800169d   Thumb Code    32  stm32f1xx_hal.o(i.HAL_Init)
    HAL_InitTick                             0x080016c1   Thumb Code    54  stm32f1xx_hal.o(i.HAL_InitTick)
    HAL_MspInit                              0x08001701   Thumb Code     2  stm32f1xx_hal_msp.o(i.HAL_MspInit)
    HAL_NVIC_EnableIRQ                       0x08001703   Thumb Code    26  stm32f1xx_hal_cortex.o(i.HAL_NVIC_EnableIRQ)
    HAL_NVIC_SetPriority                     0x0800171d   Thumb Code    60  stm32f1xx_hal_cortex.o(i.HAL_NVIC_SetPriority)
    HAL_NVIC_SetPriorityGrouping             0x0800175d   Thumb Code    26  stm32f1xx_hal_cortex.o(i.HAL_NVIC_SetPriorityGrouping)
    HAL_RCCEx_GetPeriphCLKFreq               0x08001781   Thumb Code   180  stm32f1xx_hal_rcc_ex.o(i.HAL_RCCEx_GetPeriphCLKFreq)
    HAL_RCC_ClockConfig                      0x08001855   Thumb Code   280  stm32f1xx_hal_rcc.o(i.HAL_RCC_ClockConfig)
    HAL_RCC_GetHCLKFreq                      0x08001981   Thumb Code     6  stm32f1xx_hal_rcc.o(i.HAL_RCC_GetHCLKFreq)
    HAL_RCC_GetPCLK1Freq                     0x0800198d   Thumb Code    20  stm32f1xx_hal_rcc.o(i.HAL_RCC_GetPCLK1Freq)
    HAL_RCC_GetPCLK2Freq                     0x080019ad   Thumb Code    20  stm32f1xx_hal_rcc.o(i.HAL_RCC_GetPCLK2Freq)
    HAL_RCC_GetSysClockFreq                  0x080019cd   Thumb Code    74  stm32f1xx_hal_rcc.o(i.HAL_RCC_GetSysClockFreq)
    HAL_RCC_OscConfig                        0x08001a39   Thumb Code   778  stm32f1xx_hal_rcc.o(i.HAL_RCC_OscConfig)
    HAL_SYSTICK_CLKSourceConfig              0x08001d59   Thumb Code    24  stm32f1xx_hal_cortex.o(i.HAL_SYSTICK_CLKSourceConfig)
    HAL_SYSTICK_Config                       0x08001d71   Thumb Code    40  stm32f1xx_hal_cortex.o(i.HAL_SYSTICK_Config)
    HAL_TIM_PWM_ConfigChannel                0x08001d99   Thumb Code   208  stm32f1xx_hal_tim.o(i.HAL_TIM_PWM_ConfigChannel)
    HAL_TIM_PWM_Init                         0x08001e69   Thumb Code    54  stm32f1xx_hal_tim.o(i.HAL_TIM_PWM_Init)
    HAL_TIM_PWM_MspInit                      0x08001ea1   Thumb Code   236  c_pwm.o(i.HAL_TIM_PWM_MspInit)
    HAL_TIM_PWM_Start                        0x08001fa1   Thumb Code    58  stm32f1xx_hal_tim.o(i.HAL_TIM_PWM_Start)
    HAL_UART_ErrorCallback                   0x08001fe5   Thumb Code     2  stm32f1xx_hal_uart.o(i.HAL_UART_ErrorCallback)
    HAL_UART_GetState                        0x08001fe7   Thumb Code    10  stm32f1xx_hal_uart.o(i.HAL_UART_GetState)
    HAL_UART_IRQHandler                      0x08001ff1   Thumb Code   266  stm32f1xx_hal_uart.o(i.HAL_UART_IRQHandler)
    HAL_UART_Init                            0x08002101   Thumb Code    98  stm32f1xx_hal_uart.o(i.HAL_UART_Init)
    HAL_UART_MspInit                         0x08002165   Thumb Code   328  c_usart.o(i.HAL_UART_MspInit)
    HAL_UART_Receive_IT                      0x080022c5   Thumb Code    82  stm32f1xx_hal_uart.o(i.HAL_UART_Receive_IT)
    HAL_UART_RxCpltCallback                  0x08002319   Thumb Code    66  c_usart.o(i.HAL_UART_RxCpltCallback)
    HAL_UART_TxCpltCallback                  0x0800236d   Thumb Code     2  stm32f1xx_hal_uart.o(i.HAL_UART_TxCpltCallback)
    HardFault_Handler                        0x0800236f   Thumb Code     2  stm32f1xx_it.o(i.HardFault_Handler)
    KEY_Init                                 0x08002371   Thumb Code    52  c_key.o(i.KEY_Init)
    KEY_Scan                                 0x080023ad   Thumb Code   102  c_key.o(i.KEY_Scan)
    KEY_task                                 0x08002419   Thumb Code    24  key_task.o(i.KEY_task)
    MX_DMA_Init_                             0x08002445   Thumb Code    40  c_adc.o(i.MX_DMA_Init_)
    MY_ADC_Init                              0x08002471   Thumb Code    30  c_adc.o(i.MY_ADC_Init)
    MemManage_Handler                        0x08002499   Thumb Code     2  stm32f1xx_it.o(i.MemManage_Handler)
    NMI_Handler                              0x0800249b   Thumb Code     2  stm32f1xx_it.o(i.NMI_Handler)
    OLED_Clear                               0x0800249d   Thumb Code    40  c_oled.o(i.OLED_Clear)
    OLED_ColorTurn                           0x080024c9   Thumb Code    24  c_oled.o(i.OLED_ColorTurn)
    OLED_DisPlay_Off                         0x080024e1   Thumb Code    30  c_oled.o(i.OLED_DisPlay_Off)
    OLED_DisPlay_On                          0x080024ff   Thumb Code    30  c_oled.o(i.OLED_DisPlay_On)
    OLED_DisplayTurn                         0x0800251d   Thumb Code    44  c_oled.o(i.OLED_DisplayTurn)
    OLED_DrawCircle                          0x08002549   Thumb Code   196  c_oled.o(i.OLED_DrawCircle)
    OLED_DrawLine                            0x0800260d   Thumb Code   156  c_oled.o(i.OLED_DrawLine)
    OLED_DrawPoint                           0x080026a9   Thumb Code    40  c_oled.o(i.OLED_DrawPoint)
    OLED_Init                                0x080026d5   Thumb Code   310  c_oled.o(i.OLED_Init)
    OLED_Pow                                 0x08002819   Thumb Code    16  c_oled.o(i.OLED_Pow)
    OLED_Refresh                             0x08002829   Thumb Code    70  c_oled.o(i.OLED_Refresh)
    OLED_Refresh_Gram                        0x08002875   Thumb Code    70  c_oled.o(i.OLED_Refresh_Gram)
    OLED_ShowCH                              0x080028c1   Thumb Code   116  c_oled.o(i.OLED_ShowCH)
    OLED_ShowChar                            0x08002939   Thumb Code   212  c_oled.o(i.OLED_ShowChar)
    OLED_ShowChinese                         0x08002a1d   Thumb Code   196  c_oled.o(i.OLED_ShowChinese)
    OLED_ShowNumber                          0x08002af1   Thumb Code   120  c_oled.o(i.OLED_ShowNumber)
    OLED_ShowPicture                         0x08002b69   Thumb Code   156  c_oled.o(i.OLED_ShowPicture)
    OLED_ShowString                          0x08002c05   Thumb Code    64  c_oled.o(i.OLED_ShowString)
    OLED_Show_CH_String                      0x08002c45   Thumb Code   106  c_oled.o(i.OLED_Show_CH_String)
    OLED_WR_Byte                             0x08002cb1   Thumb Code    60  c_oled.o(i.OLED_WR_Byte)
    PWM_120_Out                              0x08002cf1   Thumb Code    66  c_pwm.o(i.PWM_120_Out)
    Read_SWJ                                 0x08002d41   Thumb Code    64  c_read.o(i.Read_SWJ)
    Send_Data                                0x08002d91   Thumb Code    64  c_send.o(i.Send_Data)
    Stm32_Clock_Init                         0x08002ddd   Thumb Code    68  sys.o(i.Stm32_Clock_Init)
    SysTick_Handler                          0x08002e21   Thumb Code    22  delay.o(i.SysTick_Handler)
    SystemInit                               0x08002e39   Thumb Code    56  system_stm32f1xx.o(i.SystemInit)
    TIM2_Init                                0x08002e81   Thumb Code    58  c_pwm.o(i.TIM2_Init)
    TIM3_Init                                0x08002ec1   Thumb Code    56  c_pwm.o(i.TIM3_Init)
    TIM4_Init                                0x08002f01   Thumb Code    56  c_pwm.o(i.TIM4_Init)
    TIM_Base_SetConfig                       0x08002f41   Thumb Code   120  stm32f1xx_hal_tim.o(i.TIM_Base_SetConfig)
    TIM_CCxChannelCmd                        0x08002fcd   Thumb Code    26  stm32f1xx_hal_tim.o(i.TIM_CCxChannelCmd)
    TIM_OC2_SetConfig                        0x08003049   Thumb Code    98  stm32f1xx_hal_tim.o(i.TIM_OC2_SetConfig)
    USART1_IRQHandler                        0x0800334d   Thumb Code    58  c_usart.o(i.USART1_IRQHandler)
    USART1_SendData                          0x08003395   Thumb Code    14  c_usart.o(i.USART1_SendData)
    USART2_IRQHandler                        0x080033a9   Thumb Code    58  c_usart.o(i.USART2_IRQHandler)
    USART2_SendData                          0x080033f1   Thumb Code    14  c_usart.o(i.USART2_SendData)
    USART3_IRQHandler                        0x08003405   Thumb Code    58  c_usart.o(i.USART3_IRQHandler)
    USART3_SendData                          0x0800344d   Thumb Code    14  c_usart.o(i.USART3_SendData)
    Uart1_Init                               0x08003461   Thumb Code    48  c_usart.o(i.Uart1_Init)
    Uart2_Init                               0x0800349d   Thumb Code    44  c_usart.o(i.Uart2_Init)
    Uart3_Init                               0x080034d5   Thumb Code    44  c_usart.o(i.Uart3_Init)
    UsageFault_Handler                       0x0800350d   Thumb Code     2  stm32f1xx_it.o(i.UsageFault_Handler)
    _sys_exit                                0x0800352f   Thumb Code     2  c_usart.o(i._sys_exit)
    delay_init                               0x08003531   Thumb Code    48  delay.o(i.delay_init)
    delay_ms                                 0x08003565   Thumb Code    52  delay.o(i.delay_ms)
    delay_us                                 0x0800359d   Thumb Code    48  delay.o(i.delay_us)
    fputc                                    0x080035d1   Thumb Code    18  c_usart.o(i.fputc)
    main                                     0x080035e9   Thumb Code   226  main.o(i.main)
    pvPortMalloc                             0x08003f99   Thumb Code   214  heap_4.o(i.pvPortMalloc)
    pvTaskIncrementMutexHeldCount            0x080040b1   Thumb Code    18  tasks.o(i.pvTaskIncrementMutexHeldCount)
    pxPortInitialiseStack                    0x080040c9   Thumb Code    32  port.o(i.pxPortInitialiseStack)
    start_task                               0x080040ed   Thumb Code    98  main.o(i.start_task)
    uxListRemove                             0x08004199   Thumb Code    36  list.o(i.uxListRemove)
    vListInitialise                          0x080041bd   Thumb Code    22  list.o(i.vListInitialise)
    vListInitialiseItem                      0x080041d3   Thumb Code     6  list.o(i.vListInitialiseItem)
    vListInsert                              0x080041d9   Thumb Code    48  list.o(i.vListInsert)
    vListInsertEnd                           0x08004209   Thumb Code    24  list.o(i.vListInsertEnd)
    vPortEnterCritical                       0x08004221   Thumb Code    50  port.o(i.vPortEnterCritical)
    vPortExitCritical                        0x08004299   Thumb Code    34  port.o(i.vPortExitCritical)
    vPortFree                                0x080042fd   Thumb Code    94  heap_4.o(i.vPortFree)
    vPortSetupTimerInterrupt                 0x0800439d   Thumb Code    26  port.o(i.vPortSetupTimerInterrupt)
    vPortValidateInterruptPriority           0x080043bd   Thumb Code    70  port.o(i.vPortValidateInterruptPriority)
    vQueueAddToRegistry                      0x08004449   Thumb Code    34  queue.o(i.vQueueAddToRegistry)
    vQueueWaitForMessageRestricted           0x08004471   Thumb Code    68  queue.o(i.vQueueWaitForMessageRestricted)
    vTaskDelay                               0x080044b5   Thumb Code    62  tasks.o(i.vTaskDelay)
    vTaskDelete                              0x08004525   Thumb Code   152  tasks.o(i.vTaskDelete)
    vTaskMissedYield                         0x080045f5   Thumb Code     8  tasks.o(i.vTaskMissedYield)
    vTaskPlaceOnEventList                    0x08004601   Thumb Code    44  tasks.o(i.vTaskPlaceOnEventList)
    vTaskPlaceOnEventListRestricted          0x08004659   Thumb Code    52  tasks.o(i.vTaskPlaceOnEventListRestricted)
    vTaskPriorityInherit                     0x080046b9   Thumb Code   124  tasks.o(i.vTaskPriorityInherit)
    vTaskSetTimeOutState                     0x0800473d   Thumb Code    30  tasks.o(i.vTaskSetTimeOutState)
    vTaskStartScheduler                      0x08004789   Thumb Code    96  tasks.o(i.vTaskStartScheduler)
    vTaskSuspendAll                          0x08004821   Thumb Code    10  tasks.o(i.vTaskSuspendAll)
    vTaskSwitchContext                       0x08004831   Thumb Code    80  tasks.o(i.vTaskSwitchContext)
    xPortStartScheduler                      0x080048b1   Thumb Code   102  port.o(i.xPortStartScheduler)
    xPortSysTickHandler                      0x08004925   Thumb Code    38  port.o(i.xPortSysTickHandler)
    xQueueGenericCreate                      0x08004951   Thumb Code    82  queue.o(i.xQueueGenericCreate)
    xQueueGenericReceive                     0x080049cd   Thumb Code   348  queue.o(i.xQueueGenericReceive)
    xQueueGenericReset                       0x08004b55   Thumb Code   128  queue.o(i.xQueueGenericReset)
    xQueueGenericSend                        0x08004c01   Thumb Code   344  queue.o(i.xQueueGenericSend)
    xQueueGenericSendFromISR                 0x08004d85   Thumb Code   190  queue.o(i.xQueueGenericSendFromISR)
    xTaskCheckForTimeOut                     0x08004e6d   Thumb Code    94  tasks.o(i.xTaskCheckForTimeOut)
    xTaskCreate                              0x08004ef9   Thumb Code    86  tasks.o(i.xTaskCreate)
    xTaskGetSchedulerState                   0x08004f51   Thumb Code    22  tasks.o(i.xTaskGetSchedulerState)
    xTaskGetTickCount                        0x08004f6d   Thumb Code     6  tasks.o(i.xTaskGetTickCount)
    xTaskIncrementTick                       0x08004f79   Thumb Code   188  tasks.o(i.xTaskIncrementTick)
    xTaskPriorityDisinherit                  0x08005065   Thumb Code   136  tasks.o(i.xTaskPriorityDisinherit)
    xTaskRemoveFromEventList                 0x0800511d   Thumb Code   102  tasks.o(i.xTaskRemoveFromEventList)
    xTaskResumeAll                           0x080051b9   Thumb Code   182  tasks.o(i.xTaskResumeAll)
    xTimerCreate                             0x080052a5   Thumb Code    74  timers.o(i.xTimerCreate)
    xTimerCreateTimerTask                    0x08005319   Thumb Code    58  timers.o(i.xTimerCreateTimerTask)
    xTimerGenericCommand                     0x0800538d   Thumb Code    98  timers.o(i.xTimerGenericCommand)
    __aeabi_d2f                              0x0800541d   Thumb Code     0  d2f.o(x$fpl$d2f)
    _d2f                                     0x0800541d   Thumb Code    98  d2f.o(x$fpl$d2f)
    __aeabi_ddiv                             0x08005481   Thumb Code     0  ddiv.o(x$fpl$ddiv)
    _ddiv                                    0x08005481   Thumb Code   552  ddiv.o(x$fpl$ddiv)
    __aeabi_ui2d                             0x08005731   Thumb Code     0  dflt_clz.o(x$fpl$dfltu)
    _dfltu                                   0x08005731   Thumb Code    38  dflt_clz.o(x$fpl$dfltu)
    __fpl_dnaninf                            0x08005757   Thumb Code   156  dnaninf.o(x$fpl$dnaninf)
    __fpl_dretinf                            0x080057f3   Thumb Code    12  dretinf.o(x$fpl$dretinf)
    __fpl_fcheck_NaN1                        0x08005801   Thumb Code     6  fcheck1.o(x$fpl$fcheck1)
    __aeabi_f2iz                             0x0800580d   Thumb Code     0  ffix.o(x$fpl$ffix)
    _ffix                                    0x0800580d   Thumb Code    54  ffix.o(x$fpl$ffix)
    __aeabi_i2f                              0x08005845   Thumb Code     0  fflt_clz.o(x$fpl$fflt)
    _fflt                                    0x08005845   Thumb Code    48  fflt_clz.o(x$fpl$fflt)
    __aeabi_fmul                             0x08005875   Thumb Code     0  fmul.o(x$fpl$fmul)
    _fmul                                    0x08005875   Thumb Code   258  fmul.o(x$fpl$fmul)
    __fpl_fnaninf                            0x08005977   Thumb Code   140  fnaninf.o(x$fpl$fnaninf)
    __fpl_fretinf                            0x08005a03   Thumb Code    10  fretinf.o(x$fpl$fretinf)
    __fpl_return_NaN                         0x08005a0d   Thumb Code   100  retnan.o(x$fpl$retnan)
    __ARM_scalbnf                            0x08005a71   Thumb Code    76  scalbnf.o(x$fpl$scalbnf)
    __fpl_cmpreturn                          0x08005abd   Thumb Code    48  trapv.o(x$fpl$trapveneer)
    AHBPrescTable                            0x08005aec   Data          16  system_stm32f1xx.o(.constdata)
    __I$use$fp                               0x08005aec   Number         0  usenofp.o(x$fpl$usenofp)
    APBPrescTable                            0x08005afc   Data           8  system_stm32f1xx.o(.constdata)
    oled_CH_1616                             0x08005b04   Data         696  oled_lib.o(.constdata)
    asc2_0806                                0x08005dbc   Data         570  oled_lib.o(.constdata)
    asc2_1206                                0x08005ff6   Data        1140  oled_lib.o(.constdata)
    asc2_1608                                0x0800646a   Data        1520  oled_lib.o(.constdata)
    asc2_2412                                0x08006a5a   Data        3420  oled_lib.o(.constdata)
    Hzk1                                     0x080077b6   Data         352  oled_lib.o(.constdata)
    Hzk2                                     0x08007916   Data          72  oled_lib.o(.constdata)
    Hzk3                                     0x0800795e   Data         128  oled_lib.o(.constdata)
    Hzk4                                     0x080079de   Data         512  oled_lib.o(.constdata)
    Region$$Table$$Base                      0x08007c34   Number         0  anon$$obj.o(Region$$Table)
    Region$$Table$$Limit                     0x08007c54   Number         0  anon$$obj.o(Region$$Table)
    StartTask_Handler                        0x20000000   Data           4  main.o(.data)
    ADC_ConvertedValue                       0x20000004   Data           6  main.o(.data)
    uwTickFreq                               0x2000000c   Data           1  stm32f1xx_hal.o(.data)
    uwTickPrio                               0x20000010   Data           4  stm32f1xx_hal.o(.data)
    uwTick                                   0x20000014   Data           4  stm32f1xx_hal.o(.data)
    SystemCoreClock                          0x20000018   Data           4  system_stm32f1xx.o(.data)
    C_USART                                  0x20000024   Data         345  c_usart.o(.data)
    __stdout                                 0x20000180   Data           4  c_usart.o(.data)
    C_PWM                                    0x20000184   Data          16  c_pwm.o(.data)
    C_KEY                                    0x20000194   Data           8  c_key.o(.data)
    C_OLED                                   0x2000019c   Data          64  c_oled.o(.data)
    C_Send                                   0x200001dc   Data          20  c_send.o(.data)
    C_Read                                   0x200001f0   Data           8  c_read.o(.data)
    pxCurrentTCB                             0x200001f8   Data           4  tasks.o(.data)
    A0Task_Handler                           0x2000026c   Data           4  a0_task.o(.data)
    B0Task_Handler                           0x20000270   Data           4  b0_task.o(.data)
    C0Task_Handler                           0x20000274   Data           4  c0_task.o(.data)
    KEYTask_Handler                          0x20000278   Data           4  key_task.o(.data)
    UART1_Handler                            0x2000027c   Data          64  c_usart.o(.bss)
    UART2_Handler                            0x200002bc   Data          64  c_usart.o(.bss)
    UART3_Handler                            0x200002fc   Data          64  c_usart.o(.bss)
    hadc1                                    0x2000033c   Data          48  c_adc.o(.bss)
    hdma_adc1                                0x2000036c   Data          68  c_adc.o(.bss)
    PWM_Handler                              0x200003b0   Data          64  c_pwm.o(.bss)
    TIM3_CH1Handler                          0x200003f0   Data          28  c_pwm.o(.bss)
    PWM2_Handler                             0x2000040c   Data          64  c_pwm.o(.bss)
    TIM2_CH1Handler                          0x2000044c   Data          28  c_pwm.o(.bss)
    PWM4_Handler                             0x20000468   Data          64  c_pwm.o(.bss)
    TIM4_CH1Handler                          0x200004a8   Data          28  c_pwm.o(.bss)
    OLED_GRAM                                0x200004c4   Data         576  c_oled.o(.bss)
    Send_buff                                0x20000704   Data          20  c_send.o(.bss)
    xQueueRegistry                           0x20000718   Data          64  queue.o(.bss)
    __libspace_start                         0x20005a64   Data          96  libspace.o(.bss)
    __temporary_stack_top$libspace           0x20005ac4   Data           0  libspace.o(.bss)



==============================================================================

Memory Map of the image

  Image Entry point : 0x08000131

  Load Region LR_IROM1 (Base: 0x08000000, Size: 0x00007ed0, Max: 0x00080000, ABSOLUTE, COMPRESSED[0x00007cd4])

    Execution Region ER_IROM1 (Exec base: 0x08000000, Load base: 0x08000000, Size: 0x00007c54, Max: 0x00080000, ABSOLUTE)

    Exec Addr    Load Addr    Size         Type   Attr      Idx    E Section Name        Object

    0x08000000   0x08000000   0x00000130   Data   RO         3026    RESET               startup_stm32f103xe.o
    0x08000130   0x08000130   0x00000008   Code   RO         5100  * !!!main             c_w.l(__main.o)
    0x08000138   0x08000138   0x00000034   Code   RO         5321    !!!scatter          c_w.l(__scatter.o)
    0x0800016c   0x0800016c   0x0000005a   Code   RO         5319    !!dczerorl2         c_w.l(__dczerorl2.o)
    0x080001c6   0x080001c6   0x00000002   PAD
    0x080001c8   0x080001c8   0x0000001c   Code   RO         5323    !!handler_zi        c_w.l(__scatter_zi.o)
    0x080001e4   0x080001e4   0x00000000   Code   RO         5089    .ARM.Collect$$_printf_percent$$00000000  c_w.l(_printf_percent.o)
    0x080001e4   0x080001e4   0x00000006   Code   RO         5087    .ARM.Collect$$_printf_percent$$00000009  c_w.l(_printf_d.o)
    0x080001ea   0x080001ea   0x00000006   Code   RO         5086    .ARM.Collect$$_printf_percent$$00000014  c_w.l(_printf_s.o)
    0x080001f0   0x080001f0   0x00000004   Code   RO         5141    .ARM.Collect$$_printf_percent$$00000017  c_w.l(_printf_percent_end.o)
    0x080001f4   0x080001f4   0x00000002   Code   RO         5191    .ARM.Collect$$libinit$$00000000  c_w.l(libinit.o)
    0x080001f6   0x080001f6   0x00000000   Code   RO         5200    .ARM.Collect$$libinit$$00000002  c_w.l(libinit2.o)
    0x080001f6   0x080001f6   0x00000000   Code   RO         5202    .ARM.Collect$$libinit$$00000004  c_w.l(libinit2.o)
    0x080001f6   0x080001f6   0x00000000   Code   RO         5205    .ARM.Collect$$libinit$$0000000A  c_w.l(libinit2.o)
    0x080001f6   0x080001f6   0x00000000   Code   RO         5207    .ARM.Collect$$libinit$$0000000C  c_w.l(libinit2.o)
    0x080001f6   0x080001f6   0x00000000   Code   RO         5209    .ARM.Collect$$libinit$$0000000E  c_w.l(libinit2.o)
    0x080001f6   0x080001f6   0x00000000   Code   RO         5212    .ARM.Collect$$libinit$$00000011  c_w.l(libinit2.o)
    0x080001f6   0x080001f6   0x00000000   Code   RO         5214    .ARM.Collect$$libinit$$00000013  c_w.l(libinit2.o)
    0x080001f6   0x080001f6   0x00000000   Code   RO         5216    .ARM.Collect$$libinit$$00000015  c_w.l(libinit2.o)
    0x080001f6   0x080001f6   0x00000000   Code   RO         5218    .ARM.Collect$$libinit$$00000017  c_w.l(libinit2.o)
    0x080001f6   0x080001f6   0x00000000   Code   RO         5220    .ARM.Collect$$libinit$$00000019  c_w.l(libinit2.o)
    0x080001f6   0x080001f6   0x00000000   Code   RO         5222    .ARM.Collect$$libinit$$0000001B  c_w.l(libinit2.o)
    0x080001f6   0x080001f6   0x00000000   Code   RO         5224    .ARM.Collect$$libinit$$0000001D  c_w.l(libinit2.o)
    0x080001f6   0x080001f6   0x00000000   Code   RO         5226    .ARM.Collect$$libinit$$0000001F  c_w.l(libinit2.o)
    0x080001f6   0x080001f6   0x00000000   Code   RO         5228    .ARM.Collect$$libinit$$00000021  c_w.l(libinit2.o)
    0x080001f6   0x080001f6   0x00000000   Code   RO         5230    .ARM.Collect$$libinit$$00000023  c_w.l(libinit2.o)
    0x080001f6   0x080001f6   0x00000000   Code   RO         5232    .ARM.Collect$$libinit$$00000025  c_w.l(libinit2.o)
    0x080001f6   0x080001f6   0x00000000   Code   RO         5236    .ARM.Collect$$libinit$$0000002C  c_w.l(libinit2.o)
    0x080001f6   0x080001f6   0x00000000   Code   RO         5238    .ARM.Collect$$libinit$$0000002E  c_w.l(libinit2.o)
    0x080001f6   0x080001f6   0x00000000   Code   RO         5240    .ARM.Collect$$libinit$$00000030  c_w.l(libinit2.o)
    0x080001f6   0x080001f6   0x00000000   Code   RO         5242    .ARM.Collect$$libinit$$00000032  c_w.l(libinit2.o)
    0x080001f6   0x080001f6   0x00000002   Code   RO         5243    .ARM.Collect$$libinit$$00000033  c_w.l(libinit2.o)
    0x080001f8   0x080001f8   0x00000002   Code   RO         5261    .ARM.Collect$$libshutdown$$00000000  c_w.l(libshutdown.o)
    0x080001fa   0x080001fa   0x00000000   Code   RO         5271    .ARM.Collect$$libshutdown$$00000002  c_w.l(libshutdown2.o)
    0x080001fa   0x080001fa   0x00000000   Code   RO         5273    .ARM.Collect$$libshutdown$$00000004  c_w.l(libshutdown2.o)
    0x080001fa   0x080001fa   0x00000000   Code   RO         5276    .ARM.Collect$$libshutdown$$00000007  c_w.l(libshutdown2.o)
    0x080001fa   0x080001fa   0x00000000   Code   RO         5279    .ARM.Collect$$libshutdown$$0000000A  c_w.l(libshutdown2.o)
    0x080001fa   0x080001fa   0x00000000   Code   RO         5281    .ARM.Collect$$libshutdown$$0000000C  c_w.l(libshutdown2.o)
    0x080001fa   0x080001fa   0x00000000   Code   RO         5284    .ARM.Collect$$libshutdown$$0000000F  c_w.l(libshutdown2.o)
    0x080001fa   0x080001fa   0x00000002   Code   RO         5285    .ARM.Collect$$libshutdown$$00000010  c_w.l(libshutdown2.o)
    0x080001fc   0x080001fc   0x00000000   Code   RO         5130    .ARM.Collect$$rtentry$$00000000  c_w.l(__rtentry.o)
    0x080001fc   0x080001fc   0x00000000   Code   RO         5158    .ARM.Collect$$rtentry$$00000002  c_w.l(__rtentry2.o)
    0x080001fc   0x080001fc   0x00000006   Code   RO         5170    .ARM.Collect$$rtentry$$00000004  c_w.l(__rtentry4.o)
    0x08000202   0x08000202   0x00000000   Code   RO         5160    .ARM.Collect$$rtentry$$00000009  c_w.l(__rtentry2.o)
    0x08000202   0x08000202   0x00000004   Code   RO         5161    .ARM.Collect$$rtentry$$0000000A  c_w.l(__rtentry2.o)
    0x08000206   0x08000206   0x00000000   Code   RO         5163    .ARM.Collect$$rtentry$$0000000C  c_w.l(__rtentry2.o)
    0x08000206   0x08000206   0x00000008   Code   RO         5164    .ARM.Collect$$rtentry$$0000000D  c_w.l(__rtentry2.o)
    0x0800020e   0x0800020e   0x00000002   Code   RO         5197    .ARM.Collect$$rtexit$$00000000  c_w.l(rtexit.o)
    0x08000210   0x08000210   0x00000000   Code   RO         5245    .ARM.Collect$$rtexit$$00000002  c_w.l(rtexit2.o)
    0x08000210   0x08000210   0x00000004   Code   RO         5246    .ARM.Collect$$rtexit$$00000003  c_w.l(rtexit2.o)
    0x08000214   0x08000214   0x00000006   Code   RO         5247    .ARM.Collect$$rtexit$$00000004  c_w.l(rtexit2.o)
    0x0800021a   0x0800021a   0x00000002   PAD
    0x0800021c   0x0800021c   0x00000096   Code   RO         4775    .emb_text           port.o
    0x080002b2   0x080002b2   0x00000002   PAD
    0x080002b4   0x080002b4   0x00000040   Code   RO         3027    .text               startup_stm32f103xe.o
    0x080002f4   0x080002f4   0x00000002   Code   RO         5049    .text               c_w.l(use_no_semi_2.o)
    0x080002f6   0x080002f6   0x00000002   PAD
    0x080002f8   0x080002f8   0x00000018   Code   RO         5055    .text               c_w.l(noretval__2printf.o)
    0x08000310   0x08000310   0x00000052   Code   RO         5061    .text               c_w.l(_printf_str.o)
    0x08000362   0x08000362   0x00000002   PAD
    0x08000364   0x08000364   0x00000078   Code   RO         5063    .text               c_w.l(_printf_dec.o)
    0x080003dc   0x080003dc   0x000000b8   Code   RO         5068    .text               c_w.l(__printf_ss.o)
    0x08000494   0x08000494   0x0000008a   Code   RO         5094    .text               c_w.l(rt_memcpy_v6.o)
    0x0800051e   0x0800051e   0x00000010   Code   RO         5096    .text               c_w.l(aeabi_memset.o)
    0x0800052e   0x0800052e   0x00000006   Code   RO         5098    .text               c_w.l(heapauxi.o)
    0x08000534   0x08000534   0x00000002   Code   RO         5128    .text               c_w.l(use_no_semi.o)
    0x08000536   0x08000536   0x000000b2   Code   RO         5131    .text               c_w.l(_printf_intcommon.o)
    0x080005e8   0x080005e8   0x00000030   Code   RO         5133    .text               c_w.l(_printf_char_common.o)
    0x08000618   0x08000618   0x0000002c   Code   RO         5137    .text               c_w.l(_printf_char.o)
    0x08000644   0x08000644   0x00000024   Code   RO         5139    .text               c_w.l(_printf_char_file.o)
    0x08000668   0x08000668   0x00000064   Code   RO         5142    .text               c_w.l(rt_memcpy_w.o)
    0x080006cc   0x080006cc   0x00000044   Code   RO         5144    .text               c_w.l(rt_memclr.o)
    0x08000710   0x08000710   0x00000008   Code   RO         5174    .text               c_w.l(ferror.o)
    0x08000718   0x08000718   0x0000004e   Code   RO         5178    .text               c_w.l(rt_memclr_w.o)
    0x08000766   0x08000766   0x0000004a   Code   RO         5182    .text               c_w.l(sys_stackheap_outer.o)
    0x080007b0   0x080007b0   0x00000012   Code   RO         5184    .text               c_w.l(exit.o)
    0x080007c2   0x080007c2   0x00000002   PAD
    0x080007c4   0x080007c4   0x00000008   Code   RO         5194    .text               c_w.l(libspace.o)
    0x080007cc   0x080007cc   0x000000b0   Code   RO         4925    i.A0_task           a0_task.o
    0x0800087c   0x0800087c   0x0000004c   Code   RO         1823    i.ADC_ConversionStop_Disable  stm32f1xx_hal_adc.o
    0x080008c8   0x080008c8   0x0000004e   Code   RO         1824    i.ADC_DMAConvCplt   stm32f1xx_hal_adc.o
    0x08000916   0x08000916   0x0000001a   Code   RO         1825    i.ADC_DMAError      stm32f1xx_hal_adc.o
    0x08000930   0x08000930   0x0000000a   Code   RO         1826    i.ADC_DMAHalfConvCplt  stm32f1xx_hal_adc.o
    0x0800093a   0x0800093a   0x00000002   PAD
    0x0800093c   0x0800093c   0x00000070   Code   RO         1827    i.ADC_Enable        stm32f1xx_hal_adc.o
    0x080009ac   0x080009ac   0x0000001c   Code   RO         4956    i.B0_task           b0_task.o
    0x080009c8   0x080009c8   0x00000002   Code   RO         3034    i.BusFault_Handler  stm32f1xx_it.o
    0x080009ca   0x080009ca   0x00000002   PAD
    0x080009cc   0x080009cc   0x00000020   Code   RO         4990    i.C0_task           c0_task.o
    0x080009ec   0x080009ec   0x0000000c   Code   RO         3421    i.DMA1_Channel1_IRQHandler  c_adc.o
    0x080009f8   0x080009f8   0x0000002a   Code   RO         1728    i.DMA_SetConfig     stm32f1xx_hal_dma.o
    0x08000a22   0x08000a22   0x0000000e   Code   RO         3739    i.DXer              c_send.o
    0x08000a30   0x08000a30   0x00000002   Code   RO         3035    i.DebugMon_Handler  stm32f1xx_it.o
    0x08000a32   0x08000a32   0x00000002   PAD
    0x08000a34   0x08000a34   0x00000030   Code   RO         3422    i.Get_Adc           c_adc.o
    0x08000a64   0x08000a64   0x000000fc   Code   RO         1829    i.HAL_ADC_ConfigChannel  stm32f1xx_hal_adc.o
    0x08000b60   0x08000b60   0x00000002   Code   RO         1830    i.HAL_ADC_ConvCpltCallback  stm32f1xx_hal_adc.o
    0x08000b62   0x08000b62   0x00000002   Code   RO         1831    i.HAL_ADC_ConvHalfCpltCallback  stm32f1xx_hal_adc.o
    0x08000b64   0x08000b64   0x00000002   Code   RO         1833    i.HAL_ADC_ErrorCallback  stm32f1xx_hal_adc.o
    0x08000b66   0x08000b66   0x00000006   Code   RO         1836    i.HAL_ADC_GetValue  stm32f1xx_hal_adc.o
    0x08000b6c   0x08000b6c   0x00000120   Code   RO         1838    i.HAL_ADC_Init      stm32f1xx_hal_adc.o
    0x08000c8c   0x08000c8c   0x00000088   Code   RO         3425    i.HAL_ADC_MspInit   c_adc.o
    0x08000d14   0x08000d14   0x00000130   Code   RO         1842    i.HAL_ADC_PollForConversion  stm32f1xx_hal_adc.o
    0x08000e44   0x08000e44   0x000000c0   Code   RO         1844    i.HAL_ADC_Start     stm32f1xx_hal_adc.o
    0x08000f04   0x08000f04   0x0000010c   Code   RO         1845    i.HAL_ADC_Start_DMA  stm32f1xx_hal_adc.o
    0x08001010   0x08001010   0x00000130   Code   RO         1730    i.HAL_DMA_Abort_IT  stm32f1xx_hal_dma.o
    0x08001140   0x08001140   0x00000248   Code   RO         1734    i.HAL_DMA_IRQHandler  stm32f1xx_hal_dma.o
    0x08001388   0x08001388   0x0000007c   Code   RO         1735    i.HAL_DMA_Init      stm32f1xx_hal_dma.o
    0x08001404   0x08001404   0x00000070   Code   RO         1739    i.HAL_DMA_Start_IT  stm32f1xx_hal_dma.o
    0x08001474   0x08001474   0x000001f8   Code   RO          779    i.HAL_GPIO_Init     stm32f1xx_hal_gpio.o
    0x0800166c   0x0800166c   0x0000000a   Code   RO          781    i.HAL_GPIO_ReadPin  stm32f1xx_hal_gpio.o
    0x08001676   0x08001676   0x0000000a   Code   RO          783    i.HAL_GPIO_WritePin  stm32f1xx_hal_gpio.o
    0x08001680   0x08001680   0x0000000c   Code   RO          334    i.HAL_GetTick       stm32f1xx_hal.o
    0x0800168c   0x0800168c   0x00000010   Code   RO          340    i.HAL_IncTick       stm32f1xx_hal.o
    0x0800169c   0x0800169c   0x00000024   Code   RO          341    i.HAL_Init          stm32f1xx_hal.o
    0x080016c0   0x080016c0   0x00000040   Code   RO          342    i.HAL_InitTick      stm32f1xx_hal.o
    0x08001700   0x08001700   0x00000002   Code   RO         3142    i.HAL_MspInit       stm32f1xx_hal_msp.o
    0x08001702   0x08001702   0x0000001a   Code   RO          657    i.HAL_NVIC_EnableIRQ  stm32f1xx_hal_cortex.o
    0x0800171c   0x0800171c   0x00000040   Code   RO          663    i.HAL_NVIC_SetPriority  stm32f1xx_hal_cortex.o
    0x0800175c   0x0800175c   0x00000024   Code   RO          664    i.HAL_NVIC_SetPriorityGrouping  stm32f1xx_hal_cortex.o
    0x08001780   0x08001780   0x000000d4   Code   RO         1106    i.HAL_RCCEx_GetPeriphCLKFreq  stm32f1xx_hal_rcc_ex.o
    0x08001854   0x08001854   0x0000012c   Code   RO         1004    i.HAL_RCC_ClockConfig  stm32f1xx_hal_rcc.o
    0x08001980   0x08001980   0x0000000c   Code   RO         1009    i.HAL_RCC_GetHCLKFreq  stm32f1xx_hal_rcc.o
    0x0800198c   0x0800198c   0x00000020   Code   RO         1011    i.HAL_RCC_GetPCLK1Freq  stm32f1xx_hal_rcc.o
    0x080019ac   0x080019ac   0x00000020   Code   RO         1012    i.HAL_RCC_GetPCLK2Freq  stm32f1xx_hal_rcc.o
    0x080019cc   0x080019cc   0x0000006c   Code   RO         1013    i.HAL_RCC_GetSysClockFreq  stm32f1xx_hal_rcc.o
    0x08001a38   0x08001a38   0x00000320   Code   RO         1016    i.HAL_RCC_OscConfig  stm32f1xx_hal_rcc.o
    0x08001d58   0x08001d58   0x00000018   Code   RO          666    i.HAL_SYSTICK_CLKSourceConfig  stm32f1xx_hal_cortex.o
    0x08001d70   0x08001d70   0x00000028   Code   RO          668    i.HAL_SYSTICK_Config  stm32f1xx_hal_cortex.o
    0x08001d98   0x08001d98   0x000000d0   Code   RO         2419    i.HAL_TIM_PWM_ConfigChannel  stm32f1xx_hal_tim.o
    0x08001e68   0x08001e68   0x00000036   Code   RO         2422    i.HAL_TIM_PWM_Init  stm32f1xx_hal_tim.o
    0x08001e9e   0x08001e9e   0x00000002   PAD
    0x08001ea0   0x08001ea0   0x00000100   Code   RO         3487    i.HAL_TIM_PWM_MspInit  c_pwm.o
    0x08001fa0   0x08001fa0   0x00000044   Code   RO         2427    i.HAL_TIM_PWM_Start  stm32f1xx_hal_tim.o
    0x08001fe4   0x08001fe4   0x00000002   Code   RO         1162    i.HAL_UART_ErrorCallback  stm32f1xx_hal_uart.o
    0x08001fe6   0x08001fe6   0x0000000a   Code   RO         1164    i.HAL_UART_GetState  stm32f1xx_hal_uart.o
    0x08001ff0   0x08001ff0   0x00000110   Code   RO         1165    i.HAL_UART_IRQHandler  stm32f1xx_hal_uart.o
    0x08002100   0x08002100   0x00000062   Code   RO         1166    i.HAL_UART_Init     stm32f1xx_hal_uart.o
    0x08002162   0x08002162   0x00000002   PAD
    0x08002164   0x08002164   0x00000160   Code   RO         3311    i.HAL_UART_MspInit  c_usart.o
    0x080022c4   0x080022c4   0x00000052   Code   RO         1171    i.HAL_UART_Receive_IT  stm32f1xx_hal_uart.o
    0x08002316   0x08002316   0x00000002   PAD
    0x08002318   0x08002318   0x00000054   Code   RO         3312    i.HAL_UART_RxCpltCallback  c_usart.o
    0x0800236c   0x0800236c   0x00000002   Code   RO         1177    i.HAL_UART_TxCpltCallback  stm32f1xx_hal_uart.o
    0x0800236e   0x0800236e   0x00000002   Code   RO         3036    i.HardFault_Handler  stm32f1xx_it.o
    0x08002370   0x08002370   0x0000003c   Code   RO         3543    i.KEY_Init          c_key.o
    0x080023ac   0x080023ac   0x0000006c   Code   RO         3544    i.KEY_Scan          c_key.o
    0x08002418   0x08002418   0x0000002c   Code   RO         5020    i.KEY_task          key_task.o
    0x08002444   0x08002444   0x0000002c   Code   RO         3426    i.MX_DMA_Init_      c_adc.o
    0x08002470   0x08002470   0x00000028   Code   RO         3427    i.MY_ADC_Init       c_adc.o
    0x08002498   0x08002498   0x00000002   Code   RO         3037    i.MemManage_Handler  stm32f1xx_it.o
    0x0800249a   0x0800249a   0x00000002   Code   RO         3038    i.NMI_Handler       stm32f1xx_it.o
    0x0800249c   0x0800249c   0x0000002c   Code   RO         3579    i.OLED_Clear        c_oled.o
    0x080024c8   0x080024c8   0x00000018   Code   RO         3580    i.OLED_ColorTurn    c_oled.o
    0x080024e0   0x080024e0   0x0000001e   Code   RO         3581    i.OLED_DisPlay_Off  c_oled.o
    0x080024fe   0x080024fe   0x0000001e   Code   RO         3582    i.OLED_DisPlay_On   c_oled.o
    0x0800251c   0x0800251c   0x0000002c   Code   RO         3583    i.OLED_DisplayTurn  c_oled.o
    0x08002548   0x08002548   0x000000c4   Code   RO         3584    i.OLED_DrawCircle   c_oled.o
    0x0800260c   0x0800260c   0x0000009c   Code   RO         3585    i.OLED_DrawLine     c_oled.o
    0x080026a8   0x080026a8   0x0000002c   Code   RO         3586    i.OLED_DrawPoint    c_oled.o
    0x080026d4   0x080026d4   0x00000144   Code   RO         3587    i.OLED_Init         c_oled.o
    0x08002818   0x08002818   0x00000010   Code   RO         3588    i.OLED_Pow          c_oled.o
    0x08002828   0x08002828   0x0000004c   Code   RO         3589    i.OLED_Refresh      c_oled.o
    0x08002874   0x08002874   0x0000004c   Code   RO         3590    i.OLED_Refresh_Gram  c_oled.o
    0x080028c0   0x080028c0   0x00000078   Code   RO         3592    i.OLED_ShowCH       c_oled.o
    0x08002938   0x08002938   0x000000e4   Code   RO         3593    i.OLED_ShowChar     c_oled.o
    0x08002a1c   0x08002a1c   0x000000d4   Code   RO         3594    i.OLED_ShowChinese  c_oled.o
    0x08002af0   0x08002af0   0x00000078   Code   RO         3595    i.OLED_ShowNumber   c_oled.o
    0x08002b68   0x08002b68   0x0000009c   Code   RO         3596    i.OLED_ShowPicture  c_oled.o
    0x08002c04   0x08002c04   0x00000040   Code   RO         3597    i.OLED_ShowString   c_oled.o
    0x08002c44   0x08002c44   0x0000006a   Code   RO         3599    i.OLED_Show_CH_String  c_oled.o
    0x08002cae   0x08002cae   0x00000002   PAD
    0x08002cb0   0x08002cb0   0x00000040   Code   RO         3600    i.OLED_WR_Byte      c_oled.o
    0x08002cf0   0x08002cf0   0x00000050   Code   RO         3488    i.PWM_120_Out       c_pwm.o
    0x08002d40   0x08002d40   0x00000050   Code   RO         3779    i.Read_SWJ          c_read.o
    0x08002d90   0x08002d90   0x0000004c   Code   RO         3740    i.Send_Data         c_send.o
    0x08002ddc   0x08002ddc   0x00000044   Code   RO         3191    i.Stm32_Clock_Init  sys.o
    0x08002e20   0x08002e20   0x00000016   Code   RO         3234    i.SysTick_Handler   delay.o
    0x08002e36   0x08002e36   0x00000002   PAD
    0x08002e38   0x08002e38   0x00000048   Code   RO         3105    i.SystemInit        system_stm32f1xx.o
    0x08002e80   0x08002e80   0x00000040   Code   RO         3489    i.TIM2_Init         c_pwm.o
    0x08002ec0   0x08002ec0   0x00000040   Code   RO         3490    i.TIM3_Init         c_pwm.o
    0x08002f00   0x08002f00   0x00000040   Code   RO         3491    i.TIM4_Init         c_pwm.o
    0x08002f40   0x08002f40   0x0000008c   Code   RO         2440    i.TIM_Base_SetConfig  stm32f1xx_hal_tim.o
    0x08002fcc   0x08002fcc   0x0000001a   Code   RO         2441    i.TIM_CCxChannelCmd  stm32f1xx_hal_tim.o
    0x08002fe6   0x08002fe6   0x00000002   PAD
    0x08002fe8   0x08002fe8   0x00000060   Code   RO         2453    i.TIM_OC1_SetConfig  stm32f1xx_hal_tim.o
    0x08003048   0x08003048   0x0000006c   Code   RO         2454    i.TIM_OC2_SetConfig  stm32f1xx_hal_tim.o
    0x080030b4   0x080030b4   0x00000068   Code   RO         2455    i.TIM_OC3_SetConfig  stm32f1xx_hal_tim.o
    0x0800311c   0x0800311c   0x00000050   Code   RO         2456    i.TIM_OC4_SetConfig  stm32f1xx_hal_tim.o
    0x0800316c   0x0800316c   0x00000010   Code   RO         1179    i.UART_DMAAbortOnError  stm32f1xx_hal_uart.o
    0x0800317c   0x0800317c   0x0000001c   Code   RO         1189    i.UART_EndRxTransfer  stm32f1xx_hal_uart.o
    0x08003198   0x08003198   0x00000096   Code   RO         1191    i.UART_Receive_IT   stm32f1xx_hal_uart.o
    0x0800322e   0x0800322e   0x00000002   PAD
    0x08003230   0x08003230   0x000000b8   Code   RO         1192    i.UART_SetConfig    stm32f1xx_hal_uart.o
    0x080032e8   0x080032e8   0x00000062   Code   RO         1193    i.UART_Transmit_IT  stm32f1xx_hal_uart.o
    0x0800334a   0x0800334a   0x00000002   PAD
    0x0800334c   0x0800334c   0x00000048   Code   RO         3313    i.USART1_IRQHandler  c_usart.o
    0x08003394   0x08003394   0x00000014   Code   RO         3314    i.USART1_SendData   c_usart.o
    0x080033a8   0x080033a8   0x00000048   Code   RO         3315    i.USART2_IRQHandler  c_usart.o
    0x080033f0   0x080033f0   0x00000014   Code   RO         3316    i.USART2_SendData   c_usart.o
    0x08003404   0x08003404   0x00000048   Code   RO         3317    i.USART3_IRQHandler  c_usart.o
    0x0800344c   0x0800344c   0x00000014   Code   RO         3318    i.USART3_SendData   c_usart.o
    0x08003460   0x08003460   0x0000003c   Code   RO         3319    i.Uart1_Init        c_usart.o
    0x0800349c   0x0800349c   0x00000038   Code   RO         3320    i.Uart2_Init        c_usart.o
    0x080034d4   0x080034d4   0x00000038   Code   RO         3321    i.Uart3_Init        c_usart.o
    0x0800350c   0x0800350c   0x00000002   Code   RO         3039    i.UsageFault_Handler  stm32f1xx_it.o
    0x0800350e   0x0800350e   0x00000020   Code   RO          670    i.__NVIC_SetPriority  stm32f1xx_hal_cortex.o
    0x0800352e   0x0800352e   0x00000002   Code   RO         3322    i._sys_exit         c_usart.o
    0x08003530   0x08003530   0x00000034   Code   RO         3235    i.delay_init        delay.o
    0x08003564   0x08003564   0x00000038   Code   RO         3236    i.delay_ms          delay.o
    0x0800359c   0x0800359c   0x00000034   Code   RO         3237    i.delay_us          delay.o
    0x080035d0   0x080035d0   0x00000018   Code   RO         3323    i.fputc             c_usart.o
    0x080035e8   0x080035e8   0x0000014c   Code   RO            4    i.main              main.o
    0x08003734   0x08003734   0x00000070   Code   RO         4286    i.prvAddCurrentTaskToDelayedList  tasks.o
    0x080037a4   0x080037a4   0x000000d0   Code   RO         4287    i.prvAddNewTaskToReadyList  tasks.o
    0x08003874   0x08003874   0x00000050   Code   RO         4643    i.prvCheckForValidListAndQueue  timers.o
    0x080038c4   0x080038c4   0x00000050   Code   RO         4288    i.prvCheckTasksWaitingTermination  tasks.o
    0x08003914   0x08003914   0x00000026   Code   RO         3858    i.prvCopyDataFromQueue  queue.o
    0x0800393a   0x0800393a   0x0000006c   Code   RO         3859    i.prvCopyDataToQueue  queue.o
    0x080039a6   0x080039a6   0x00000014   Code   RO         4289    i.prvDeleteTCB      tasks.o
    0x080039ba   0x080039ba   0x00000002   PAD
    0x080039bc   0x080039bc   0x0000004c   Code   RO         4864    i.prvHeapInit       heap_4.o
    0x08003a08   0x08003a08   0x00000028   Code   RO         4290    i.prvIdleTask       tasks.o
    0x08003a30   0x08003a30   0x000000c4   Code   RO         4291    i.prvInitialiseNewTask  tasks.o
    0x08003af4   0x08003af4   0x0000004c   Code   RO         4865    i.prvInsertBlockIntoFreeList  heap_4.o
    0x08003b40   0x08003b40   0x00000038   Code   RO         4644    i.prvInsertTimerInActiveList  timers.o
    0x08003b78   0x08003b78   0x0000001c   Code   RO         3860    i.prvIsQueueEmpty   queue.o
    0x08003b94   0x08003b94   0x00000094   Code   RO         3861    i.prvNotifyQueueSetContainer  queue.o
    0x08003c28   0x08003c28   0x00000060   Code   RO         4645    i.prvProcessExpiredTimer  timers.o
    0x08003c88   0x08003c88   0x000000f0   Code   RO         4646    i.prvProcessReceivedCommands  timers.o
    0x08003d78   0x08003d78   0x0000006c   Code   RO         4647    i.prvProcessTimerOrBlockTask  timers.o
    0x08003de4   0x08003de4   0x00000020   Code   RO         4293    i.prvResetNextTaskUnblockTime  tasks.o
    0x08003e04   0x08003e04   0x00000028   Code   RO         4648    i.prvSampleTimeNow  timers.o
    0x08003e2c   0x08003e2c   0x0000006c   Code   RO         4649    i.prvSwitchTimerLists  timers.o
    0x08003e98   0x08003e98   0x00000064   Code   RO         4776    i.prvTaskExitError  port.o
    0x08003efc   0x08003efc   0x00000024   Code   RO         4650    i.prvTimerTask      timers.o
    0x08003f20   0x08003f20   0x00000078   Code   RO         3862    i.prvUnlockQueue    queue.o
    0x08003f98   0x08003f98   0x00000118   Code   RO         4866    i.pvPortMalloc      heap_4.o
    0x080040b0   0x080040b0   0x00000018   Code   RO         4295    i.pvTaskIncrementMutexHeldCount  tasks.o
    0x080040c8   0x080040c8   0x00000024   Code   RO         4777    i.pxPortInitialiseStack  port.o
    0x080040ec   0x080040ec   0x000000ac   Code   RO            5    i.start_task        main.o
    0x08004198   0x08004198   0x00000024   Code   RO         4114    i.uxListRemove      list.o
    0x080041bc   0x080041bc   0x00000016   Code   RO         4115    i.vListInitialise   list.o
    0x080041d2   0x080041d2   0x00000006   Code   RO         4116    i.vListInitialiseItem  list.o
    0x080041d8   0x080041d8   0x00000030   Code   RO         4117    i.vListInsert       list.o
    0x08004208   0x08004208   0x00000018   Code   RO         4118    i.vListInsertEnd    list.o
    0x08004220   0x08004220   0x00000078   Code   RO         4779    i.vPortEnterCritical  port.o
    0x08004298   0x08004298   0x00000064   Code   RO         4780    i.vPortExitCritical  port.o
    0x080042fc   0x080042fc   0x000000a0   Code   RO         4867    i.vPortFree         heap_4.o
    0x0800439c   0x0800439c   0x00000020   Code   RO         4781    i.vPortSetupTimerInterrupt  port.o
    0x080043bc   0x080043bc   0x0000008c   Code   RO         4782    i.vPortValidateInterruptPriority  port.o
    0x08004448   0x08004448   0x00000028   Code   RO         3868    i.vQueueAddToRegistry  queue.o
    0x08004470   0x08004470   0x00000044   Code   RO         3872    i.vQueueWaitForMessageRestricted  queue.o
    0x080044b4   0x080044b4   0x00000070   Code   RO         4303    i.vTaskDelay        tasks.o
    0x08004524   0x08004524   0x000000d0   Code   RO         4305    i.vTaskDelete       tasks.o
    0x080045f4   0x080045f4   0x0000000c   Code   RO         4309    i.vTaskMissedYield  tasks.o
    0x08004600   0x08004600   0x00000058   Code   RO         4311    i.vTaskPlaceOnEventList  tasks.o
    0x08004658   0x08004658   0x00000060   Code   RO         4312    i.vTaskPlaceOnEventListRestricted  tasks.o
    0x080046b8   0x080046b8   0x00000084   Code   RO         4314    i.vTaskPriorityInherit  tasks.o
    0x0800473c   0x0800473c   0x0000004c   Code   RO         4318    i.vTaskSetTimeOutState  tasks.o
    0x08004788   0x08004788   0x00000098   Code   RO         4319    i.vTaskStartScheduler  tasks.o
    0x08004820   0x08004820   0x00000010   Code   RO         4321    i.vTaskSuspendAll   tasks.o
    0x08004830   0x08004830   0x00000080   Code   RO         4322    i.vTaskSwitchContext  tasks.o
    0x080048b0   0x080048b0   0x00000074   Code   RO         4783    i.xPortStartScheduler  port.o
    0x08004924   0x08004924   0x0000002c   Code   RO         4784    i.xPortSysTickHandler  port.o
    0x08004950   0x08004950   0x0000007c   Code   RO         3877    i.xQueueGenericCreate  queue.o
    0x080049cc   0x080049cc   0x00000188   Code   RO         3878    i.xQueueGenericReceive  queue.o
    0x08004b54   0x08004b54   0x000000ac   Code   RO         3879    i.xQueueGenericReset  queue.o
    0x08004c00   0x08004c00   0x00000184   Code   RO         3880    i.xQueueGenericSend  queue.o
    0x08004d84   0x08004d84   0x000000e8   Code   RO         3881    i.xQueueGenericSendFromISR  queue.o
    0x08004e6c   0x08004e6c   0x0000008c   Code   RO         4323    i.xTaskCheckForTimeOut  tasks.o
    0x08004ef8   0x08004ef8   0x00000056   Code   RO         4324    i.xTaskCreate       tasks.o
    0x08004f4e   0x08004f4e   0x00000002   PAD
    0x08004f50   0x08004f50   0x0000001c   Code   RO         4328    i.xTaskGetSchedulerState  tasks.o
    0x08004f6c   0x08004f6c   0x0000000c   Code   RO         4329    i.xTaskGetTickCount  tasks.o
    0x08004f78   0x08004f78   0x000000ec   Code   RO         4331    i.xTaskIncrementTick  tasks.o
    0x08005064   0x08005064   0x000000b8   Code   RO         4334    i.xTaskPriorityDisinherit  tasks.o
    0x0800511c   0x0800511c   0x0000009c   Code   RO         4335    i.xTaskRemoveFromEventList  tasks.o
    0x080051b8   0x080051b8   0x000000ec   Code   RO         4337    i.xTaskResumeAll    tasks.o
    0x080052a4   0x080052a4   0x00000074   Code   RO         4653    i.xTimerCreate      timers.o
    0x08005318   0x08005318   0x00000074   Code   RO         4654    i.xTimerCreateTimerTask  timers.o
    0x0800538c   0x0800538c   0x00000090   Code   RO         4655    i.xTimerGenericCommand  timers.o
    0x0800541c   0x0800541c   0x00000062   Code   RO         5102    x$fpl$d2f           fz_ws.l(d2f.o)
    0x0800547e   0x0800547e   0x00000002   PAD
    0x08005480   0x08005480   0x000002b0   Code   RO         5105    x$fpl$ddiv          fz_ws.l(ddiv.o)
    0x08005730   0x08005730   0x00000026   Code   RO         5108    x$fpl$dfltu         fz_ws.l(dflt_clz.o)
    0x08005756   0x08005756   0x0000009c   Code   RO         5146    x$fpl$dnaninf       fz_ws.l(dnaninf.o)
    0x080057f2   0x080057f2   0x0000000c   Code   RO         5148    x$fpl$dretinf       fz_ws.l(dretinf.o)
    0x080057fe   0x080057fe   0x00000002   PAD
    0x08005800   0x08005800   0x0000000c   Code   RO         5150    x$fpl$fcheck1       fz_ws.l(fcheck1.o)
    0x0800580c   0x0800580c   0x00000036   Code   RO         5114    x$fpl$ffix          fz_ws.l(ffix.o)
    0x08005842   0x08005842   0x00000002   PAD
    0x08005844   0x08005844   0x00000030   Code   RO         5119    x$fpl$fflt          fz_ws.l(fflt_clz.o)
    0x08005874   0x08005874   0x00000102   Code   RO         5124    x$fpl$fmul          fz_ws.l(fmul.o)
    0x08005976   0x08005976   0x0000008c   Code   RO         5152    x$fpl$fnaninf       fz_ws.l(fnaninf.o)
    0x08005a02   0x08005a02   0x0000000a   Code   RO         5154    x$fpl$fretinf       fz_ws.l(fretinf.o)
    0x08005a0c   0x08005a0c   0x00000064   Code   RO         5180    x$fpl$retnan        fz_ws.l(retnan.o)
    0x08005a70   0x08005a70   0x0000004c   Code   RO         5126    x$fpl$scalbnf       fz_ws.l(scalbnf.o)
    0x08005abc   0x08005abc   0x00000030   Code   RO         5192    x$fpl$trapveneer    fz_ws.l(trapv.o)
    0x08005aec   0x08005aec   0x00000000   Code   RO         5156    x$fpl$usenofp       fz_ws.l(usenofp.o)
    0x08005aec   0x08005aec   0x00000010   Data   RO         3106    .constdata          system_stm32f1xx.o
    0x08005afc   0x08005afc   0x00000008   Data   RO         3107    .constdata          system_stm32f1xx.o
    0x08005b04   0x08005b04   0x000002b8   Data   RO         3816    .constdata          oled_lib.o
    0x08005dbc   0x08005dbc   0x0000023a   Data   RO         3825    .constdata          oled_lib.o
    0x08005ff6   0x08005ff6   0x00000474   Data   RO         3826    .constdata          oled_lib.o
    0x0800646a   0x0800646a   0x000005f0   Data   RO         3827    .constdata          oled_lib.o
    0x08006a5a   0x08006a5a   0x00000d5c   Data   RO         3828    .constdata          oled_lib.o
    0x080077b6   0x080077b6   0x00000160   Data   RO         3829    .constdata          oled_lib.o
    0x08007916   0x08007916   0x00000048   Data   RO         3830    .constdata          oled_lib.o
    0x0800795e   0x0800795e   0x00000080   Data   RO         3831    .constdata          oled_lib.o
    0x080079de   0x080079de   0x00000200   Data   RO         3832    .constdata          oled_lib.o
    0x08007bde   0x08007bde   0x00000002   PAD
    0x08007be0   0x08007be0   0x00000053   Data   RO            6    .conststring        main.o
    0x08007c33   0x08007c33   0x00000001   PAD
    0x08007c34   0x08007c34   0x00000020   Data   RO         5317    Region$$Table       anon$$obj.o


    Execution Region RW_IRAM1 (Exec base: 0x20000000, Load base: 0x08007c54, Size: 0x000060c8, Max: 0x00010000, ABSOLUTE, COMPRESSED[0x00000080])

    Exec Addr    Load Addr    Size         Type   Attr      Idx    E Section Name        Object

    0x20000000   COMPRESSED   0x0000000a   Data   RW            7    .data               main.o
    0x2000000a   COMPRESSED   0x00000002   PAD
    0x2000000c   COMPRESSED   0x0000000c   Data   RW          348    .data               stm32f1xx_hal.o
    0x20000018   COMPRESSED   0x00000004   Data   RW         3108    .data               system_stm32f1xx.o
    0x2000001c   COMPRESSED   0x00000008   Data   RW         3239    .data               delay.o
    0x20000024   COMPRESSED   0x00000159   Data   RW         3325    .data               c_usart.o
    0x2000017d   COMPRESSED   0x00000003   PAD
    0x20000180   COMPRESSED   0x00000004   Data   RW         3328    .data               c_usart.o
    0x20000184   COMPRESSED   0x00000010   Data   RW         3493    .data               c_pwm.o
    0x20000194   COMPRESSED   0x00000008   Data   RW         3545    .data               c_key.o
    0x2000019c   COMPRESSED   0x00000040   Data   RW         3602    .data               c_oled.o
    0x200001dc   COMPRESSED   0x00000014   Data   RW         3742    .data               c_send.o
    0x200001f0   COMPRESSED   0x00000008   Data   RW         3780    .data               c_read.o
    0x200001f8   COMPRESSED   0x0000003c   Data   RW         4340    .data               tasks.o
    0x20000234   COMPRESSED   0x00000014   Data   RW         4663    .data               timers.o
    0x20000248   COMPRESSED   0x0000000c   Data   RW         4785    .data               port.o
    0x20000254   COMPRESSED   0x00000018   Data   RW         4872    .data               heap_4.o
    0x2000026c   COMPRESSED   0x00000004   Data   RW         4926    .data               a0_task.o
    0x20000270   COMPRESSED   0x00000004   Data   RW         4957    .data               b0_task.o
    0x20000274   COMPRESSED   0x00000004   Data   RW         4991    .data               c0_task.o
    0x20000278   COMPRESSED   0x00000004   Data   RW         5021    .data               key_task.o
    0x2000027c        -       0x000000c0   Zero   RW         3324    .bss                c_usart.o
    0x2000033c        -       0x00000074   Zero   RW         3428    .bss                c_adc.o
    0x200003b0        -       0x00000114   Zero   RW         3492    .bss                c_pwm.o
    0x200004c4        -       0x00000240   Zero   RW         3601    .bss                c_oled.o
    0x20000704        -       0x00000014   Zero   RW         3741    .bss                c_send.o
    0x20000718        -       0x00000040   Zero   RW         3892    .bss                queue.o
    0x20000758        -       0x000002e4   Zero   RW         4339    .bss                tasks.o
    0x20000a3c        -       0x00000028   Zero   RW         4662    .bss                timers.o
    0x20000a64        -       0x00005000   Zero   RW         4871    .bss                heap_4.o
    0x20005a64        -       0x00000060   Zero   RW         5195    .bss                c_w.l(libspace.o)
    0x20005ac4   COMPRESSED   0x00000004   PAD
    0x20005ac8        -       0x00000200   Zero   RW         3025    HEAP                startup_stm32f103xe.o
    0x20005cc8        -       0x00000400   Zero   RW         3024    STACK               startup_stm32f103xe.o


==============================================================================

Image component sizes


      Code (inc. data)   RO Data    RW Data    ZI Data      Debug   Object Name

       176         30          0          4          0        959   a0_task.o
        28         10          0          4          0        731   b0_task.o
        32         10          0          4          0        743   c0_task.o
       280         44          0          0        116       3266   c_adc.o
       168         14          0          8          0       2282   c_key.o
      2130         74          0         64        576      18153   c_oled.o
       528         56          0         16        276       4529   c_pwm.o
        80         16          0          8          0       1200   c_read.o
        90         12          0         20         20       2378   c_send.o
       910        144          0        349        192      10367   c_usart.o
       182         12          0          8          0      12613   delay.o
         0          0          0          0          0       2436   event_groups.o
       592        146          0         24      20480       4047   heap_4.o
        44         20          0          4          0        777   key_task.o
       136          0          0          0          0       3150   list.o
       504        180         83         10          0     450927   main.o
         0          0       8410          0          0       1596   oled_lib.o
       838        314          0         12          0      10321   port.o
      1858        262          0          0         64      25209   queue.o
        64         26        304          0       1536        832   startup_stm32f103xe.o
       128         24          0         12          0     496937   stm32f1xx_hal.o
      1618         80          0          0          0      11345   stm32f1xx_hal_adc.o
       222         14          0          0          0      29617   stm32f1xx_hal_cortex.o
      1166         52          0          0          0       4582   stm32f1xx_hal_dma.o
       524         42          0          0          0       3623   stm32f1xx_hal_gpio.o
         2          0          0          0          0        458   stm32f1xx_hal_msp.o
      1284        106          0          0          0       5792   stm32f1xx_hal_rcc.o
       212         32          0          0          0       1629   stm32f1xx_hal_rcc_ex.o
       884         66          0          0          0       8074   stm32f1xx_hal_tim.o
       942         12          0          0          0       8179   stm32f1xx_hal_uart.o
        12          0          0          0          0       4645   stm32f1xx_it.o
        68          0          0          0          0        655   sys.o
        72         16         24          4          0       1227   system_stm32f1xx.o
      2810        724          0         60        740      29427   tasks.o
      1140        258          0         20         40       9842   timers.o

    ----------------------------------------------------------------------
     19752       2796       8856        636      24040    1172548   Object Totals
         0          0         32          0          0          0   (incl. Generated)
        28          0          3          5          0          0   (incl. Padding)

    ----------------------------------------------------------------------

      Code (inc. data)   RO Data    RW Data    ZI Data      Debug   Library Member Name

        90          0          0          0          0          0   __dczerorl2.o
         8          0          0          0          0         68   __main.o
       184          0          0          0          0         84   __printf_ss.o
         0          0          0          0          0          0   __rtentry.o
        12          0          0          0          0          0   __rtentry2.o
         6          0          0          0          0          0   __rtentry4.o
        52          8          0          0          0          0   __scatter.o
        28          0          0          0          0          0   __scatter_zi.o
        44          0          0          0          0        108   _printf_char.o
        48          6          0          0          0         96   _printf_char_common.o
        36          4          0          0          0         80   _printf_char_file.o
         6          0          0          0          0          0   _printf_d.o
       120         16          0          0          0         92   _printf_dec.o
       178          0          0          0          0         88   _printf_intcommon.o
         0          0          0          0          0          0   _printf_percent.o
         4          0          0          0          0          0   _printf_percent_end.o
         6          0          0          0          0          0   _printf_s.o
        82          0          0          0          0         80   _printf_str.o
        16          0          0          0          0         68   aeabi_memset.o
        18          0          0          0          0         80   exit.o
         8          0          0          0          0         68   ferror.o
         6          0          0          0          0        152   heapauxi.o
         2          0          0          0          0          0   libinit.o
         2          0          0          0          0          0   libinit2.o
         2          0          0          0          0          0   libshutdown.o
         2          0          0          0          0          0   libshutdown2.o
         8          4          0          0         96         68   libspace.o
        24          4          0          0          0         84   noretval__2printf.o
        68          0          0          0          0         68   rt_memclr.o
        78          0          0          0          0         80   rt_memclr_w.o
       138          0          0          0          0         68   rt_memcpy_v6.o
       100          0          0          0          0         80   rt_memcpy_w.o
         2          0          0          0          0          0   rtexit.o
        10          0          0          0          0          0   rtexit2.o
        74          0          0          0          0         80   sys_stackheap_outer.o
         2          0          0          0          0         68   use_no_semi.o
         2          0          0          0          0         68   use_no_semi_2.o
        98          4          0          0          0         92   d2f.o
       688        140          0          0          0        208   ddiv.o
        38          0          0          0          0         68   dflt_clz.o
       156          4          0          0          0         92   dnaninf.o
        12          0          0          0          0         68   dretinf.o
        12          4          0          0          0         68   fcheck1.o
        54          4          0          0          0         84   ffix.o
        48          0          0          0          0         68   fflt_clz.o
       258          4          0          0          0         84   fmul.o
       140          4          0          0          0         84   fnaninf.o
        10          0          0          0          0         68   fretinf.o
       100          0          0          0          0         68   retnan.o
        76          0          0          0          0         68   scalbnf.o
        48          0          0          0          0         68   trapv.o
         0          0          0          0          0          0   usenofp.o

    ----------------------------------------------------------------------
      3220        206          0          0        100       2916   Library Totals
        16          0          0          0          4          0   (incl. Padding)

    ----------------------------------------------------------------------

      Code (inc. data)   RO Data    RW Data    ZI Data      Debug   Library Name

      1466         42          0          0         96       1728   c_w.l
      1738        164          0          0          0       1188   fz_ws.l

    ----------------------------------------------------------------------
      3220        206          0          0        100       2916   Library Totals

    ----------------------------------------------------------------------

==============================================================================


      Code (inc. data)   RO Data    RW Data    ZI Data      Debug   

     22972       3002       8856        636      24140    1164072   Grand Totals
     22972       3002       8856        128      24140    1164072   ELF Image Totals (compressed)
     22972       3002       8856        128          0          0   ROM Totals

==============================================================================

    Total RO  Size (Code + RO Data)                31828 (  31.08kB)
    Total RW  Size (RW Data + ZI Data)             24776 (  24.20kB)
    Total ROM Size (Code + RO Data + RW Data)      31956 (  31.21kB)

==============================================================================

