Component: ARM Compiler 5.06 update 6 (build 750) Tool: armlink [4d35ed]

==============================================================================

Section Cross References

    startup_stm32g431xx.o(RESET) refers to startup_stm32g431xx.o(STACK) for __initial_sp
    startup_stm32g431xx.o(RESET) refers to startup_stm32g431xx.o(.text) for Reset_Handler
    startup_stm32g431xx.o(RESET) refers to stm32g4xx_mc_it.o(i.HardFault_Handler) for HardFault_Handler
    startup_stm32g431xx.o(RESET) refers to stm32g4xx_mc_it.o(i.SysTick_Handler) for SysTick_Handler
    startup_stm32g431xx.o(RESET) refers to stm32g4xx_mc_it.o(i.ADC1_2_IRQHandler) for ADC1_2_IRQHandler
    startup_stm32g431xx.o(RESET) refers to stm32g4xx_mc_it.o(i.TIM1_BRK_TIM15_IRQHandler) for TIM1_BRK_TIM15_IRQHandler
    startup_stm32g431xx.o(RESET) refers to stm32g4xx_mc_it.o(i.TIM1_UP_TIM16_IRQHandler) for TIM1_UP_TIM16_IRQHandler
    startup_stm32g431xx.o(RESET) refers to stm32g4xx_mc_it.o(i.USART2_IRQHandler) for USART2_IRQHandler
    startup_stm32g431xx.o(RESET) refers to stm32g4xx_mc_it.o(i.EXTI15_10_IRQHandler) for EXTI15_10_IRQHandler
    startup_stm32g431xx.o(.text) refers to system_stm32g4xx.o(i.SystemInit) for SystemInit
    startup_stm32g431xx.o(.text) refers to entry.o(.ARM.Collect$$$$00000000) for __main
    main.o(i.SystemClock_Config) refers to memseta.o(.text) for __aeabi_memclr4
    main.o(i.SystemClock_Config) refers to stm32g4xx_hal_pwr_ex.o(i.HAL_PWREx_ControlVoltageScaling) for HAL_PWREx_ControlVoltageScaling
    main.o(i.SystemClock_Config) refers to stm32g4xx_hal_rcc.o(i.HAL_RCC_OscConfig) for HAL_RCC_OscConfig
    main.o(i.SystemClock_Config) refers to stm32g4xx_hal_rcc.o(i.HAL_RCC_ClockConfig) for HAL_RCC_ClockConfig
    main.o(i.SystemClock_Config) refers to stm32g4xx_hal_rcc_ex.o(i.HAL_RCCEx_PeriphCLKConfig) for HAL_RCCEx_PeriphCLKConfig
    main.o(i.main) refers to stm32g4xx_hal.o(i.HAL_Init) for HAL_Init
    main.o(i.main) refers to main.o(i.SystemClock_Config) for SystemClock_Config
    main.o(i.main) refers to stm32g4xx_hal_gpio.o(i.HAL_GPIO_Init) for HAL_GPIO_Init
    main.o(i.main) refers to stm32g4xx_hal_adc.o(i.HAL_ADC_Init) for HAL_ADC_Init
    main.o(i.main) refers to stm32g4xx_hal_adc_ex.o(i.HAL_ADCEx_MultiModeConfigChannel) for HAL_ADCEx_MultiModeConfigChannel
    main.o(i.main) refers to stm32g4xx_hal_adc_ex.o(i.HAL_ADCEx_InjectedConfigChannel) for HAL_ADCEx_InjectedConfigChannel
    main.o(i.main) refers to stm32g4xx_hal_adc.o(i.HAL_ADC_ConfigChannel) for HAL_ADC_ConfigChannel
    main.o(i.main) refers to stm32g4xx_hal_comp.o(i.HAL_COMP_Init) for HAL_COMP_Init
    main.o(i.main) refers to stm32g4xx_hal_cordic.o(i.HAL_CORDIC_Init) for HAL_CORDIC_Init
    main.o(i.main) refers to stm32g4xx_hal_dac.o(i.HAL_DAC_Init) for HAL_DAC_Init
    main.o(i.main) refers to stm32g4xx_hal_dac.o(i.HAL_DAC_ConfigChannel) for HAL_DAC_ConfigChannel
    main.o(i.main) refers to stm32g4xx_hal_tim.o(i.HAL_TIM_Base_Init) for HAL_TIM_Base_Init
    main.o(i.main) refers to stm32g4xx_hal_tim.o(i.HAL_TIM_PWM_Init) for HAL_TIM_PWM_Init
    main.o(i.main) refers to stm32g4xx_hal_tim.o(i.HAL_TIM_SlaveConfigSynchro) for HAL_TIM_SlaveConfigSynchro
    main.o(i.main) refers to stm32g4xx_hal_tim_ex.o(i.HAL_TIMEx_MasterConfigSynchronization) for HAL_TIMEx_MasterConfigSynchronization
    main.o(i.main) refers to stm32g4xx_hal_tim_ex.o(i.HAL_TIMEx_ConfigBreakInput) for HAL_TIMEx_ConfigBreakInput
    main.o(i.main) refers to stm32g4xx_hal_tim.o(i.HAL_TIM_PWM_ConfigChannel) for HAL_TIM_PWM_ConfigChannel
    main.o(i.main) refers to main.o(.bss) for .bss
    main.o(i.main) refers to stm32g4xx_hal_tim_ex.o(i.HAL_TIMEx_ConfigBreakDeadTime) for HAL_TIMEx_ConfigBreakDeadTime
    main.o(i.main) refers to stm32g4xx_hal_msp.o(i.HAL_TIM_MspPostInit) for HAL_TIM_MspPostInit
    main.o(i.main) refers to stm32g4xx_hal_uart.o(i.HAL_UART_Init) for HAL_UART_Init
    main.o(i.main) refers to stm32g4xx_hal_uart_ex.o(i.HAL_UARTEx_SetTxFifoThreshold) for HAL_UARTEx_SetTxFifoThreshold
    main.o(i.main) refers to stm32g4xx_hal_uart_ex.o(i.HAL_UARTEx_SetRxFifoThreshold) for HAL_UARTEx_SetRxFifoThreshold
    main.o(i.main) refers to stm32g4xx_hal_uart_ex.o(i.HAL_UARTEx_DisableFifoMode) for HAL_UARTEx_DisableFifoMode
    main.o(i.main) refers to motorcontrol.o(i.MX_MotorControl_Init) for MX_MotorControl_Init
    main.o(i.main) refers to stm32g4xx_hal_cortex.o(i.HAL_NVIC_SetPriority) for HAL_NVIC_SetPriority
    main.o(i.main) refers to stm32g4xx_hal_cortex.o(i.HAL_NVIC_EnableIRQ) for HAL_NVIC_EnableIRQ
    motorcontrol.o(i.MX_MotorControl_Init) refers to stm32g4xx_hal_rcc.o(i.HAL_RCC_GetHCLKFreq) for HAL_RCC_GetHCLKFreq
    motorcontrol.o(i.MX_MotorControl_Init) refers to stm32g4xx_hal_cortex.o(i.HAL_SYSTICK_Config) for HAL_SYSTICK_Config
    motorcontrol.o(i.MX_MotorControl_Init) refers to mc_tasks.o(i.MCboot) for MCboot
    motorcontrol.o(i.MX_MotorControl_Init) refers to mc_tasks.o(i.mc_lock_pins) for mc_lock_pins
[...]
    DMA2_Channel6_IRQHandler                 0x08000207   Thumb Code     0  startup_stm32g431xx.o(.text)
    DMAMUX_OVR_IRQHandler                    0x08000207   Thumb Code     0  startup_stm32g431xx.o(.text)
    EXTI0_IRQHandler                         0x08000207   Thumb Code     0  startup_stm32g431xx.o(.text)
    EXTI1_IRQHandler                         0x08000207   Thumb Code     0  startup_stm32g431xx.o(.text)
    EXTI2_IRQHandler                         0x08000207   Thumb Code     0  startup_stm32g431xx.o(.text)
    EXTI3_IRQHandler                         0x08000207   Thumb Code     0  startup_stm32g431xx.o(.text)
    EXTI4_IRQHandler                         0x08000207   Thumb Code     0  startup_stm32g431xx.o(.text)
    EXTI9_5_IRQHandler                       0x08000207   Thumb Code     0  startup_stm32g431xx.o(.text)
    FDCAN1_IT0_IRQHandler                    0x08000207   Thumb Code     0  startup_stm32g431xx.o(.text)
    FDCAN1_IT1_IRQHandler                    0x08000207   Thumb Code     0  startup_stm32g431xx.o(.text)
    FLASH_IRQHandler                         0x08000207   Thumb Code     0  startup_stm32g431xx.o(.text)
    FMAC_IRQHandler                          0x08000207   Thumb Code     0  startup_stm32g431xx.o(.text)
    FPU_IRQHandler                           0x08000207   Thumb Code     0  startup_stm32g431xx.o(.text)
    I2C1_ER_IRQHandler                       0x08000207   Thumb Code     0  startup_stm32g431xx.o(.text)
    I2C1_EV_IRQHandler                       0x08000207   Thumb Code     0  startup_stm32g431xx.o(.text)
    I2C2_ER_IRQHandler                       0x08000207   Thumb Code     0  startup_stm32g431xx.o(.text)
    I2C2_EV_IRQHandler                       0x08000207   Thumb Code     0  startup_stm32g431xx.o(.text)
    I2C3_ER_IRQHandler                       0x08000207   Thumb Code     0  startup_stm32g431xx.o(.text)
    I2C3_EV_IRQHandler                       0x08000207   Thumb Code     0  startup_stm32g431xx.o(.text)
    LPTIM1_IRQHandler                        0x08000207   Thumb Code     0  startup_stm32g431xx.o(.text)
    LPUART1_IRQHandler                       0x08000207   Thumb Code     0  startup_stm32g431xx.o(.text)
    PVD_PVM_IRQHandler                       0x08000207   Thumb Code     0  startup_stm32g431xx.o(.text)
    RCC_IRQHandler                           0x08000207   Thumb Code     0  startup_stm32g431xx.o(.text)
    RNG_IRQHandler                           0x08000207   Thumb Code     0  startup_stm32g431xx.o(.text)
    RTC_Alarm_IRQHandler                     0x08000207   Thumb Code     0  startup_stm32g431xx.o(.text)
    RTC_TAMP_LSECSS_IRQHandler               0x08000207   Thumb Code     0  startup_stm32g431xx.o(.text)
    RTC_WKUP_IRQHandler                      0x08000207   Thumb Code     0  startup_stm32g431xx.o(.text)
    SAI1_IRQHandler                          0x08000207   Thumb Code     0  startup_stm32g431xx.o(.text)
    SPI1_IRQHandler                          0x08000207   Thumb Code     0  startup_stm32g431xx.o(.text)
    SPI2_IRQHandler                          0x08000207   Thumb Code     0  startup_stm32g431xx.o(.text)
    SPI3_IRQHandler                          0x08000207   Thumb Code     0  startup_stm32g431xx.o(.text)
    TIM1_CC_IRQHandler                       0x08000207   Thumb Code     0  startup_stm32g431xx.o(.text)
    TIM1_TRG_COM_TIM17_IRQHandler            0x08000207   Thumb Code     0  startup_stm32g431xx.o(.text)
    TIM2_IRQHandler                          0x08000207   Thumb Code     0  startup_stm32g431xx.o(.text)
    TIM3_IRQHandler                          0x08000207   Thumb Code     0  startup_stm32g431xx.o(.text)
    TIM4_IRQHandler                          0x08000207   Thumb Code     0  startup_stm32g431xx.o(.text)
    TIM6_DAC_IRQHandler                      0x08000207   Thumb Code     0  startup_stm32g431xx.o(.text)
    TIM7_DAC_IRQHandler                      0x08000207   Thumb Code     0  startup_stm32g431xx.o(.text)
    TIM8_BRK_IRQHandler                      0x08000207   Thumb Code     0  startup_stm32g431xx.o(.text)
    TIM8_CC_IRQHandler                       0x08000207   Thumb Code     0  startup_stm32g431xx.o(.text)
    TIM8_TRG_COM_IRQHandler                  0x08000207   Thumb Code     0  startup_stm32g431xx.o(.text)
    TIM8_UP_IRQHandler                       0x08000207   Thumb Code     0  startup_stm32g431xx.o(.text)
    UART4_IRQHandler                         0x08000207   Thumb Code     0  startup_stm32g431xx.o(.text)
    UCPD1_IRQHandler                         0x08000207   Thumb Code     0  startup_stm32g431xx.o(.text)
    USART1_IRQHandler                        0x08000207   Thumb Code     0  startup_stm32g431xx.o(.text)
    USART3_IRQHandler                        0x08000207   Thumb Code     0  startup_stm32g431xx.o(.text)
    USBWakeUp_IRQHandler                     0x08000207   Thumb Code     0  startup_stm32g431xx.o(.text)
    USB_HP_IRQHandler                        0x08000207   Thumb Code     0  startup_stm32g431xx.o(.text)
    USB_LP_IRQHandler                        0x08000207   Thumb Code     0  startup_stm32g431xx.o(.text)
    WWDG_IRQHandler                          0x08000207   Thumb Code     0  startup_stm32g431xx.o(.text)
    __aeabi_uldivmod                         0x08000211   Thumb Code    98  uldiv.o(.text)
    __aeabi_memset                           0x08000273   Thumb Code    14  memseta.o(.text)
    __aeabi_memset4                          0x08000273   Thumb Code     0  memseta.o(.text)
    __aeabi_memset8                          0x08000273   Thumb Code     0  memseta.o(.text)
    __aeabi_memclr                           0x08000281   Thumb Code     4  memseta.o(.text)
    __aeabi_memclr4                          0x08000281   Thumb Code     0  memseta.o(.text)
    __aeabi_memclr8                          0x08000281   Thumb Code     0  memseta.o(.text)
    _memset$wrapper                          0x08000285   Thumb Code    18  memseta.o(.text)
    __aeabi_llsl                             0x08000297   Thumb Code    30  llshl.o(.text)
    _ll_shift_l                              0x08000297   Thumb Code     0  llshl.o(.text)
    __aeabi_llsr                             0x080002b5   Thumb Code    32  llushr.o(.text)
    _ll_ushift_r                             0x080002b5   Thumb Code     0  llushr.o(.text)
    __scatterload                            0x080002d5   Thumb Code    28  init.o(.text)
    __scatterload_rt2                        0x080002d5   Thumb Code     0  init.o(.text)
    __decompress                             0x080002f9   Thumb Code     0  __dczerorl2.o(.text)
    __decompress1                            0x080002f9   Thumb Code    86  __dczerorl2.o(.text)
    ADC1_2_IRQHandler                        0x0800034f   Thumb Code    22  stm32g4xx_mc_it.o(i.ADC1_2_IRQHandler)
    Circle_Limitation                        0x08000365   Thumb Code    86  circle_limitation.o(i.Circle_Limitation)
    DAC_Exec                                 0x080003bd   Thumb Code    42  dac_ui.o(i.DAC_Exec)
    DAC_GetChannelConfig                     0x080003f1   Thumb Code     8  dac_common_ui.o(i.DAC_GetChannelConfig)
    DAC_GetUserChannelValue                  0x080003f9   Thumb Code    10  dac_common_ui.o(i.DAC_GetUserChannelValue)
    DAC_Init                                 0x08000405   Thumb Code    12  dac_ui.o(i.DAC_Init)
    DAC_SetChannelConfig                     0x08000415   Thumb Code     8  dac_common_ui.o(i.DAC_SetChannelConfig)
    DAC_SetUserChannelValue                  0x0800041d   Thumb Code     8  dac_common_ui.o(i.DAC_SetUserChannelValue)
    EXTI15_10_IRQHandler                     0x08000425   Thumb Code    22  stm32g4xx_mc_it.o(i.EXTI15_10_IRQHandler)
    FCP_CalcCRC                              0x08000441   Thumb Code    46  frame_communication_protocol.o(i.FCP_CalcCRC)
    FCP_Init                                 0x0800046f   Thumb Code    42  frame_communication_protocol.o(i.FCP_Init)
    FCP_SetClient                            0x08000499   Thumb Code    14  frame_communication_protocol.o(i.FCP_SetClient)
    FOC_CalcCurrRef                          0x080004a9   Thumb Code    42  mc_tasks.o(i.FOC_CalcCurrRef)
    FOC_Clear                                0x080004dd   Thumb Code    86  mc_tasks.o(i.FOC_Clear)
    FOC_InitAdditionalMethods                0x08000549   Thumb Code     2  mc_tasks.o(i.FOC_InitAdditionalMethods)
    HAL_ADCEx_InjectedConfigChannel          0x0800054d   Thumb Code  1488  stm32g4xx_hal_adc_ex.o(i.HAL_ADCEx_InjectedConfigChannel)
    HAL_ADCEx_MultiModeConfigChannel         0x08000b39   Thumb Code   216  stm32g4xx_hal_adc_ex.o(i.HAL_ADCEx_MultiModeConfigChannel)
    HAL_ADC_ConfigChannel                    0x08000c19   Thumb Code  1196  stm32g4xx_hal_adc.o(i.HAL_ADC_ConfigChannel)
    HAL_ADC_Init                             0x080010e9   Thumb Code   550  stm32g4xx_hal_adc.o(i.HAL_ADC_Init)
    HAL_ADC_MspInit                          0x08001325   Thumb Code   194  stm32g4xx_hal_msp.o(i.HAL_ADC_MspInit)
    HAL_COMP_Init                            0x080013f5   Thumb Code   362  stm32g4xx_hal_comp.o(i.HAL_COMP_Init)
    HAL_COMP_MspInit                         0x08001581   Thumb Code   148  stm32g4xx_hal_msp.o(i.HAL_COMP_MspInit)
    HAL_CORDIC_Init                          0x08001625   Thumb Code    52  stm32g4xx_hal_cordic.o(i.HAL_CORDIC_Init)
    HAL_CORDIC_MspInit                       0x08001659   Thumb Code    40  stm32g4xx_hal_msp.o(i.HAL_CORDIC_MspInit)
    HAL_DAC_ConfigChannel                    0x08001685   Thumb Code   462  stm32g4xx_hal_dac.o(i.HAL_DAC_ConfigChannel)
    HAL_DAC_Init                             0x0800185d   Thumb Code    40  stm32g4xx_hal_dac.o(i.HAL_DAC_Init)
    HAL_DAC_MspInit                          0x08001885   Thumb Code    88  stm32g4xx_hal_msp.o(i.HAL_DAC_MspInit)
    HAL_Delay                                0x080018e1   Thumb Code    34  stm32g4xx_hal.o(i.HAL_Delay)
    HAL_GPIO_Init                            0x08001909   Thumb Code   528  stm32g4xx_hal_gpio.o(i.HAL_GPIO_Init)
    HAL_GetTick                              0x08001b2d   Thumb Code     6  stm32g4xx_hal.o(i.HAL_GetTick)
    HAL_IncTick                              0x08001b39   Thumb Code    12  stm32g4xx_hal.o(i.HAL_IncTick)
    HAL_Init                                 0x08001b49   Thumb Code    30  stm32g4xx_hal.o(i.HAL_Init)
    HAL_InitTick                             0x08001b69   Thumb Code    58  stm32g4xx_hal.o(i.HAL_InitTick)
    HAL_MspInit                              0x08001bad   Thumb Code    44  stm32g4xx_hal_msp.o(i.HAL_MspInit)
    HAL_NVIC_EnableIRQ                       0x08001bdd   Thumb Code    30  stm32g4xx_hal_cortex.o(i.HAL_NVIC_EnableIRQ)
    HAL_NVIC_SetPriority                     0x08001bfd   Thumb Code    96  stm32g4xx_hal_cortex.o(i.HAL_NVIC_SetPriority)
    HAL_NVIC_SetPriorityGrouping             0x08001c61   Thumb Code    30  stm32g4xx_hal_cortex.o(i.HAL_NVIC_SetPriorityGrouping)
    HAL_PWREx_ControlVoltageScaling          0x08001c85   Thumb Code   180  stm32g4xx_hal_pwr_ex.o(i.HAL_PWREx_ControlVoltageScaling)
    HAL_RCCEx_PeriphCLKConfig                0x08001d45   Thumb Code   700  stm32g4xx_hal_rcc_ex.o(i.HAL_RCCEx_PeriphCLKConfig)
    HAL_RCC_ClockConfig                      0x08002009   Thumb Code   488  stm32g4xx_hal_rcc.o(i.HAL_RCC_ClockConfig)
    HAL_RCC_GetHCLKFreq                      0x08002211   Thumb Code     6  stm32g4xx_hal_rcc.o(i.HAL_RCC_GetHCLKFreq)
    HAL_RCC_GetPCLK1Freq                     0x0800221d   Thumb Code    24  stm32g4xx_hal_rcc.o(i.HAL_RCC_GetPCLK1Freq)
    HAL_RCC_GetPCLK2Freq                     0x08002241   Thumb Code    24  stm32g4xx_hal_rcc.o(i.HAL_RCC_GetPCLK2Freq)
    HAL_RCC_GetSysClockFreq                  0x08002265   Thumb Code   100  stm32g4xx_hal_rcc.o(i.HAL_RCC_GetSysClockFreq)
    HAL_RCC_OscConfig                        0x080022d5   Thumb Code  1226  stm32g4xx_hal_rcc.o(i.HAL_RCC_OscConfig)
    HAL_SYSTICK_Callback                     0x0800279f   Thumb Code     2  stm32g4xx_hal_cortex.o(i.HAL_SYSTICK_Callback)
    HAL_SYSTICK_Config                       0x080027a1   Thumb Code    38  stm32g4xx_hal_cortex.o(i.HAL_SYSTICK_Config)
    HAL_SYSTICK_IRQHandler                   0x080027cd   Thumb Code     8  stm32g4xx_hal_cortex.o(i.HAL_SYSTICK_IRQHandler)
    HAL_TIMEx_ConfigBreakDeadTime            0x080027d5   Thumb Code   178  stm32g4xx_hal_tim_ex.o(i.HAL_TIMEx_ConfigBreakDeadTime)
    HAL_TIMEx_ConfigBreakInput               0x08002891   Thumb Code   220  stm32g4xx_hal_tim_ex.o(i.HAL_TIMEx_ConfigBreakInput)
    HAL_TIMEx_MasterConfigSynchronization    0x0800296d   Thumb Code   104  stm32g4xx_hal_tim_ex.o(i.HAL_TIMEx_MasterConfigSynchronization)
    HAL_TIM_Base_Init                        0x080029d5   Thumb Code    54  stm32g4xx_hal_tim.o(i.HAL_TIM_Base_Init)
    HAL_TIM_Base_MspInit                     0x08002a0d   Thumb Code    40  stm32g4xx_hal_msp.o(i.HAL_TIM_Base_MspInit)
    HAL_TIM_MspPostInit                      0x08002a39   Thumb Code   158  stm32g4xx_hal_msp.o(i.HAL_TIM_MspPostInit)
    HAL_TIM_PWM_ConfigChannel                0x08002ae5   Thumb Code   860  stm32g4xx_hal_tim.o(i.HAL_TIM_PWM_ConfigChannel)
    HAL_TIM_PWM_Init                         0x08002e55   Thumb Code    54  stm32g4xx_hal_tim.o(i.HAL_TIM_PWM_Init)
    HAL_TIM_PWM_MspInit                      0x08002e8b   Thumb Code     2  stm32g4xx_hal_tim.o(i.HAL_TIM_PWM_MspInit)
    HAL_TIM_SlaveConfigSynchro               0x08002e8d   Thumb Code    86  stm32g4xx_hal_tim.o(i.HAL_TIM_SlaveConfigSynchro)
    HAL_UARTEx_DisableFifoMode               0x08002ee3   Thumb Code    62  stm32g4xx_hal_uart_ex.o(i.HAL_UARTEx_DisableFifoMode)
    HAL_UARTEx_EnableFifoMode                0x08002f21   Thumb Code   166  stm32g4xx_hal_uart_ex.o(i.HAL_UARTEx_EnableFifoMode)
    HAL_UARTEx_SetRxFifoThreshold            0x08002fd9   Thumb Code   162  stm32g4xx_hal_uart_ex.o(i.HAL_UARTEx_SetRxFifoThreshold)
    HAL_UARTEx_SetTxFifoThreshold            0x08003085   Thumb Code   162  stm32g4xx_hal_uart_ex.o(i.HAL_UARTEx_SetTxFifoThreshold)
    HAL_UART_Init                            0x08003131   Thumb Code   110  stm32g4xx_hal_uart.o(i.HAL_UART_Init)
    HAL_UART_MspInit                         0x080031a1   Thumb Code    90  stm32g4xx_hal_msp.o(i.HAL_UART_MspInit)
    HardFault_Handler                        0x08003205   Thumb Code    98  stm32g4xx_mc_it.o(i.HardFault_Handler)
    MCI_Clear_Iqdref                         0x08003361   Thumb Code    16  mc_interface.o(i.MCI_Clear_Iqdref)
    MCI_EncoderAlign                         0x08003371   Thumb Code     8  mc_interface.o(i.MCI_EncoderAlign)
    MCI_ExecBufferedCommands                 0x08003379   Thumb Code   120  mc_interface.o(i.MCI_ExecBufferedCommands)
    MCI_ExecSpeedRamp                        0x080033f1   Thumb Code    14  mc_interface.o(i.MCI_ExecSpeedRamp)
    MCI_ExecTorqueRamp                       0x080033ff   Thumb Code    18  mc_interface.o(i.MCI_ExecTorqueRamp)
    MCI_FaultAcknowledged                    0x08003411   Thumb Code     6  mc_interface.o(i.MCI_FaultAcknowledged)
    MCI_GetAvrgMecSpeedUnit                  0x08003417   Thumb Code    16  mc_interface.o(i.MCI_GetAvrgMecSpeedUnit)
    MCI_GetControlMode                       0x08003427   Thumb Code     4  mc_interface.o(i.MCI_GetControlMode)
    MCI_GetIab                               0x0800342b   Thumb Code     6  mc_interface.o(i.MCI_GetIab)
    MCI_GetIalphabeta                        0x08003431   Thumb Code     6  mc_interface.o(i.MCI_GetIalphabeta)
    MCI_GetImposedMotorDirection             0x08003437   Thumb Code    54  mc_interface.o(i.MCI_GetImposedMotorDirection)
    MCI_GetIqd                               0x0800346d   Thumb Code     6  mc_interface.o(i.MCI_GetIqd)
    MCI_GetIqdref                            0x08003473   Thumb Code     6  mc_interface.o(i.MCI_GetIqdref)
    MCI_GetLastRampFinalSpeed                0x08003479   Thumb Code    16  mc_interface.o(i.MCI_GetLastRampFinalSpeed)
    MCI_GetMecSpeedRefUnit                   0x08003489   Thumb Code     6  mc_interface.o(i.MCI_GetMecSpeedRefUnit)
    MCI_GetSTMState                          0x0800348f   Thumb Code     6  mc_interface.o(i.MCI_GetSTMState)
    MCI_GetTeref                             0x08003495   Thumb Code     8  mc_interface.o(i.MCI_GetTeref)
    MCI_GetValphabeta                        0x0800349d   Thumb Code     8  mc_interface.o(i.MCI_GetValphabeta)
    MCI_GetVqd                               0x080034a5   Thumb Code     8  mc_interface.o(i.MCI_GetVqd)
    MCI_Init                                 0x080034ad   Thumb Code    20  mc_interface.o(i.MCI_Init)
    MCI_SetCurrentReferences                 0x080034c1   Thumb Code    20  mc_interface.o(i.MCI_SetCurrentReferences)
    MCI_SetIdref                             0x080034d5   Thumb Code    10  mc_interface.o(i.MCI_SetIdref)
    MCI_StartMotor                           0x080034df   Thumb Code    22  mc_interface.o(i.MCI_StartMotor)
    MCI_StopMotor                            0x080034f5   Thumb Code     8  mc_interface.o(i.MCI_StopMotor)
    MCI_StopRamp                             0x080034fd   Thumb Code     6  mc_interface.o(i.MCI_StopRamp)
    MCM_Clarke                               0x08003505   Thumb Code    72  mc_math.o(i.MCM_Clarke)
    MCM_Park                                 0x08003551   Thumb Code   122  mc_math.o(i.MCM_Park)
    MCM_Rev_Park                             0x080035d5   Thumb Code    54  mc_math.o(i.MCM_Rev_Park)
    MCM_Trig_Functions                       0x0800360d   Thumb Code    16  mc_math.o(i.MCM_Trig_Functions)
    MCP_Init                                 0x08003625   Thumb Code    54  motor_control_protocol.o(i.MCP_Init)
    MCP_OnTimeOut                            0x08003669   Thumb Code     8  motor_control_protocol.o(i.MCP_OnTimeOut)
    MCP_ReceivedFrame                        0x08003671   Thumb Code  1790  motor_control_protocol.o(i.MCP_ReceivedFrame)
    MCP_SentFrame                            0x08003d7d   Thumb Code     8  motor_control_protocol.o(i.MCP_SentFrame)
    MCP_WaitNextFrame                        0x08003d85   Thumb Code    26  motor_control_protocol.o(i.MCP_WaitNextFrame)
    MC_GetSTMStateMotor1                     0x08003da1   Thumb Code     8  mc_api.o(i.MC_GetSTMStateMotor1)
    MC_RunMotorControlTasks                  0x08003dad   Thumb Code    28  mc_tasks.o(i.MC_RunMotorControlTasks)
    MC_Scheduler                             0x08003dcd   Thumb Code    58  mc_tasks.o(i.MC_Scheduler)
    MC_StartMotor1                           0x08003e0d   Thumb Code     8  mc_api.o(i.MC_StartMotor1)
    MC_StopMotor1                            0x08003e19   Thumb Code     8  mc_api.o(i.MC_StopMotor1)
    MCboot                                   0x08003e25   Thumb Code   366  mc_tasks.o(i.MCboot)
    MPM_CalcElMotorPower                     0x08003fdd   Thumb Code    70  motor_power_measurement.o(i.MPM_CalcElMotorPower)
    MPM_Clear                                0x08004023   Thumb Code    26  motor_power_measurement.o(i.MPM_Clear)
    MPM_GetAvrgElMotorPowerW                 0x0800403d   Thumb Code     6  motor_power_measurement.o(i.MPM_GetAvrgElMotorPowerW)
    MX_MotorControl_Init                     0x08004045   Thumb Code    48  motorcontrol.o(i.MX_MotorControl_Init)
    NTC_CalcAvTemp                           0x0800407d   Thumb Code    58  ntc_temperature_sensor.o(i.NTC_CalcAvTemp)
    NTC_Clear                                0x080040b7   Thumb Code     6  ntc_temperature_sensor.o(i.NTC_Clear)
    NTC_GetAvTemp_C                          0x080040bd   Thumb Code    40  ntc_temperature_sensor.o(i.NTC_GetAvTemp_C)
    NTC_Init                                 0x080040e5   Thumb Code    36  ntc_temperature_sensor.o(i.NTC_Init)
    NTC_SetFaultState                        0x08004109   Thumb Code    24  ntc_temperature_sensor.o(i.NTC_SetFaultState)
    PID_GetKD                                0x08004121   Thumb Code     6  pid_regulator.o(i.PID_GetKD)
    PID_GetKI                                0x08004127   Thumb Code     6  pid_regulator.o(i.PID_GetKI)
    PID_GetKIDivisor                         0x0800412d   Thumb Code     4  pid_regulator.o(i.PID_GetKIDivisor)
    PID_GetKP                                0x08004131   Thumb Code     6  pid_regulator.o(i.PID_GetKP)
    PID_GetKPDivisor                         0x08004137   Thumb Code     4  pid_regulator.o(i.PID_GetKPDivisor)
    PID_HandleInit                           0x0800413b   Thumb Code    20  pid_regulator.o(i.PID_HandleInit)
    PID_SetIntegralTerm                      0x0800414f   Thumb Code     4  pid_regulator.o(i.PID_SetIntegralTerm)
    PID_SetKD                                0x08004153   Thumb Code     4  pid_regulator.o(i.PID_SetKD)
    PID_SetKI                                0x08004157   Thumb Code     4  pid_regulator.o(i.PID_SetKI)
    PID_SetKP                                0x0800415b   Thumb Code     4  pid_regulator.o(i.PID_SetKP)
    PI_Controller                            0x08004161   Thumb Code   122  pid_regulator.o(i.PI_Controller)
    PQD_CalcElMotorPower                     0x080041e1   Thumb Code    90  pqd_motor_power_measurement.o(i.PQD_CalcElMotorPower)
    PWMC_CheckOverCurrent                    0x08004241   Thumb Code     4  pwm_curr_fdbk.o(i.PWMC_CheckOverCurrent)
    PWMC_CurrentReadingCalibr                0x08004245   Thumb Code    66  pwm_curr_fdbk.o(i.PWMC_CurrentReadingCalibr)
    PWMC_GetPhaseCurrents                    0x08004287   Thumb Code     4  pwm_curr_fdbk.o(i.PWMC_GetPhaseCurrents)
    PWMC_SetPhaseVoltage                     0x0800428b   Thumb Code   474  pwm_curr_fdbk.o(i.PWMC_SetPhaseVoltage)
    PWMC_SwitchOffPWM                        0x08004465   Thumb Code     4  pwm_curr_fdbk.o(i.PWMC_SwitchOffPWM)
    R3_2_BRK2_IRQHandler                     0x0800454d   Thumb Code    54  r3_2_g4xx_pwm_curr_fdbk.o(i.R3_2_BRK2_IRQHandler)
    R3_2_BRK_IRQHandler                      0x08004583   Thumb Code    26  r3_2_g4xx_pwm_curr_fdbk.o(i.R3_2_BRK_IRQHandler)
    R3_2_CurrentReadingPolarization          0x0800459d   Thumb Code   366  r3_2_g4xx_pwm_curr_fdbk.o(i.R3_2_CurrentReadingPolarization)
    R3_2_GetPhaseCurrents                    0x08004729   Thumb Code   282  r3_2_g4xx_pwm_curr_fdbk.o(i.R3_2_GetPhaseCurrents)
    R3_2_Init                                0x080048e9   Thumb Code   616  r3_2_g4xx_pwm_curr_fdbk.o(i.R3_2_Init)
    R3_2_IsOverCurrentOccurred               0x08004b55   Thumb Code    38  r3_2_g4xx_pwm_curr_fdbk.o(i.R3_2_IsOverCurrentOccurred)
    R3_2_RLDetectionModeDisable              0x08004b7d   Thumb Code   218  r3_2_g4xx_pwm_curr_fdbk.o(i.R3_2_RLDetectionModeDisable)
    R3_2_RLDetectionModeEnable               0x08004c69   Thumb Code   170  r3_2_g4xx_pwm_curr_fdbk.o(i.R3_2_RLDetectionModeEnable)
    R3_2_RLDetectionModeSetDuty              0x08004d25   Thumb Code   100  r3_2_g4xx_pwm_curr_fdbk.o(i.R3_2_RLDetectionModeSetDuty)
    R3_2_SetADCSampPointPolarization         0x08004ed9   Thumb Code    46  r3_2_g4xx_pwm_curr_fdbk.o(i.R3_2_SetADCSampPointPolarization)
    R3_2_SetADCSampPointSectX                0x08004f0d   Thumb Code   114  r3_2_g4xx_pwm_curr_fdbk.o(i.R3_2_SetADCSampPointSectX)
    R3_2_SwitchOffPWM                        0x08005005   Thumb Code    90  r3_2_g4xx_pwm_curr_fdbk.o(i.R3_2_SwitchOffPWM)
    R3_2_SwitchOnPWM                         0x0800505f   Thumb Code   184  r3_2_g4xx_pwm_curr_fdbk.o(i.R3_2_SwitchOnPWM)
    R3_2_TIMx_UP_IRQHandler                  0x08005117   Thumb Code   142  r3_2_g4xx_pwm_curr_fdbk.o(i.R3_2_TIMx_UP_IRQHandler)
    R3_2_TurnOnLowSides                      0x080051a5   Thumb Code    86  r3_2_g4xx_pwm_curr_fdbk.o(i.R3_2_TurnOnLowSides)
    RCM_ExecRegularConv                      0x080051fd   Thumb Code   116  regular_conversion_manager.o(i.RCM_ExecRegularConv)
    RCM_ExecUserConv                         0x08005279   Thumb Code    60  regular_conversion_manager.o(i.RCM_ExecUserConv)
    RCM_RegisterRegConv                      0x080052bd   Thumb Code   290  regular_conversion_manager.o(i.RCM_RegisterRegConv)
    REMNG_Calc                               0x080053ed   Thumb Code    44  ramp_ext_mngr.o(i.REMNG_Calc)
    REMNG_ExecRamp                           0x08005419   Thumb Code   130  ramp_ext_mngr.o(i.REMNG_ExecRamp)
    REMNG_Init                               0x0800549b   Thumb Code    16  ramp_ext_mngr.o(i.REMNG_Init)
    REMNG_RampCompleted                      0x080054ab   Thumb Code    14  ramp_ext_mngr.o(i.REMNG_RampCompleted)
    RUC_Clear                                0x080054b9   Thumb Code   136  revup_ctrl.o(i.RUC_Clear)
    RUC_Exec                                 0x08005541   Thumb Code   106  revup_ctrl.o(i.RUC_Exec)
    RUC_FirstAccelerationStageReached        0x080055ab   Thumb Code    20  revup_ctrl.o(i.RUC_FirstAccelerationStageReached)
    RUC_GetNumberOfPhases                    0x080055bf   Thumb Code     6  revup_ctrl.o(i.RUC_GetNumberOfPhases)
    RUC_GetPhaseDurationms                   0x080055c5   Thumb Code    12  revup_ctrl.o(i.RUC_GetPhaseDurationms)
    RUC_GetPhaseFinalMecSpeedUnit            0x080055d1   Thumb Code    14  revup_ctrl.o(i.RUC_GetPhaseFinalMecSpeedUnit)
    RUC_GetPhaseFinalTorque                  0x080055df   Thumb Code    14  revup_ctrl.o(i.RUC_GetPhaseFinalTorque)
    RUC_Init                                 0x080055ed   Thumb Code    86  revup_ctrl.o(i.RUC_Init)
    RUC_SetPhaseDurationms                   0x08005643   Thumb Code    12  revup_ctrl.o(i.RUC_SetPhaseDurationms)
    RUC_SetPhaseFinalMecSpeedUnit            0x0800564f   Thumb Code    12  revup_ctrl.o(i.RUC_SetPhaseFinalMecSpeedUnit)
    RUC_SetPhaseFinalTorque                  0x0800565b   Thumb Code    12  revup_ctrl.o(i.RUC_SetPhaseFinalTorque)
    RVBS_CalcAvVbus                          0x08005669   Thumb Code   100  r_divider_bus_voltage_sensor.o(i.RVBS_CalcAvVbus)
    RVBS_CheckFaultState                     0x080056cd   Thumb Code    24  r_divider_bus_voltage_sensor.o(i.RVBS_CheckFaultState)
    RVBS_Clear                               0x080056e5   Thumb Code    44  r_divider_bus_voltage_sensor.o(i.RVBS_Clear)
    RVBS_Init                                0x08005711   Thumb Code    22  r_divider_bus_voltage_sensor.o(i.RVBS_Init)
    SPD_GetAvrgMecSpeedUnit                  0x08005727   Thumb Code     6  speed_pos_fdbk.o(i.SPD_GetAvrgMecSpeedUnit)
    SPD_GetElAngle                           0x0800572d   Thumb Code     6  speed_pos_fdbk.o(i.SPD_GetElAngle)
    SPD_GetInstElSpeedDpp                    0x08005733   Thumb Code     6  speed_pos_fdbk.o(i.SPD_GetInstElSpeedDpp)
    SPD_GetS16Speed                          0x08005739   Thumb Code    20  speed_pos_fdbk.o(i.SPD_GetS16Speed)
    SPD_IsMecSpeedReliable                   0x0800574d   Thumb Code    96  speed_pos_fdbk.o(i.SPD_IsMecSpeedReliable)
    STC_CalcTorqueReference                  0x080057ad   Thumb Code    92  speed_torq_ctrl.o(i.STC_CalcTorqueReference)
    STC_Clear                                0x08005809   Thumb Code    16  speed_torq_ctrl.o(i.STC_Clear)
    STC_ExecRamp                             0x08005819   Thumb Code   146  speed_torq_ctrl.o(i.STC_ExecRamp)
    STC_ForceSpeedReferenceToCurrentSpeed    0x080058ab   Thumb Code    16  speed_torq_ctrl.o(i.STC_ForceSpeedReferenceToCurrentSpeed)
    STC_GetDefaultIqdref                     0x080058bb   Thumb Code    16  speed_torq_ctrl.o(i.STC_GetDefaultIqdref)
    STC_GetMaxAppPositiveMecSpeedUnit        0x080058cb   Thumb Code     4  speed_torq_ctrl.o(i.STC_GetMaxAppPositiveMecSpeedUnit)
    STC_GetMecSpeedRefUnit                   0x080058cf   Thumb Code    12  speed_torq_ctrl.o(i.STC_GetMecSpeedRefUnit)
    STC_GetMecSpeedRefUnitDefault            0x080058db   Thumb Code     6  speed_torq_ctrl.o(i.STC_GetMecSpeedRefUnitDefault)
    STC_GetMinAppNegativeMecSpeedUnit        0x080058e1   Thumb Code     6  speed_torq_ctrl.o(i.STC_GetMinAppNegativeMecSpeedUnit)
    STC_GetSpeedSensor                       0x080058e7   Thumb Code     4  speed_torq_ctrl.o(i.STC_GetSpeedSensor)
    STC_GetTorqueRef                         0x080058eb   Thumb Code    12  speed_torq_ctrl.o(i.STC_GetTorqueRef)
    STC_Init                                 0x080058f7   Thumb Code    32  speed_torq_ctrl.o(i.STC_Init)
    STC_SetControlMode                       0x08005917   Thumb Code     8  speed_torq_ctrl.o(i.STC_SetControlMode)
    STC_SetSpeedSensor                       0x0800591f   Thumb Code     4  speed_torq_ctrl.o(i.STC_SetSpeedSensor)
    STC_StopRamp                             0x08005923   Thumb Code     8  speed_torq_ctrl.o(i.STC_StopRamp)
    STM_FaultAcknowledged                    0x0800592b   Thumb Code    22  state_machine.o(i.STM_FaultAcknowledged)
    STM_FaultProcessing                      0x08005941   Thumb Code    54  state_machine.o(i.STM_FaultProcessing)
    STM_GetFaultState                        0x08005977   Thumb Code    10  state_machine.o(i.STM_GetFaultState)
    STM_GetState                             0x08005981   Thumb Code     4  state_machine.o(i.STM_GetState)
    STM_Init                                 0x08005985   Thumb Code    10  state_machine.o(i.STM_Init)
    STM_NextState                            0x0800598f   Thumb Code   254  state_machine.o(i.STM_NextState)
    STO_GetPLLGains                          0x08005a8d   Thumb Code    28  sto_pll_speed_pos_fdbk.o(i.STO_GetPLLGains)
    STO_OTF_ResetPLL                         0x08005aa9   Thumb Code    10  sto_pll_speed_pos_fdbk.o(i.STO_OTF_ResetPLL)
    STO_PLL_CalcAvrgElSpeedDpp               0x08005ab3   Thumb Code    78  sto_pll_speed_pos_fdbk.o(i.STO_PLL_CalcAvrgElSpeedDpp)
    STO_PLL_CalcAvrgMecSpeedUnit             0x08005b01   Thumb Code   318  sto_pll_speed_pos_fdbk.o(i.STO_PLL_CalcAvrgMecSpeedUnit)
    STO_PLL_CalcElAngle                      0x08005c3f   Thumb Code   466  sto_pll_speed_pos_fdbk.o(i.STO_PLL_CalcElAngle)
    STO_PLL_Clear                            0x08005e11   Thumb Code   124  sto_pll_speed_pos_fdbk.o(i.STO_PLL_Clear)
    STO_PLL_ForceConvergency1                0x08005e8d   Thumb Code    10  sto_pll_speed_pos_fdbk.o(i.STO_PLL_ForceConvergency1)
    STO_PLL_ForceConvergency2                0x08005e97   Thumb Code    10  sto_pll_speed_pos_fdbk.o(i.STO_PLL_ForceConvergency2)
    STO_PLL_GetEstimatedBemf                 0x08005ea1   Thumb Code    20  sto_pll_speed_pos_fdbk.o(i.STO_PLL_GetEstimatedBemf)
    STO_PLL_GetEstimatedBemfLevel            0x08005eb5   Thumb Code     6  sto_pll_speed_pos_fdbk.o(i.STO_PLL_GetEstimatedBemfLevel)
    STO_PLL_GetEstimatedCurrent              0x08005ebb   Thumb Code    24  sto_pll_speed_pos_fdbk.o(i.STO_PLL_GetEstimatedCurrent)
    STO_PLL_GetObservedBemfLevel             0x08005ed3   Thumb Code     6  sto_pll_speed_pos_fdbk.o(i.STO_PLL_GetObservedBemfLevel)
    STO_PLL_GetObserverGains                 0x08005ed9   Thumb Code    10  sto_pll_speed_pos_fdbk.o(i.STO_PLL_GetObserverGains)
    STO_PLL_Init                             0x08005ee5   Thumb Code    90  sto_pll_speed_pos_fdbk.o(i.STO_PLL_Init)
    STO_PLL_IsObserverConverged              0x08005f45   Thumb Code   166  sto_pll_speed_pos_fdbk.o(i.STO_PLL_IsObserverConverged)
    STO_PLL_IsVarianceTight                  0x08005feb   Thumb Code     8  sto_pll_speed_pos_fdbk.o(i.STO_PLL_IsVarianceTight)
    STO_PLL_SetObserverGains                 0x08005ff3   Thumb Code     6  sto_pll_speed_pos_fdbk.o(i.STO_PLL_SetObserverGains)
    STO_ResetPLL                             0x08005ff9   Thumb Code     8  sto_pll_speed_pos_fdbk.o(i.STO_ResetPLL)
    STO_SetPLLGains                          0x08006001   Thumb Code    26  sto_pll_speed_pos_fdbk.o(i.STO_SetPLLGains)
    SysTick_Handler                          0x0800601d   Thumb Code    36  stm32g4xx_mc_it.o(i.SysTick_Handler)
    SystemClock_Config                       0x08006045   Thumb Code   156  main.o(i.SystemClock_Config)
    SystemInit                               0x080060e1   Thumb Code    20  system_stm32g4xx.o(i.SystemInit)
    TIM1_BRK_TIM15_IRQHandler                0x080060fd   Thumb Code    54  stm32g4xx_mc_it.o(i.TIM1_BRK_TIM15_IRQHandler)
    TIM1_UP_TIM16_IRQHandler                 0x08006141   Thumb Code    14  stm32g4xx_mc_it.o(i.TIM1_UP_TIM16_IRQHandler)
    TIM_Base_SetConfig                       0x08006159   Thumb Code   152  stm32g4xx_hal_tim.o(i.TIM_Base_SetConfig)
    TIM_OC2_SetConfig                        0x0800620d   Thumb Code   136  stm32g4xx_hal_tim.o(i.TIM_OC2_SetConfig)
    TSK_ChargeBootCapDelayHasElapsedM1       0x08006395   Thumb Code    14  mc_tasks.o(i.TSK_ChargeBootCapDelayHasElapsedM1)
    TSK_HardwareFaultTask                    0x080063a9   Thumb Code    24  mc_tasks.o(i.TSK_HardwareFaultTask)
    TSK_HighFrequencyTask                    0x080063c9   Thumb Code   312  mc_tasks.o(i.TSK_HighFrequencyTask)
    TSK_MediumFrequencyTaskM1                0x08006521   Thumb Code   630  mc_tasks.o(i.TSK_MediumFrequencyTaskM1)
    TSK_SafetyTask                           0x080067c5   Thumb Code    26  mc_tasks.o(i.TSK_SafetyTask)
    TSK_SafetyTask_PWMOFF                    0x080067e5   Thumb Code   132  mc_tasks.o(i.TSK_SafetyTask_PWMOFF)
    TSK_SetChargeBootCapDelayM1              0x0800687d   Thumb Code     6  mc_tasks.o(i.TSK_SetChargeBootCapDelayM1)
    TSK_SetStopPermanencyTimeM1              0x08006889   Thumb Code     6  mc_tasks.o(i.TSK_SetStopPermanencyTimeM1)
    TSK_StopPermanencyTimeHasElapsedM1       0x08006895   Thumb Code    14  mc_tasks.o(i.TSK_StopPermanencyTimeHasElapsedM1)
    UART_AdvFeatureConfig                    0x080068a9   Thumb Code   218  stm32g4xx_hal_uart.o(i.UART_AdvFeatureConfig)
    UART_CheckIdleState                      0x08006983   Thumb Code    98  stm32g4xx_hal_uart.o(i.UART_CheckIdleState)
    UART_SetConfig                           0x080069e5   Thumb Code  2226  stm32g4xx_hal_uart.o(i.UART_SetConfig)
    UART_WaitOnFlagUntilTimeout              0x08007297   Thumb Code   118  stm32g4xx_hal_uart.o(i.UART_WaitOnFlagUntilTimeout)
    UFCP_AbortReceive                        0x0800730d   Thumb Code     8  usart_frame_communication_protocol.o(i.UFCP_AbortReceive)
    UFCP_Init                                0x08007315   Thumb Code     4  usart_frame_communication_protocol.o(i.UFCP_Init)
    UFCP_OVR_IRQ_Handler                     0x08007319   Thumb Code    20  usart_frame_communication_protocol.o(i.UFCP_OVR_IRQ_Handler)
    UFCP_RX_IRQ_Handler                      0x0800732d   Thumb Code   178  usart_frame_communication_protocol.o(i.UFCP_RX_IRQ_Handler)
    UFCP_Receive                             0x080073ed   Thumb Code    40  usart_frame_communication_protocol.o(i.UFCP_Receive)
    UFCP_Send                                0x08007415   Thumb Code    86  usart_frame_communication_protocol.o(i.UFCP_Send)
    UFCP_TX_IRQ_Handler                      0x0800746b   Thumb Code   100  usart_frame_communication_protocol.o(i.UFCP_TX_IRQ_Handler)
    UI_DACExec                               0x080074cf   Thumb Code    10  user_interface.o(i.UI_DACExec)
    UI_DACInit                               0x080074d9   Thumb Code    10  user_interface.o(i.UI_DACInit)
    UI_DACUpdate                             0x080074e5   Thumb Code    28  ui_task.o(i.UI_DACUpdate)
    UI_ExecCmd                               0x08007505   Thumb Code   110  user_interface.o(i.UI_ExecCmd)
    UI_ExecSpeedRamp                         0x08007575   Thumb Code    44  user_interface.o(i.UI_ExecSpeedRamp)
    UI_ExecTorqueRamp                        0x080075a5   Thumb Code    20  user_interface.o(i.UI_ExecTorqueRamp)
    UI_GetDAC                                0x080075b9   Thumb Code    16  user_interface.o(i.UI_GetDAC)
    UI_GetMPInfo                             0x080075c9   Thumb Code     4  user_interface.o(i.UI_GetMPInfo)
    UI_GetReg                                0x080075cd   Thumb Code  1432  user_interface.o(i.UI_GetReg)
    UI_GetRevupData                          0x08007b69   Thumb Code    74  user_interface.o(i.UI_GetRevupData)
    UI_GetSelectedMC                         0x08007bb3   Thumb Code     6  user_interface.o(i.UI_GetSelectedMC)
    UI_HandleStartStopButton_cb              0x08007bb9   Thumb Code    24  ui_task.o(i.UI_HandleStartStopButton_cb)
    UI_Init                                  0x08007bd1   Thumb Code    22  user_interface.o(i.UI_Init)
    UI_Scheduler                             0x08007be9   Thumb Code    40  ui_task.o(i.UI_Scheduler)
    UI_SelectMC                              0x08007c15   Thumb Code    18  user_interface.o(i.UI_SelectMC)
    UI_SerialCommunicationTimeOutStart       0x08007c29   Thumb Code     8  ui_task.o(i.UI_SerialCommunicationTimeOutStart)
    UI_SerialCommunicationTimeOutStop        0x08007c35   Thumb Code     8  ui_task.o(i.UI_SerialCommunicationTimeOutStop)
    UI_SetCurrentReferences                  0x08007c41   Thumb Code    26  user_interface.o(i.UI_SetCurrentReferences)
    UI_SetDAC                                0x08007c5b   Thumb Code    10  user_interface.o(i.UI_SetDAC)
    UI_SetReg                                0x08007c65   Thumb Code   578  user_interface.o(i.UI_SetReg)
    UI_SetRevupData                          0x08007ead   Thumb Code    56  user_interface.o(i.UI_SetRevupData)
    UI_TaskInit                              0x08007ee5   Thumb Code   144  ui_task.o(i.UI_TaskInit)
    USART2_IRQHandler                        0x08007f95   Thumb Code   100  stm32g4xx_mc_it.o(i.USART2_IRQHandler)
    VBS_GetAvBusVoltage_V                    0x08007ffd   Thumb Code    10  bus_voltage_sensor.o(i.VBS_GetAvBusVoltage_V)
    VBS_GetAvBusVoltage_d                    0x08008007   Thumb Code     4  bus_voltage_sensor.o(i.VBS_GetAvBusVoltage_d)
    VSS_CalcAvrgMecSpeedUnit                 0x0800800b   Thumb Code   156  virtual_speed_sensor.o(i.VSS_CalcAvrgMecSpeedUnit)
    VSS_CalcElAngle                          0x080080a7   Thumb Code   158  virtual_speed_sensor.o(i.VSS_CalcElAngle)
    VSS_Clear                                0x08008145   Thumb Code    44  virtual_speed_sensor.o(i.VSS_Clear)
    VSS_Init                                 0x08008171   Thumb Code     8  virtual_speed_sensor.o(i.VSS_Init)
    VSS_SetMecAcceleration                   0x08008179   Thumb Code   124  virtual_speed_sensor.o(i.VSS_SetMecAcceleration)
    VSS_SetMecAngle                          0x080081f5   Thumb Code    14  virtual_speed_sensor.o(i.VSS_SetMecAngle)
    VSS_SetStartTransition                   0x08008203   Thumb Code    28  virtual_speed_sensor.o(i.VSS_SetStartTransition)
    VSS_TransitionEnded                      0x0800821f   Thumb Code     6  virtual_speed_sensor.o(i.VSS_TransitionEnded)
    __scatterload_copy                       0x08008225   Thumb Code    14  handlers.o(i.__scatterload_copy)
    __scatterload_null                       0x08008233   Thumb Code     2  handlers.o(i.__scatterload_null)
    __scatterload_zeroinit                   0x08008235   Thumb Code    14  handlers.o(i.__scatterload_zeroinit)
    getScalingFactor                         0x08008245   Thumb Code    40  ramp_ext_mngr.o(i.getScalingFactor)
    main                                     0x0800826d   Thumb Code  1400  main.o(i.main)
    mc_lock_pins                             0x080087f1   Thumb Code   180  mc_tasks.o(i.mc_lock_pins)
    startTimers                              0x080088b9   Thumb Code   100  pwm_common.o(i.startTimers)
    waitForPolarizationEnd                   0x08008925   Thumb Code   102  pwm_common.o(i.waitForPolarizationEnd)
    s_fwVer                                  0x0800898a   Data          32  motorcontrol.o(.constdata)
    R3_3_OPAMPParamsM1                       0x080089b0   Data         108  mc_parameters.o(.constdata)
    R3_2_ParamsM1                            0x08008a1c   Data         196  mc_parameters.o(.constdata)
    AHBPrescTable                            0x08008ae0   Data          16  system_stm32g4xx.o(.constdata)
    APBPrescTable                            0x08008af0   Data           8  system_stm32g4xx.o(.constdata)
    Region$$Table$$Base                      0x08008b14   Number         0  anon$$obj.o(Region$$Table)
    Region$$Table$$Limit                     0x08008b34   Number         0  anon$$obj.o(Region$$Table)
    wConfig                                  0x20000000   Data           4  motorcontrol.o(.data)
    pMCI                                     0x20000004   Data           4  motorcontrol.o(.data)
    pMCT                                     0x20000008   Data           4  motorcontrol.o(.data)
    MPInfo                                   0x2000000c   Data           8  motor_control_protocol.o(.data)
    PQD_MotorPowMeasM1                       0x20000014   Data         276  mc_config.o(.data)
    PIDSpeedHandle_M1                        0x20000128   Data          44  mc_config.o(.data)
    PIDIqHandle_M1                           0x20000154   Data          44  mc_config.o(.data)
    PIDIdHandle_M1                           0x20000180   Data          44  mc_config.o(.data)
    SpeednTorqCtrlM1                         0x200001ac   Data          52  mc_config.o(.data)
    RevUpControlM1                           0x200001e0   Data         120  mc_config.o(.data)
    PWM_Handle_M1                            0x20000258   Data         120  mc_config.o(.data)
    VirtualSpeedSensorM1                     0x200002d0   Data          56  mc_config.o(.data)
    STO_PLL_M1                               0x20000308   Data         296  mc_config.o(.data)
    STO_M1                                   0x20000430   Data          20  mc_config.o(.data)
    TempSensorParamsM1                       0x20000444   Data          40  mc_config.o(.data)
    RealBusVoltageSensorParamsM1             0x2000046c   Data          40  mc_config.o(.data)
    UI_Params                                0x20000494   Data          48  mc_config.o(.data)
    DAC_UI_Params                            0x200004c4   Data          60  mc_config.o(.data)
    RampExtMngrHFParamsM1                    0x20000500   Data          24  mc_config.o(.data)
    CircleLimitationM1                       0x20000518   Data         180  mc_config.o(.data)
    pUSART                                   0x200005cc   Data         316  mc_config.o(.data)
    bMCBootCompleted                         0x20000708   Data           1  mc_tasks.o(.data)
    oMCInterface                             0x20000710   Data           4  mc_tasks.o(.data)
    pSTC                                     0x20000714   Data           4  mc_tasks.o(.data)
    pPIDSpeed                                0x20000718   Data           4  mc_tasks.o(.data)
    pPIDIq                                   0x2000071c   Data           4  mc_tasks.o(.data)
    pPIDId                                   0x20000720   Data           4  mc_tasks.o(.data)
    pBusSensorM1                             0x20000724   Data           4  mc_tasks.o(.data)
    pTemperatureSensor                       0x20000728   Data           4  mc_tasks.o(.data)
    pwmcHandle                               0x2000072c   Data           4  mc_tasks.o(.data)
    pMPM                                     0x20000730   Data           4  mc_tasks.o(.data)
    pCLM                                     0x20000734   Data           4  mc_tasks.o(.data)
    pREMNG                                   0x20000738   Data           4  mc_tasks.o(.data)
    STM                                      0x2000073c   Data           6  mc_tasks.o(.data)
    RCM_UserConvHandle                       0x20000742   Data           1  regular_conversion_manager.o(.data)
    RCM_UserConvState                        0x20000743   Data           1  regular_conversion_manager.o(.data)
    RCM_UserConvValue                        0x20000744   Data           2  regular_conversion_manager.o(.data)
    pDAC                                     0x20000750   Data           4  ui_task.o(.data)
    pMCP                                     0x20000754   Data           4  ui_task.o(.data)
    uwTickPrio                               0x2000075c   Data           4  stm32g4xx_hal.o(.data)
    uwTickFreq                               0x20000760   Data           4  stm32g4xx_hal.o(.data)
    uwTick                                   0x20000764   Data           4  stm32g4xx_hal.o(.data)
    SystemCoreClock                          0x20000768   Data           4  system_stm32g4xx.o(.data)
    hadc1                                    0x2000076c   Data         108  main.o(.bss)
    hadc2                                    0x200007d8   Data         108  main.o(.bss)
    hcomp1                                   0x20000844   Data          36  main.o(.bss)
    hcomp2                                   0x20000868   Data          36  main.o(.bss)
    hcomp4                                   0x2000088c   Data          36  main.o(.bss)
    hcordic                                  0x200008b0   Data          40  main.o(.bss)
    hdac1                                    0x200008d8   Data          20  main.o(.bss)
    htim1                                    0x200008ec   Data          64  main.o(.bss)
    huart2                                   0x2000092c   Data         140  main.o(.bss)
    RealBusVoltageSensorFilterBufferM1       0x200009b8   Data          12  mc_config.o(.bss)
    FOCVars                                  0x200009c4   Data          38  mc_tasks.o(.bss)
    Mci                                      0x200009ec   Data          28  mc_tasks.o(.bss)
    MCT                                      0x20000a08   Data          84  mc_tasks.o(.bss)
    RCM_handle_array                         0x20000a5c   Data          16  regular_conversion_manager.o(.bss)
    RCM_CB_array                             0x20000a6c   Data          32  regular_conversion_manager.o(.bss)
    MCP_UI_Params                            0x20000a8c   Data         204  ui_task.o(.bss)
    __initial_sp                             0x20000f58   Data           0  startup_stm32g431xx.o(STACK)



==============================================================================

Memory Map of the image

  Image Entry point : 0x080001d9

  Load Region LR_IROM1 (Base: 0x08000000, Size: 0x000092a0, Max: 0x00020000, ABSOLUTE, COMPRESSED[0x00008d34])

    Execution Region ER_IROM1 (Exec base: 0x08000000, Load base: 0x08000000, Size: 0x00008b34, Max: 0x00020000, ABSOLUTE)

    Exec Addr    Load Addr    Size         Type   Attr      Idx    E Section Name        Object

    0x08000000   0x08000000   0x000001d8   Data   RO            3    RESET               startup_stm32g431xx.o
    0x080001d8   0x080001d8   0x00000000   Code   RO         7328  * .ARM.Collect$$$$00000000  mc_w.l(entry.o)
    0x080001d8   0x080001d8   0x00000004   Code   RO         7335    .ARM.Collect$$$$00000001  mc_w.l(entry2.o)
    0x080001dc   0x080001dc   0x00000004   Code   RO         7338    .ARM.Collect$$$$00000004  mc_w.l(entry5.o)
    0x080001e0   0x080001e0   0x00000000   Code   RO         7340    .ARM.Collect$$$$00000008  mc_w.l(entry7b.o)
    0x080001e0   0x080001e0   0x00000000   Code   RO         7342    .ARM.Collect$$$$0000000A  mc_w.l(entry8b.o)
    0x080001e0   0x080001e0   0x00000008   Code   RO         7343    .ARM.Collect$$$$0000000B  mc_w.l(entry9a.o)
    0x080001e8   0x080001e8   0x00000000   Code   RO         7345    .ARM.Collect$$$$0000000D  mc_w.l(entry10a.o)
    0x080001e8   0x080001e8   0x00000000   Code   RO         7347    .ARM.Collect$$$$0000000F  mc_w.l(entry11a.o)
    0x080001e8   0x080001e8   0x00000004   Code   RO         7336    .ARM.Collect$$$$00002712  mc_w.l(entry2.o)
    0x080001ec   0x080001ec   0x00000024   Code   RO            4    .text               startup_stm32g431xx.o
    0x08000210   0x08000210   0x00000062   Code   RO         7331    .text               mc_w.l(uldiv.o)
    0x08000272   0x08000272   0x00000024   Code   RO         7333    .text               mc_w.l(memseta.o)
    0x08000296   0x08000296   0x0000001e   Code   RO         7349    .text               mc_w.l(llshl.o)
    0x080002b4   0x080002b4   0x00000020   Code   RO         7351    .text               mc_w.l(llushr.o)
    0x080002d4   0x080002d4   0x00000024   Code   RO         7353    .text               mc_w.l(init.o)
    0x080002f8   0x080002f8   0x00000056   Code   RO         7363    .text               mc_w.l(__dczerorl2.o)
    0x0800034e   0x0800034e   0x00000016   Code   RO         1229    i.ADC1_2_IRQHandler  stm32g4xx_mc_it.o
    0x08000364   0x08000364   0x00000056   Code   RO         5624    i.Circle_Limitation  circle_limitation.o
    0x080003ba   0x080003ba   0x00000002   PAD
    0x080003bc   0x080003bc   0x00000034   Code   RO         1553    i.DAC_Exec          dac_ui.o
    0x080003f0   0x080003f0   0x00000008   Code   RO         7132    i.DAC_GetChannelConfig  dac_common_ui.o
    0x080003f8   0x080003f8   0x0000000a   Code   RO         7133    i.DAC_GetUserChannelValue  dac_common_ui.o
    0x08000402   0x08000402   0x00000002   PAD
    0x08000404   0x08000404   0x00000010   Code   RO         1554    i.DAC_Init          dac_ui.o
    0x08000414   0x08000414   0x00000008   Code   RO         7134    i.DAC_SetChannelConfig  dac_common_ui.o
    0x0800041c   0x0800041c   0x00000008   Code   RO         7135    i.DAC_SetUserChannelValue  dac_common_ui.o
    0x08000424   0x08000424   0x0000001c   Code   RO         1230    i.EXTI15_10_IRQHandler  stm32g4xx_mc_it.o
    0x08000440   0x08000440   0x0000002e   Code   RO         7174    i.FCP_CalcCRC       frame_communication_protocol.o
    0x0800046e   0x0800046e   0x0000002a   Code   RO         7175    i.FCP_Init          frame_communication_protocol.o
    0x08000498   0x08000498   0x0000000e   Code   RO         7177    i.FCP_SetClient     frame_communication_protocol.o
    0x080004a6   0x080004a6   0x00000002   PAD
    0x080004a8   0x080004a8   0x00000034   Code   RO          733    i.FOC_CalcCurrRef   mc_tasks.o
    0x080004dc   0x080004dc   0x0000006c   Code   RO          734    i.FOC_Clear         mc_tasks.o
    0x08000548   0x08000548   0x00000002   Code   RO          735    i.FOC_InitAdditionalMethods  mc_tasks.o
    0x0800054a   0x0800054a   0x00000002   PAD
    0x0800054c   0x0800054c   0x000005ec   Code   RO         1920    i.HAL_ADCEx_InjectedConfigChannel  stm32g4xx_hal_adc_ex.o
    0x08000b38   0x08000b38   0x000000e0   Code   RO         1931    i.HAL_ADCEx_MultiModeConfigChannel  stm32g4xx_hal_adc_ex.o
    0x08000c18   0x08000c18   0x000004d0   Code   RO         1718    i.HAL_ADC_ConfigChannel  stm32g4xx_hal_adc.o
    0x080010e8   0x080010e8   0x0000023c   Code   RO         1727    i.HAL_ADC_Init      stm32g4xx_hal_adc.o
    0x08001324   0x08001324   0x000000d0   Code   RO         1608    i.HAL_ADC_MspInit   stm32g4xx_hal_msp.o
    0x080013f4   0x080013f4   0x0000018c   Code   RO         3536    i.HAL_COMP_Init     stm32g4xx_hal_comp.o
    0x08001580   0x08001580   0x000000a4   Code   RO         1610    i.HAL_COMP_MspInit  stm32g4xx_hal_msp.o
    0x08001624   0x08001624   0x00000034   Code   RO         3638    i.HAL_CORDIC_Init   stm32g4xx_hal_cordic.o
    0x08001658   0x08001658   0x0000002c   Code   RO         1612    i.HAL_CORDIC_MspInit  stm32g4xx_hal_msp.o
    0x08001684   0x08001684   0x000001d8   Code   RO         3744    i.HAL_DAC_ConfigChannel  stm32g4xx_hal_dac.o
    0x0800185c   0x0800185c   0x00000028   Code   RO         3754    i.HAL_DAC_Init      stm32g4xx_hal_dac.o
    0x08001884   0x08001884   0x0000005c   Code   RO         1614    i.HAL_DAC_MspInit   stm32g4xx_hal_msp.o
    0x080018e0   0x080018e0   0x00000028   Code   RO         2105    i.HAL_Delay         stm32g4xx_hal.o
    0x08001908   0x08001908   0x00000224   Code   RO         2774    i.HAL_GPIO_Init     stm32g4xx_hal_gpio.o
    0x08001b2c   0x08001b2c   0x0000000c   Code   RO         2109    i.HAL_GetTick       stm32g4xx_hal.o
    0x08001b38   0x08001b38   0x00000010   Code   RO         2112    i.HAL_IncTick       stm32g4xx_hal.o
    0x08001b48   0x08001b48   0x0000001e   Code   RO         2113    i.HAL_Init          stm32g4xx_hal.o
    0x08001b66   0x08001b66   0x00000002   PAD
    0x08001b68   0x08001b68   0x00000044   Code   RO         2114    i.HAL_InitTick      stm32g4xx_hal.o
    0x08001bac   0x08001bac   0x00000030   Code   RO         1615    i.HAL_MspInit       stm32g4xx_hal_msp.o
    0x08001bdc   0x08001bdc   0x0000001e   Code   RO         3406    i.HAL_NVIC_EnableIRQ  stm32g4xx_hal_cortex.o
    0x08001bfa   0x08001bfa   0x00000002   PAD
    0x08001bfc   0x08001bfc   0x00000064   Code   RO         3412    i.HAL_NVIC_SetPriority  stm32g4xx_hal_cortex.o
    0x08001c60   0x08001c60   0x00000024   Code   RO         3413    i.HAL_NVIC_SetPriorityGrouping  stm32g4xx_hal_cortex.o
    0x08001c84   0x08001c84   0x000000c0   Code   RO         3162    i.HAL_PWREx_ControlVoltageScaling  stm32g4xx_hal_pwr_ex.o
    0x08001d44   0x08001d44   0x000002c4   Code   RO         2457    i.HAL_RCCEx_PeriphCLKConfig  stm32g4xx_hal_rcc_ex.o
    0x08002008   0x08002008   0x00000208   Code   RO         2333    i.HAL_RCC_ClockConfig  stm32g4xx_hal_rcc.o
    0x08002210   0x08002210   0x0000000c   Code   RO         2339    i.HAL_RCC_GetHCLKFreq  stm32g4xx_hal_rcc.o
    0x0800221c   0x0800221c   0x00000024   Code   RO         2341    i.HAL_RCC_GetPCLK1Freq  stm32g4xx_hal_rcc.o
    0x08002240   0x08002240   0x00000024   Code   RO         2342    i.HAL_RCC_GetPCLK2Freq  stm32g4xx_hal_rcc.o
    0x08002264   0x08002264   0x00000070   Code   RO         2343    i.HAL_RCC_GetSysClockFreq  stm32g4xx_hal_rcc.o
    0x080022d4   0x080022d4   0x000004ca   Code   RO         2346    i.HAL_RCC_OscConfig  stm32g4xx_hal_rcc.o
    0x0800279e   0x0800279e   0x00000002   Code   RO         3416    i.HAL_SYSTICK_Callback  stm32g4xx_hal_cortex.o
    0x080027a0   0x080027a0   0x0000002c   Code   RO         3417    i.HAL_SYSTICK_Config  stm32g4xx_hal_cortex.o
    0x080027cc   0x080027cc   0x00000008   Code   RO         3418    i.HAL_SYSTICK_IRQHandler  stm32g4xx_hal_cortex.o
    0x080027d4   0x080027d4   0x000000bc   Code   RO         4686    i.HAL_TIMEx_ConfigBreakDeadTime  stm32g4xx_hal_tim_ex.o
    0x08002890   0x08002890   0x000000dc   Code   RO         4687    i.HAL_TIMEx_ConfigBreakInput  stm32g4xx_hal_tim_ex.o
    0x0800296c   0x0800296c   0x00000068   Code   RO         4722    i.HAL_TIMEx_MasterConfigSynchronization  stm32g4xx_hal_tim_ex.o
    0x080029d4   0x080029d4   0x00000036   Code   RO         4031    i.HAL_TIM_Base_Init  stm32g4xx_hal_tim.o
    0x08002a0a   0x08002a0a   0x00000002   PAD
    0x08002a0c   0x08002a0c   0x0000002c   Code   RO         1617    i.HAL_TIM_Base_MspInit  stm32g4xx_hal_msp.o
    0x08002a38   0x08002a38   0x000000ac   Code   RO         1618    i.HAL_TIM_MspPostInit  stm32g4xx_hal_msp.o
    0x08002ae4   0x08002ae4   0x00000370   Code   RO         4100    i.HAL_TIM_PWM_ConfigChannel  stm32g4xx_hal_tim.o
    0x08002e54   0x08002e54   0x00000036   Code   RO         4103    i.HAL_TIM_PWM_Init  stm32g4xx_hal_tim.o
    0x08002e8a   0x08002e8a   0x00000002   Code   RO         4105    i.HAL_TIM_PWM_MspInit  stm32g4xx_hal_tim.o
    0x08002e8c   0x08002e8c   0x00000056   Code   RO         4117    i.HAL_TIM_SlaveConfigSynchro  stm32g4xx_hal_tim.o
    0x08002ee2   0x08002ee2   0x0000003e   Code   RO         5456    i.HAL_UARTEx_DisableFifoMode  stm32g4xx_hal_uart_ex.o
    0x08002f20   0x08002f20   0x000000b8   Code   RO         5458    i.HAL_UARTEx_EnableFifoMode  stm32g4xx_hal_uart_ex.o
    0x08002fd8   0x08002fd8   0x000000ac   Code   RO         5461    i.HAL_UARTEx_SetRxFifoThreshold  stm32g4xx_hal_uart_ex.o
    0x08003084   0x08003084   0x000000ac   Code   RO         5462    i.HAL_UARTEx_SetTxFifoThreshold  stm32g4xx_hal_uart_ex.o
    0x08003130   0x08003130   0x0000006e   Code   RO         5115    i.HAL_UART_Init     stm32g4xx_hal_uart.o
    0x0800319e   0x0800319e   0x00000002   PAD
    0x080031a0   0x080031a0   0x00000064   Code   RO         1620    i.HAL_UART_MspInit  stm32g4xx_hal_msp.o
    0x08003204   0x08003204   0x00000068   Code   RO         1231    i.HardFault_Handler  stm32g4xx_mc_it.o
    0x0800326c   0x0800326c   0x00000074   Code   RO         6953    i.LL_TIM_OC_EnablePreload  r3_2_g4xx_pwm_curr_fdbk.o
    0x080032e0   0x080032e0   0x00000080   Code   RO         6954    i.LL_TIM_OC_SetMode  r3_2_g4xx_pwm_curr_fdbk.o
    0x08003360   0x08003360   0x00000010   Code   RO         1001    i.MCI_Clear_Iqdref  mc_interface.o
    0x08003370   0x08003370   0x00000008   Code   RO         1002    i.MCI_EncoderAlign  mc_interface.o
    0x08003378   0x08003378   0x00000078   Code   RO         1003    i.MCI_ExecBufferedCommands  mc_interface.o
    0x080033f0   0x080033f0   0x0000000e   Code   RO         1004    i.MCI_ExecSpeedRamp  mc_interface.o
    0x080033fe   0x080033fe   0x00000012   Code   RO         1005    i.MCI_ExecTorqueRamp  mc_interface.o
    0x08003410   0x08003410   0x00000006   Code   RO         1006    i.MCI_FaultAcknowledged  mc_interface.o
    0x08003416   0x08003416   0x00000010   Code   RO         1007    i.MCI_GetAvrgMecSpeedUnit  mc_interface.o
    0x08003426   0x08003426   0x00000004   Code   RO         1008    i.MCI_GetControlMode  mc_interface.o
    0x0800342a   0x0800342a   0x00000006   Code   RO         1011    i.MCI_GetIab        mc_interface.o
    0x08003430   0x08003430   0x00000006   Code   RO         1012    i.MCI_GetIalphabeta  mc_interface.o
    0x08003436   0x08003436   0x00000036   Code   RO         1013    i.MCI_GetImposedMotorDirection  mc_interface.o
    0x0800346c   0x0800346c   0x00000006   Code   RO         1014    i.MCI_GetIqd        mc_interface.o
    0x08003472   0x08003472   0x00000006   Code   RO         1016    i.MCI_GetIqdref     mc_interface.o
    0x08003478   0x08003478   0x00000010   Code   RO         1017    i.MCI_GetLastRampFinalSpeed  mc_interface.o
    0x08003488   0x08003488   0x00000006   Code   RO         1018    i.MCI_GetMecSpeedRefUnit  mc_interface.o
    0x0800348e   0x0800348e   0x00000006   Code   RO         1022    i.MCI_GetSTMState   mc_interface.o
    0x08003494   0x08003494   0x00000008   Code   RO         1024    i.MCI_GetTeref      mc_interface.o
    0x0800349c   0x0800349c   0x00000008   Code   RO         1025    i.MCI_GetValphabeta  mc_interface.o
    0x080034a4   0x080034a4   0x00000008   Code   RO         1026    i.MCI_GetVqd        mc_interface.o
    0x080034ac   0x080034ac   0x00000014   Code   RO         1027    i.MCI_Init          mc_interface.o
    0x080034c0   0x080034c0   0x00000014   Code   RO         1030    i.MCI_SetCurrentReferences  mc_interface.o
    0x080034d4   0x080034d4   0x0000000a   Code   RO         1031    i.MCI_SetIdref      mc_interface.o
    0x080034de   0x080034de   0x00000016   Code   RO         1032    i.MCI_StartMotor    mc_interface.o
    0x080034f4   0x080034f4   0x00000008   Code   RO         1033    i.MCI_StopMotor     mc_interface.o
    0x080034fc   0x080034fc   0x00000006   Code   RO         1034    i.MCI_StopRamp      mc_interface.o
    0x08003502   0x08003502   0x00000002   PAD
    0x08003504   0x08003504   0x0000004c   Code   RO          938    i.MCM_Clarke        mc_math.o
    0x08003550   0x08003550   0x00000084   Code   RO          939    i.MCM_Park          mc_math.o
    0x080035d4   0x080035d4   0x00000036   Code   RO          940    i.MCM_Rev_Park      mc_math.o
    0x0800360a   0x0800360a   0x00000002   PAD
    0x0800360c   0x0800360c   0x00000018   Code   RO          942    i.MCM_Trig_Functions  mc_math.o
    0x08003624   0x08003624   0x00000044   Code   RO          611    i.MCP_Init          motor_control_protocol.o
    0x08003668   0x08003668   0x00000008   Code   RO          612    i.MCP_OnTimeOut     motor_control_protocol.o
    0x08003670   0x08003670   0x0000070c   Code   RO          613    i.MCP_ReceivedFrame  motor_control_protocol.o
    0x08003d7c   0x08003d7c   0x00000008   Code   RO          618    i.MCP_SentFrame     motor_control_protocol.o
    0x08003d84   0x08003d84   0x0000001a   Code   RO          619    i.MCP_WaitNextFrame  motor_control_protocol.o
    0x08003d9e   0x08003d9e   0x00000002   PAD
    0x08003da0   0x08003da0   0x0000000c   Code   RO          417    i.MC_GetSTMStateMotor1  mc_api.o
    0x08003dac   0x08003dac   0x00000020   Code   RO          738    i.MC_RunMotorControlTasks  mc_tasks.o
    0x08003dcc   0x08003dcc   0x00000040   Code   RO          739    i.MC_Scheduler      mc_tasks.o
    0x08003e0c   0x08003e0c   0x0000000c   Code   RO          427    i.MC_StartMotor1    mc_api.o
    0x08003e18   0x08003e18   0x0000000c   Code   RO          428    i.MC_StopMotor1     mc_api.o
    0x08003e24   0x08003e24   0x000001b8   Code   RO          740    i.MCboot            mc_tasks.o
    0x08003fdc   0x08003fdc   0x00000046   Code   RO         5681    i.MPM_CalcElMotorPower  motor_power_measurement.o
    0x08004022   0x08004022   0x0000001a   Code   RO         5682    i.MPM_Clear         motor_power_measurement.o
    0x0800403c   0x0800403c   0x00000006   Code   RO         5683    i.MPM_GetAvrgElMotorPowerW  motor_power_measurement.o
    0x08004042   0x08004042   0x00000002   PAD
    0x08004044   0x08004044   0x00000038   Code   RO          360    i.MX_MotorControl_Init  motorcontrol.o
    0x0800407c   0x0800407c   0x0000003a   Code   RO         5723    i.NTC_CalcAvTemp    ntc_temperature_sensor.o
    0x080040b6   0x080040b6   0x00000006   Code   RO         5725    i.NTC_Clear         ntc_temperature_sensor.o
    0x080040bc   0x080040bc   0x00000028   Code   RO         5726    i.NTC_GetAvTemp_C   ntc_temperature_sensor.o
    0x080040e4   0x080040e4   0x00000024   Code   RO         5728    i.NTC_Init          ntc_temperature_sensor.o
    0x08004108   0x08004108   0x00000018   Code   RO         5729    i.NTC_SetFaultState  ntc_temperature_sensor.o
    0x08004120   0x08004120   0x00000006   Code   RO         5834    i.PID_GetKD         pid_regulator.o
    0x08004126   0x08004126   0x00000006   Code   RO         5836    i.PID_GetKI         pid_regulator.o
    0x0800412c   0x0800412c   0x00000004   Code   RO         5837    i.PID_GetKIDivisor  pid_regulator.o
    0x08004130   0x08004130   0x00000006   Code   RO         5838    i.PID_GetKP         pid_regulator.o
    0x08004136   0x08004136   0x00000004   Code   RO         5839    i.PID_GetKPDivisor  pid_regulator.o
    0x0800413a   0x0800413a   0x00000014   Code   RO         5840    i.PID_HandleInit    pid_regulator.o
    0x0800414e   0x0800414e   0x00000004   Code   RO         5841    i.PID_SetIntegralTerm  pid_regulator.o
    0x08004152   0x08004152   0x00000004   Code   RO         5842    i.PID_SetKD         pid_regulator.o
    0x08004156   0x08004156   0x00000004   Code   RO         5844    i.PID_SetKI         pid_regulator.o
    0x0800415a   0x0800415a   0x00000004   Code   RO         5846    i.PID_SetKP         pid_regulator.o
    0x0800415e   0x0800415e   0x00000002   PAD
    0x08004160   0x08004160   0x00000080   Code   RO         5853    i.PI_Controller     pid_regulator.o
    0x080041e0   0x080041e0   0x00000060   Code   RO         5987    i.PQD_CalcElMotorPower  pqd_motor_power_measurement.o
    0x08004240   0x08004240   0x00000004   Code   RO         6011    i.PWMC_CheckOverCurrent  pwm_curr_fdbk.o
    0x08004244   0x08004244   0x00000042   Code   RO         6012    i.PWMC_CurrentReadingCalibr  pwm_curr_fdbk.o
    0x08004286   0x08004286   0x00000004   Code   RO         6013    i.PWMC_GetPhaseCurrents  pwm_curr_fdbk.o
    0x0800428a   0x0800428a   0x000001da   Code   RO         6031    i.PWMC_SetPhaseVoltage  pwm_curr_fdbk.o
    0x08004464   0x08004464   0x00000004   Code   RO         6032    i.PWMC_SwitchOffPWM  pwm_curr_fdbk.o
    0x08004468   0x08004468   0x000000e4   Code   RO         6955    i.R3_2_ADCxInit     r3_2_g4xx_pwm_curr_fdbk.o
    0x0800454c   0x0800454c   0x00000036   Code   RO         6956    i.R3_2_BRK2_IRQHandler  r3_2_g4xx_pwm_curr_fdbk.o
    0x08004582   0x08004582   0x0000001a   Code   RO         6957    i.R3_2_BRK_IRQHandler  r3_2_g4xx_pwm_curr_fdbk.o
    0x0800459c   0x0800459c   0x0000018c   Code   RO         6958    i.R3_2_CurrentReadingPolarization  r3_2_g4xx_pwm_curr_fdbk.o
    0x08004728   0x08004728   0x00000120   Code   RO         6959    i.R3_2_GetPhaseCurrents  r3_2_g4xx_pwm_curr_fdbk.o
    0x08004848   0x08004848   0x00000058   Code   RO         6960    i.R3_2_HFCurrentsPolarizationAB  r3_2_g4xx_pwm_curr_fdbk.o
    0x080048a0   0x080048a0   0x00000048   Code   RO         6961    i.R3_2_HFCurrentsPolarizationC  r3_2_g4xx_pwm_curr_fdbk.o
    0x080048e8   0x080048e8   0x0000026c   Code   RO         6962    i.R3_2_Init         r3_2_g4xx_pwm_curr_fdbk.o
    0x08004b54   0x08004b54   0x00000026   Code   RO         6963    i.R3_2_IsOverCurrentOccurred  r3_2_g4xx_pwm_curr_fdbk.o
    0x08004b7a   0x08004b7a   0x00000002   PAD
    0x08004b7c   0x08004b7c   0x000000ec   Code   RO         6964    i.R3_2_RLDetectionModeDisable  r3_2_g4xx_pwm_curr_fdbk.o
    0x08004c68   0x08004c68   0x000000bc   Code   RO         6965    i.R3_2_RLDetectionModeEnable  r3_2_g4xx_pwm_curr_fdbk.o
    0x08004d24   0x08004d24   0x00000068   Code   RO         6966    i.R3_2_RLDetectionModeSetDuty  r3_2_g4xx_pwm_curr_fdbk.o
    0x08004d8c   0x08004d8c   0x00000048   Code   RO         6967    i.R3_2_RLGetPhaseCurrents  r3_2_g4xx_pwm_curr_fdbk.o
    0x08004dd4   0x08004dd4   0x000000bc   Code   RO         6968    i.R3_2_RLSwitchOnPWM  r3_2_g4xx_pwm_curr_fdbk.o
    0x08004e90   0x08004e90   0x00000046   Code   RO         6969    i.R3_2_RLTurnOnLowSides  r3_2_g4xx_pwm_curr_fdbk.o
    0x08004ed6   0x08004ed6   0x00000002   PAD
    0x08004ed8   0x08004ed8   0x00000034   Code   RO         6970    i.R3_2_SetADCSampPointPolarization  r3_2_g4xx_pwm_curr_fdbk.o
    0x08004f0c   0x08004f0c   0x00000078   Code   RO         6971    i.R3_2_SetADCSampPointSectX  r3_2_g4xx_pwm_curr_fdbk.o
    0x08004f84   0x08004f84   0x00000080   Code   RO         6972    i.R3_2_SetAOReferenceVoltage  r3_2_g4xx_pwm_curr_fdbk.o
    0x08005004   0x08005004   0x0000005a   Code   RO         6973    i.R3_2_SwitchOffPWM  r3_2_g4xx_pwm_curr_fdbk.o
    0x0800505e   0x0800505e   0x000000b8   Code   RO         6974    i.R3_2_SwitchOnPWM  r3_2_g4xx_pwm_curr_fdbk.o
    0x08005116   0x08005116   0x0000008e   Code   RO         6975    i.R3_2_TIMx_UP_IRQHandler  r3_2_g4xx_pwm_curr_fdbk.o
    0x080051a4   0x080051a4   0x00000056   Code   RO         6976    i.R3_2_TurnOnLowSides  r3_2_g4xx_pwm_curr_fdbk.o
    0x080051fa   0x080051fa   0x00000002   PAD
    0x080051fc   0x080051fc   0x0000007c   Code   RO          872    i.RCM_ExecRegularConv  regular_conversion_manager.o
    0x08005278   0x08005278   0x00000044   Code   RO          873    i.RCM_ExecUserConv  regular_conversion_manager.o
    0x080052bc   0x080052bc   0x00000130   Code   RO          876    i.RCM_RegisterRegConv  regular_conversion_manager.o
    0x080053ec   0x080053ec   0x0000002c   Code   RO         6257    i.REMNG_Calc        ramp_ext_mngr.o
    0x08005418   0x08005418   0x00000082   Code   RO         6258    i.REMNG_ExecRamp    ramp_ext_mngr.o
    0x0800549a   0x0800549a   0x00000010   Code   RO         6260    i.REMNG_Init        ramp_ext_mngr.o
    0x080054aa   0x080054aa   0x0000000e   Code   RO         6261    i.REMNG_RampCompleted  ramp_ext_mngr.o
    0x080054b8   0x080054b8   0x00000088   Code   RO         6317    i.RUC_Clear         revup_ctrl.o
    0x08005540   0x08005540   0x0000006a   Code   RO         6319    i.RUC_Exec          revup_ctrl.o
    0x080055aa   0x080055aa   0x00000014   Code   RO         6320    i.RUC_FirstAccelerationStageReached  revup_ctrl.o
    0x080055be   0x080055be   0x00000006   Code   RO         6321    i.RUC_GetNumberOfPhases  revup_ctrl.o
    0x080055c4   0x080055c4   0x0000000c   Code   RO         6322    i.RUC_GetPhaseDurationms  revup_ctrl.o
    0x080055d0   0x080055d0   0x0000000e   Code   RO         6323    i.RUC_GetPhaseFinalMecSpeedUnit  revup_ctrl.o
    0x080055de   0x080055de   0x0000000e   Code   RO         6324    i.RUC_GetPhaseFinalTorque  revup_ctrl.o
    0x080055ec   0x080055ec   0x00000056   Code   RO         6326    i.RUC_Init          revup_ctrl.o
    0x08005642   0x08005642   0x0000000c   Code   RO         6328    i.RUC_SetPhaseDurationms  revup_ctrl.o
    0x0800564e   0x0800564e   0x0000000c   Code   RO         6329    i.RUC_SetPhaseFinalMecSpeedUnit  revup_ctrl.o
    0x0800565a   0x0800565a   0x0000000c   Code   RO         6330    i.RUC_SetPhaseFinalTorque  revup_ctrl.o
    0x08005666   0x08005666   0x00000002   PAD
    0x08005668   0x08005668   0x00000064   Code   RO         6209    i.RVBS_CalcAvVbus   r_divider_bus_voltage_sensor.o
    0x080056cc   0x080056cc   0x00000018   Code   RO         6211    i.RVBS_CheckFaultState  r_divider_bus_voltage_sensor.o
    0x080056e4   0x080056e4   0x0000002c   Code   RO         6212    i.RVBS_Clear        r_divider_bus_voltage_sensor.o
    0x08005710   0x08005710   0x00000016   Code   RO         6213    i.RVBS_Init         r_divider_bus_voltage_sensor.o
    0x08005726   0x08005726   0x00000006   Code   RO         6426    i.SPD_GetAvrgMecSpeedUnit  speed_pos_fdbk.o
    0x0800572c   0x0800572c   0x00000006   Code   RO         6427    i.SPD_GetElAngle    speed_pos_fdbk.o
    0x08005732   0x08005732   0x00000006   Code   RO         6430    i.SPD_GetInstElSpeedDpp  speed_pos_fdbk.o
    0x08005738   0x08005738   0x00000014   Code   RO         6432    i.SPD_GetS16Speed   speed_pos_fdbk.o
    0x0800574c   0x0800574c   0x00000060   Code   RO         6433    i.SPD_IsMecSpeedReliable  speed_pos_fdbk.o
    0x080057ac   0x080057ac   0x0000005c   Code   RO         6503    i.STC_CalcTorqueReference  speed_torq_ctrl.o
    0x08005808   0x08005808   0x00000010   Code   RO         6504    i.STC_Clear         speed_torq_ctrl.o
    0x08005818   0x08005818   0x00000092   Code   RO         6505    i.STC_ExecRamp      speed_torq_ctrl.o
    0x080058aa   0x080058aa   0x00000010   Code   RO         6506    i.STC_ForceSpeedReferenceToCurrentSpeed  speed_torq_ctrl.o
    0x080058ba   0x080058ba   0x00000010   Code   RO         6508    i.STC_GetDefaultIqdref  speed_torq_ctrl.o
    0x080058ca   0x080058ca   0x00000004   Code   RO         6509    i.STC_GetMaxAppPositiveMecSpeedUnit  speed_torq_ctrl.o
    0x080058ce   0x080058ce   0x0000000c   Code   RO         6510    i.STC_GetMecSpeedRefUnit  speed_torq_ctrl.o
    0x080058da   0x080058da   0x00000006   Code   RO         6511    i.STC_GetMecSpeedRefUnitDefault  speed_torq_ctrl.o
    0x080058e0   0x080058e0   0x00000006   Code   RO         6512    i.STC_GetMinAppNegativeMecSpeedUnit  speed_torq_ctrl.o
    0x080058e6   0x080058e6   0x00000004   Code   RO         6513    i.STC_GetSpeedSensor  speed_torq_ctrl.o
    0x080058ea   0x080058ea   0x0000000c   Code   RO         6514    i.STC_GetTorqueRef  speed_torq_ctrl.o
    0x080058f6   0x080058f6   0x00000020   Code   RO         6515    i.STC_Init          speed_torq_ctrl.o
    0x08005916   0x08005916   0x00000008   Code   RO         6517    i.STC_SetControlMode  speed_torq_ctrl.o
    0x0800591e   0x0800591e   0x00000004   Code   RO         6519    i.STC_SetSpeedSensor  speed_torq_ctrl.o
    0x08005922   0x08005922   0x00000008   Code   RO         6520    i.STC_StopRamp      speed_torq_ctrl.o
    0x0800592a   0x0800592a   0x00000016   Code   RO         6635    i.STM_FaultAcknowledged  state_machine.o
    0x08005940   0x08005940   0x00000036   Code   RO         6636    i.STM_FaultProcessing  state_machine.o
    0x08005976   0x08005976   0x0000000a   Code   RO         6637    i.STM_GetFaultState  state_machine.o
    0x08005980   0x08005980   0x00000004   Code   RO         6638    i.STM_GetState      state_machine.o
    0x08005984   0x08005984   0x0000000a   Code   RO         6639    i.STM_Init          state_machine.o
    0x0800598e   0x0800598e   0x000000fe   Code   RO         6640    i.STM_NextState     state_machine.o
    0x08005a8c   0x08005a8c   0x0000001c   Code   RO         6689    i.STO_GetPLLGains   sto_pll_speed_pos_fdbk.o
    0x08005aa8   0x08005aa8   0x0000000a   Code   RO         6690    i.STO_OTF_ResetPLL  sto_pll_speed_pos_fdbk.o
    0x08005ab2   0x08005ab2   0x0000004e   Code   RO         6692    i.STO_PLL_CalcAvrgElSpeedDpp  sto_pll_speed_pos_fdbk.o
    0x08005b00   0x08005b00   0x0000013e   Code   RO         6693    i.STO_PLL_CalcAvrgMecSpeedUnit  sto_pll_speed_pos_fdbk.o
    0x08005c3e   0x08005c3e   0x000001d2   Code   RO         6694    i.STO_PLL_CalcElAngle  sto_pll_speed_pos_fdbk.o
    0x08005e10   0x08005e10   0x0000007c   Code   RO         6695    i.STO_PLL_Clear     sto_pll_speed_pos_fdbk.o
    0x08005e8c   0x08005e8c   0x0000000a   Code   RO         6696    i.STO_PLL_ForceConvergency1  sto_pll_speed_pos_fdbk.o
    0x08005e96   0x08005e96   0x0000000a   Code   RO         6697    i.STO_PLL_ForceConvergency2  sto_pll_speed_pos_fdbk.o
    0x08005ea0   0x08005ea0   0x00000014   Code   RO         6698    i.STO_PLL_GetEstimatedBemf  sto_pll_speed_pos_fdbk.o
    0x08005eb4   0x08005eb4   0x00000006   Code   RO         6699    i.STO_PLL_GetEstimatedBemfLevel  sto_pll_speed_pos_fdbk.o
    0x08005eba   0x08005eba   0x00000018   Code   RO         6700    i.STO_PLL_GetEstimatedCurrent  sto_pll_speed_pos_fdbk.o
    0x08005ed2   0x08005ed2   0x00000006   Code   RO         6701    i.STO_PLL_GetObservedBemfLevel  sto_pll_speed_pos_fdbk.o
    0x08005ed8   0x08005ed8   0x0000000a   Code   RO         6702    i.STO_PLL_GetObserverGains  sto_pll_speed_pos_fdbk.o
    0x08005ee2   0x08005ee2   0x00000002   PAD
    0x08005ee4   0x08005ee4   0x00000060   Code   RO         6703    i.STO_PLL_Init      sto_pll_speed_pos_fdbk.o
    0x08005f44   0x08005f44   0x000000a6   Code   RO         6705    i.STO_PLL_IsObserverConverged  sto_pll_speed_pos_fdbk.o
    0x08005fea   0x08005fea   0x00000008   Code   RO         6706    i.STO_PLL_IsVarianceTight  sto_pll_speed_pos_fdbk.o
    0x08005ff2   0x08005ff2   0x00000006   Code   RO         6709    i.STO_PLL_SetObserverGains  sto_pll_speed_pos_fdbk.o
    0x08005ff8   0x08005ff8   0x00000008   Code   RO         6710    i.STO_ResetPLL      sto_pll_speed_pos_fdbk.o
    0x08006000   0x08006000   0x0000001a   Code   RO         6713    i.STO_SetPLLGains   sto_pll_speed_pos_fdbk.o
    0x0800601a   0x0800601a   0x00000002   PAD
    0x0800601c   0x0800601c   0x00000028   Code   RO         1232    i.SysTick_Handler   stm32g4xx_mc_it.o
    0x08006044   0x08006044   0x0000009c   Code   RO           14    i.SystemClock_Config  main.o
    0x080060e0   0x080060e0   0x0000001c   Code   RO         5545    i.SystemInit        system_stm32g4xx.o
    0x080060fc   0x080060fc   0x00000044   Code   RO         1233    i.TIM1_BRK_TIM15_IRQHandler  stm32g4xx_mc_it.o
    0x08006140   0x08006140   0x00000018   Code   RO         1234    i.TIM1_UP_TIM16_IRQHandler  stm32g4xx_mc_it.o
    0x08006158   0x08006158   0x000000b4   Code   RO         4121    i.TIM_Base_SetConfig  stm32g4xx_hal_tim.o
    0x0800620c   0x0800620c   0x00000090   Code   RO         4133    i.TIM_OC2_SetConfig  stm32g4xx_hal_tim.o
    0x0800629c   0x0800629c   0x000000f8   Code   RO         4134    i.TIM_SlaveTimer_SetConfig  stm32g4xx_hal_tim.o
    0x08006394   0x08006394   0x00000014   Code   RO          741    i.TSK_ChargeBootCapDelayHasElapsedM1  mc_tasks.o
    0x080063a8   0x080063a8   0x00000020   Code   RO          742    i.TSK_HardwareFaultTask  mc_tasks.o
    0x080063c8   0x080063c8   0x00000158   Code   RO          743    i.TSK_HighFrequencyTask  mc_tasks.o
    0x08006520   0x08006520   0x000002a4   Code   RO          744    i.TSK_MediumFrequencyTaskM1  mc_tasks.o
    0x080067c4   0x080067c4   0x00000020   Code   RO          745    i.TSK_SafetyTask    mc_tasks.o
    0x080067e4   0x080067e4   0x00000098   Code   RO          746    i.TSK_SafetyTask_PWMOFF  mc_tasks.o
    0x0800687c   0x0800687c   0x0000000c   Code   RO          747    i.TSK_SetChargeBootCapDelayM1  mc_tasks.o
    0x08006888   0x08006888   0x0000000c   Code   RO          748    i.TSK_SetStopPermanencyTimeM1  mc_tasks.o
    0x08006894   0x08006894   0x00000014   Code   RO          749    i.TSK_StopPermanencyTimeHasElapsedM1  mc_tasks.o
    0x080068a8   0x080068a8   0x000000da   Code   RO         5128    i.UART_AdvFeatureConfig  stm32g4xx_hal_uart.o
    0x08006982   0x08006982   0x00000062   Code   RO         5129    i.UART_CheckIdleState  stm32g4xx_hal_uart.o
    0x080069e4   0x080069e4   0x000008b2   Code   RO         5144    i.UART_SetConfig    stm32g4xx_hal_uart.o
    0x08007296   0x08007296   0x00000076   Code   RO         5149    i.UART_WaitOnFlagUntilTimeout  stm32g4xx_hal_uart.o
    0x0800730c   0x0800730c   0x00000008   Code   RO         7254    i.UFCP_AbortReceive  usart_frame_communication_protocol.o
    0x08007314   0x08007314   0x00000004   Code   RO         7255    i.UFCP_Init         usart_frame_communication_protocol.o
    0x08007318   0x08007318   0x00000014   Code   RO         7256    i.UFCP_OVR_IRQ_Handler  usart_frame_communication_protocol.o
    0x0800732c   0x0800732c   0x000000c0   Code   RO         7257    i.UFCP_RX_IRQ_Handler  usart_frame_communication_protocol.o
    0x080073ec   0x080073ec   0x00000028   Code   RO         7258    i.UFCP_Receive      usart_frame_communication_protocol.o
    0x08007414   0x08007414   0x00000056   Code   RO         7259    i.UFCP_Send         usart_frame_communication_protocol.o
    0x0800746a   0x0800746a   0x00000064   Code   RO         7261    i.UFCP_TX_IRQ_Handler  usart_frame_communication_protocol.o
    0x080074ce   0x080074ce   0x0000000a   Code   RO         1427    i.UI_DACExec        user_interface.o
    0x080074d8   0x080074d8   0x0000000a   Code   RO         1428    i.UI_DACInit        user_interface.o
    0x080074e2   0x080074e2   0x00000002   PAD
    0x080074e4   0x080074e4   0x00000020   Code   RO         1325    i.UI_DACUpdate      ui_task.o
    0x08007504   0x08007504   0x0000006e   Code   RO         1429    i.UI_ExecCmd        user_interface.o
    0x08007572   0x08007572   0x00000002   PAD
    0x08007574   0x08007574   0x00000030   Code   RO         1430    i.UI_ExecSpeedRamp  user_interface.o
    0x080075a4   0x080075a4   0x00000014   Code   RO         1431    i.UI_ExecTorqueRamp  user_interface.o
    0x080075b8   0x080075b8   0x00000010   Code   RO         1432    i.UI_GetDAC         user_interface.o
    0x080075c8   0x080075c8   0x00000004   Code   RO         1433    i.UI_GetMPInfo      user_interface.o
    0x080075cc   0x080075cc   0x0000059c   Code   RO         1434    i.UI_GetReg         user_interface.o
    0x08007b68   0x08007b68   0x0000004a   Code   RO         1435    i.UI_GetRevupData   user_interface.o
    0x08007bb2   0x08007bb2   0x00000006   Code   RO         1436    i.UI_GetSelectedMC  user_interface.o
    0x08007bb8   0x08007bb8   0x00000018   Code   RO         1326    i.UI_HandleStartStopButton_cb  ui_task.o
    0x08007bd0   0x08007bd0   0x00000016   Code   RO         1438    i.UI_Init           user_interface.o
    0x08007be6   0x08007be6   0x00000002   PAD
    0x08007be8   0x08007be8   0x0000002c   Code   RO         1328    i.UI_Scheduler      ui_task.o
    0x08007c14   0x08007c14   0x00000012   Code   RO         1439    i.UI_SelectMC       user_interface.o
    0x08007c26   0x08007c26   0x00000002   PAD
    0x08007c28   0x08007c28   0x0000000c   Code   RO         1331    i.UI_SerialCommunicationTimeOutStart  ui_task.o
    0x08007c34   0x08007c34   0x0000000c   Code   RO         1332    i.UI_SerialCommunicationTimeOutStop  ui_task.o
    0x08007c40   0x08007c40   0x0000001a   Code   RO         1440    i.UI_SetCurrentReferences  user_interface.o
    0x08007c5a   0x08007c5a   0x0000000a   Code   RO         1441    i.UI_SetDAC         user_interface.o
    0x08007c64   0x08007c64   0x00000248   Code   RO         1442    i.UI_SetReg         user_interface.o
    0x08007eac   0x08007eac   0x00000038   Code   RO         1443    i.UI_SetRevupData   user_interface.o
    0x08007ee4   0x08007ee4   0x000000b0   Code   RO         1334    i.UI_TaskInit       ui_task.o
    0x08007f94   0x08007f94   0x00000068   Code   RO         1235    i.USART2_IRQHandler  stm32g4xx_mc_it.o
    0x08007ffc   0x08007ffc   0x0000000a   Code   RO         5583    i.VBS_GetAvBusVoltage_V  bus_voltage_sensor.o
    0x08008006   0x08008006   0x00000004   Code   RO         5584    i.VBS_GetAvBusVoltage_d  bus_voltage_sensor.o
    0x0800800a   0x0800800a   0x0000009c   Code   RO         6857    i.VSS_CalcAvrgMecSpeedUnit  virtual_speed_sensor.o
    0x080080a6   0x080080a6   0x0000009e   Code   RO         6858    i.VSS_CalcElAngle   virtual_speed_sensor.o
    0x08008144   0x08008144   0x0000002c   Code   RO         6859    i.VSS_Clear         virtual_speed_sensor.o
    0x08008170   0x08008170   0x00000008   Code   RO         6861    i.VSS_Init          virtual_speed_sensor.o
    0x08008178   0x08008178   0x0000007c   Code   RO         6866    i.VSS_SetMecAcceleration  virtual_speed_sensor.o
    0x080081f4   0x080081f4   0x0000000e   Code   RO         6867    i.VSS_SetMecAngle   virtual_speed_sensor.o
    0x08008202   0x08008202   0x0000001c   Code   RO         6868    i.VSS_SetStartTransition  virtual_speed_sensor.o
    0x0800821e   0x0800821e   0x00000006   Code   RO         6869    i.VSS_TransitionEnded  virtual_speed_sensor.o
    0x08008224   0x08008224   0x0000000e   Code   RO         7357    i.__scatterload_copy  mc_w.l(handlers.o)
    0x08008232   0x08008232   0x00000002   Code   RO         7358    i.__scatterload_null  mc_w.l(handlers.o)
    0x08008234   0x08008234   0x0000000e   Code   RO         7359    i.__scatterload_zeroinit  mc_w.l(handlers.o)
    0x08008242   0x08008242   0x00000002   PAD
    0x08008244   0x08008244   0x00000028   Code   RO         6263    i.getScalingFactor  ramp_ext_mngr.o
    0x0800826c   0x0800826c   0x00000584   Code   RO           15    i.main              main.o
    0x080087f0   0x080087f0   0x000000c8   Code   RO          750    i.mc_lock_pins      mc_tasks.o
    0x080088b8   0x080088b8   0x0000006c   Code   RO         6173    i.startTimers       pwm_common.o
    0x08008924   0x08008924   0x00000066   Code   RO         6174    i.waitForPolarizationEnd  pwm_common.o
    0x0800898a   0x0800898a   0x00000020   Data   RO          361    .constdata          motorcontrol.o
    0x080089aa   0x080089aa   0x00000002   PAD
    0x080089ac   0x080089ac   0x00000002   Data   RO          752    .constdata          mc_tasks.o
    0x080089ae   0x080089ae   0x00000002   PAD
    0x080089b0   0x080089b0   0x0000006c   Data   RO         1299    .constdata          mc_parameters.o
    0x08008a1c   0x08008a1c   0x000000c4   Data   RO         1300    .constdata          mc_parameters.o
    0x08008ae0   0x08008ae0   0x00000010   Data   RO         5546    .constdata          system_stm32g4xx.o
    0x08008af0   0x08008af0   0x00000008   Data   RO         5547    .constdata          system_stm32g4xx.o
    0x08008af8   0x08008af8   0x00000014   Data   RO         6978    .constdata          r3_2_g4xx_pwm_curr_fdbk.o
    0x08008b0c   0x08008b0c   0x00000006   Data   RO         7262    .constdata          usart_frame_communication_protocol.o
    0x08008b12   0x08008b12   0x00000002   PAD
    0x08008b14   0x08008b14   0x00000020   Data   RO         7355    Region$$Table       anon$$obj.o


    Execution Region RW_IRAM1 (Exec base: 0x20000000, Load base: 0x08008b34, Size: 0x00000f58, Max: 0x00008000, ABSOLUTE, COMPRESSED[0x00000200])

    Exec Addr    Load Addr    Size         Type   Attr      Idx    E Section Name        Object

    0x20000000   COMPRESSED   0x0000000c   Data   RW          362    .data               motorcontrol.o
    0x2000000c   COMPRESSED   0x00000008   Data   RW          620    .data               motor_control_protocol.o
    0x20000014   COMPRESSED   0x00000114   Data   RW          687    .data               mc_config.o
    0x20000128   COMPRESSED   0x0000002c   Data   RW          689    .data               mc_config.o
    0x20000154   COMPRESSED   0x0000002c   Data   RW          690    .data               mc_config.o
    0x20000180   COMPRESSED   0x0000002c   Data   RW          691    .data               mc_config.o
    0x200001ac   COMPRESSED   0x00000034   Data   RW          692    .data               mc_config.o
    0x200001e0   COMPRESSED   0x00000078   Data   RW          693    .data               mc_config.o
    0x20000258   COMPRESSED   0x00000078   Data   RW          694    .data               mc_config.o
    0x200002d0   COMPRESSED   0x00000038   Data   RW          695    .data               mc_config.o
    0x20000308   COMPRESSED   0x00000128   Data   RW          696    .data               mc_config.o
    0x20000430   COMPRESSED   0x00000014   Data   RW          698    .data               mc_config.o
    0x20000444   COMPRESSED   0x00000028   Data   RW          699    .data               mc_config.o
    0x2000046c   COMPRESSED   0x00000028   Data   RW          700    .data               mc_config.o
    0x20000494   COMPRESSED   0x00000030   Data   RW          701    .data               mc_config.o
    0x200004c4   COMPRESSED   0x0000003c   Data   RW          702    .data               mc_config.o
    0x20000500   COMPRESSED   0x00000018   Data   RW          703    .data               mc_config.o
    0x20000518   COMPRESSED   0x000000b4   Data   RW          704    .data               mc_config.o
    0x200005cc   COMPRESSED   0x0000013c   Data   RW          705    .data               mc_config.o
    0x20000708   COMPRESSED   0x0000003a   Data   RW          753    .data               mc_tasks.o
    0x20000742   COMPRESSED   0x00000004   Data   RW          880    .data               regular_conversion_manager.o
    0x20000746   COMPRESSED   0x00000001   Data   RW         1236    .data               stm32g4xx_mc_it.o
    0x20000747   COMPRESSED   0x00000001   PAD
    0x20000748   COMPRESSED   0x00000010   Data   RW         1336    .data               ui_task.o
    0x20000758   COMPRESSED   0x00000004   Data   RW         1621    .data               stm32g4xx_hal_msp.o
    0x2000075c   COMPRESSED   0x0000000c   Data   RW         2133    .data               stm32g4xx_hal.o
    0x20000768   COMPRESSED   0x00000004   Data   RW         5548    .data               system_stm32g4xx.o
    0x2000076c        -       0x0000024c   Zero   RW           16    .bss                main.o
    0x200009b8        -       0x0000000c   Zero   RW          686    .bss                mc_config.o
    0x200009c4        -       0x00000098   Zero   RW          751    .bss                mc_tasks.o
    0x20000a5c        -       0x00000030   Zero   RW          879    .bss                regular_conversion_manager.o
    0x20000a8c        -       0x000000cc   Zero   RW         1335    .bss                ui_task.o
    0x20000b58        -       0x00000400   Zero   RW            1    STACK               startup_stm32g431xx.o


==============================================================================

Image component sizes


      Code (inc. data)   RO Data    RW Data    ZI Data      Debug   Object Name

        14          0          0          0          0       1756   bus_voltage_sensor.o
        86          0          0          0          0       1412   circle_limitation.o
        34          0          0          0          0       3258   dac_common_ui.o
        68         14          0          0          0      17246   dac_ui.o
         0          0          0          0          0       4212   digital_output.o
       102          0          0          0          0       2757   frame_communication_protocol.o
      1568        108          0          0        588     752412   main.o
        36         12          0          0          0       1456   mc_api.o
         0          0          0       1780         12       1749   mc_config.o
       418          0          0          0          0      14510   mc_interface.o
       286         22          0          0          0       8620   mc_math.o
         0          0        304          0          0        287   mc_parameters.o
      2198        290          2         58        152      18486   mc_tasks.o
      1914        644          0          8          0       6608   motor_control_protocol.o
       102          0          0          0          0       2602   motor_power_measurement.o
        56          8         32         12          0       1343   motorcontrol.o
       164          0          0          0          0       3986   ntc_temperature_sensor.o
       190          6          0          0          0       7865   pid_regulator.o
        96          6          0          0          0       1275   pqd_motor_power_measurement.o
       210          8          0          0          0      53023   pwm_common.o
       552          0          0          0          0       4835   pwm_curr_fdbk.o
      3714        140         20          0          0     176015   r3_2_g4xx_pwm_curr_fdbk.o
       190          0          0          0          0       3642   r_divider_bus_voltage_sensor.o
       244          0          0          0          0       4504   ramp_ext_mngr.o
       496         30          0          4         48      69396   regular_conversion_manager.o
       430          0          0          0          0       8396   revup_ctrl.o
       134          0          0          0          0       4134   speed_pos_fdbk.o
       382          0          0          0          0      11093   speed_torq_ctrl.o
        36          8        472          0       1024        848   startup_stm32g431xx.o
       354         22          0          0          0       4956   state_machine.o
       166         26          0         12          0       4417   stm32g4xx_hal.o
      1804         58          0          0          0      71323   stm32g4xx_hal_adc.o
      1740         48          0          0          0      70833   stm32g4xx_hal_adc_ex.o
       396         34          0          0          0       6232   stm32g4xx_hal_comp.o
        52          0          0          0          0       1262   stm32g4xx_hal_cordic.o
       220         16          0          0          0      34731   stm32g4xx_hal_cortex.o
       512         10          0          0          0       2599   stm32g4xx_hal_dac.o
       548         20          0          0          0       1732   stm32g4xx_hal_gpio.o
       872         70          0          4          0       6502   stm32g4xx_hal_msp.o
       192         12          0          0          0        874   stm32g4xx_hal_pwr_ex.o
      1942         90          0          0          0       6706   stm32g4xx_hal_rcc.o
       708          8          0          0          0       1900   stm32g4xx_hal_rcc_ex.o
      1648         64          0          0          0       9685   stm32g4xx_hal_tim.o
       512         10          0          0          0       3641   stm32g4xx_hal_tim_ex.o
      2770         40          0          0          0       6075   stm32g4xx_hal_uart.o
       590         38          0          0          0       4565   stm32g4xx_hal_uart_ex.o
       390         44          0          1          0      75696   stm32g4xx_mc_it.o
      1420          6          0          0          0      17265   sto_pll_speed_pos_fdbk.o
        28          8         24          4          0       1171   system_stm32g4xx.o
       300         48          0         16        204       4209   ui_task.o
       450         14          6          0          0      31898   usart_frame_communication_protocol.o
      2450        114          0          0          0      17874   user_interface.o
       538          0          0          0          0       6830   virtual_speed_sensor.o

    ----------------------------------------------------------------------
     34368       2096        898       1900       2028    1580702   Object Totals
         0          0         32          0          0          0   (incl. Generated)
        46          0          6          1          0          0   (incl. Padding)

    ----------------------------------------------------------------------

      Code (inc. data)   RO Data    RW Data    ZI Data      Debug   Library Member Name

        86          0          0          0          0          0   __dczerorl2.o
         0          0          0          0          0          0   entry.o
         0          0          0          0          0          0   entry10a.o
         0          0          0          0          0          0   entry11a.o
         8          4          0          0          0          0   entry2.o
         4          0          0          0          0          0   entry5.o
         0          0          0          0          0          0   entry7b.o
         0          0          0          0          0          0   entry8b.o
         8          4          0          0          0          0   entry9a.o
        30          0          0          0          0          0   handlers.o
        36          8          0          0          0         68   init.o
        30          0          0          0          0         68   llshl.o
        32          0          0          0          0         68   llushr.o
        36          0          0          0          0        108   memseta.o
        98          0          0          0          0         92   uldiv.o

    ----------------------------------------------------------------------
       370         16          0          0          0        404   Library Totals
         2          0          0          0          0          0   (incl. Padding)

    ----------------------------------------------------------------------

      Code (inc. data)   RO Data    RW Data    ZI Data      Debug   Library Name

       368         16          0          0          0        404   mc_w.l

    ----------------------------------------------------------------------
       370         16          0          0          0        404   Library Totals

    ----------------------------------------------------------------------

==============================================================================


      Code (inc. data)   RO Data    RW Data    ZI Data      Debug   

     34738       2112        898       1900       2028    1553086   Grand Totals
     34738       2112        898        512       2028    1553086   ELF Image Totals (compressed)
     34738       2112        898        512          0          0   ROM Totals

==============================================================================

    Total RO  Size (Code + RO Data)                35636 (  34.80kB)
    Total RW  Size (RW Data + ZI Data)              3928 (   3.84kB)
    Total ROM Size (Code + RO Data + RW Data)      36148 (  35.30kB)

==============================================================================

